Archive member included to satisfy reference by file (symbol)

C:/ST/STM32CubeIDE_1.18.0/STM32CubeIDE/plugins/com.st.stm32cube.ide.mcu.externaltools.gnu-tools-for-stm32.13.3.rel1.win32_1.0.0.202411081344/tools/bin/../lib/gcc/arm-none-eabi/13.3.1/../../../../arm-none-eabi/lib/thumb/v7e-m+fp/hard\libc_nano.a(libc_a-exit.o)
                              C:/ST/STM32CubeIDE_1.18.0/STM32CubeIDE/plugins/com.st.stm32cube.ide.mcu.externaltools.gnu-tools-for-stm32.13.3.rel1.win32_1.0.0.202411081344/tools/bin/../lib/gcc/arm-none-eabi/13.3.1/../../../../arm-none-eabi/lib/thumb/v7e-m+fp/hard/crt0.o (exit)
C:/ST/STM32CubeIDE_1.18.0/STM32CubeIDE/plugins/com.st.stm32cube.ide.mcu.externaltools.gnu-tools-for-stm32.13.3.rel1.win32_1.0.0.202411081344/tools/bin/../lib/gcc/arm-none-eabi/13.3.1/../../../../arm-none-eabi/lib/thumb/v7e-m+fp/hard\libc_nano.a(libc_a-findfp.o)
                              C:/ST/STM32CubeIDE_1.18.0/STM32CubeIDE/plugins/com.st.stm32cube.ide.mcu.externaltools.gnu-tools-for-stm32.13.3.rel1.win32_1.0.0.202411081344/tools/bin/../lib/gcc/arm-none-eabi/13.3.1/../../../../arm-none-eabi/lib/thumb/v7e-m+fp/hard\libc_nano.a(libc_a-exit.o) (__stdio_exit_handler)
C:/ST/STM32CubeIDE_1.18.0/STM32CubeIDE/plugins/com.st.stm32cube.ide.mcu.externaltools.gnu-tools-for-stm32.13.3.rel1.win32_1.0.0.202411081344/tools/bin/../lib/gcc/arm-none-eabi/13.3.1/../../../../arm-none-eabi/lib/thumb/v7e-m+fp/hard\libc_nano.a(libc_a-fwalk.o)
                              C:/ST/STM32CubeIDE_1.18.0/STM32CubeIDE/plugins/com.st.stm32cube.ide.mcu.externaltools.gnu-tools-for-stm32.13.3.rel1.win32_1.0.0.202411081344/tools/bin/../lib/gcc/arm-none-eabi/13.3.1/../../../../arm-none-eabi/lib/thumb/v7e-m+fp/hard\libc_nano.a(libc_a-findfp.o) (_fwalk_sglue)
C:/ST/STM32CubeIDE_1.18.0/STM32CubeIDE/plugins/com.st.stm32cube.ide.mcu.externaltools.gnu-tools-for-stm32.13.3.rel1.win32_1.0.0.202411081344/tools/bin/../lib/gcc/arm-none-eabi/13.3.1/../../../../arm-none-eabi/lib/thumb/v7e-m+fp/hard\libc_nano.a(libc_a-stdio.o)
                              C:/ST/STM32CubeIDE_1.18.0/STM32CubeIDE/plugins/com.st.stm32cube.ide.mcu.externaltools.gnu-tools-for-stm32.13.3.rel1.win32_1.0.0.202411081344/tools/bin/../lib/gcc/arm-none-eabi/13.3.1/../../../../arm-none-eabi/lib/thumb/v7e-m+fp/hard\libc_nano.a(libc_a-findfp.o) (__sread)
C:/ST/STM32CubeIDE_1.18.0/STM32CubeIDE/plugins/com.st.stm32cube.ide.mcu.externaltools.gnu-tools-for-stm32.13.3.rel1.win32_1.0.0.202411081344/tools/bin/../lib/gcc/arm-none-eabi/13.3.1/../../../../arm-none-eabi/lib/thumb/v7e-m+fp/hard\libc_nano.a(libc_a-memset.o)
                              C:/ST/STM32CubeIDE_1.18.0/STM32CubeIDE/plugins/com.st.stm32cube.ide.mcu.externaltools.gnu-tools-for-stm32.13.3.rel1.win32_1.0.0.202411081344/tools/bin/../lib/gcc/arm-none-eabi/13.3.1/../../../../arm-none-eabi/lib/thumb/v7e-m+fp/hard/crt0.o (memset)
C:/ST/STM32CubeIDE_1.18.0/STM32CubeIDE/plugins/com.st.stm32cube.ide.mcu.externaltools.gnu-tools-for-stm32.13.3.rel1.win32_1.0.0.202411081344/tools/bin/../lib/gcc/arm-none-eabi/13.3.1/../../../../arm-none-eabi/lib/thumb/v7e-m+fp/hard\libc_nano.a(libc_a-closer.o)
                              C:/ST/STM32CubeIDE_1.18.0/STM32CubeIDE/plugins/com.st.stm32cube.ide.mcu.externaltools.gnu-tools-for-stm32.13.3.rel1.win32_1.0.0.202411081344/tools/bin/../lib/gcc/arm-none-eabi/13.3.1/../../../../arm-none-eabi/lib/thumb/v7e-m+fp/hard\libc_nano.a(libc_a-stdio.o) (_close_r)
C:/ST/STM32CubeIDE_1.18.0/STM32CubeIDE/plugins/com.st.stm32cube.ide.mcu.externaltools.gnu-tools-for-stm32.13.3.rel1.win32_1.0.0.202411081344/tools/bin/../lib/gcc/arm-none-eabi/13.3.1/../../../../arm-none-eabi/lib/thumb/v7e-m+fp/hard\libc_nano.a(libc_a-reent.o)
                              C:/ST/STM32CubeIDE_1.18.0/STM32CubeIDE/plugins/com.st.stm32cube.ide.mcu.externaltools.gnu-tools-for-stm32.13.3.rel1.win32_1.0.0.202411081344/tools/bin/../lib/gcc/arm-none-eabi/13.3.1/../../../../arm-none-eabi/lib/thumb/v7e-m+fp/hard\libc_nano.a(libc_a-closer.o) (errno)
C:/ST/STM32CubeIDE_1.18.0/STM32CubeIDE/plugins/com.st.stm32cube.ide.mcu.externaltools.gnu-tools-for-stm32.13.3.rel1.win32_1.0.0.202411081344/tools/bin/../lib/gcc/arm-none-eabi/13.3.1/../../../../arm-none-eabi/lib/thumb/v7e-m+fp/hard\libc_nano.a(libc_a-impure.o)
                              C:/ST/STM32CubeIDE_1.18.0/STM32CubeIDE/plugins/com.st.stm32cube.ide.mcu.externaltools.gnu-tools-for-stm32.13.3.rel1.win32_1.0.0.202411081344/tools/bin/../lib/gcc/arm-none-eabi/13.3.1/../../../../arm-none-eabi/lib/thumb/v7e-m+fp/hard\libc_nano.a(libc_a-reent.o) (_impure_ptr)
C:/ST/STM32CubeIDE_1.18.0/STM32CubeIDE/plugins/com.st.stm32cube.ide.mcu.externaltools.gnu-tools-for-stm32.13.3.rel1.win32_1.0.0.202411081344/tools/bin/../lib/gcc/arm-none-eabi/13.3.1/../../../../arm-none-eabi/lib/thumb/v7e-m+fp/hard\libc_nano.a(libc_a-lseekr.o)
[...]
Memory Configuration

Name             Origin             Length             Attributes
CCMRAM           0x10000000         0x00004000         xrw
RAM              0x20000000         0x00010000         xrw
FLASH            0x08000000         0x00080000         xr
*default*        0x00000000         0xffffffff

Linker script and memory map

LOAD C:/ST/STM32CubeIDE_1.18.0/STM32CubeIDE/plugins/com.st.stm32cube.ide.mcu.externaltools.gnu-tools-for-stm32.13.3.rel1.win32_1.0.0.202411081344/tools/bin/../lib/gcc/arm-none-eabi/13.3.1/thumb/v7e-m+fp/hard/crti.o
LOAD C:/ST/STM32CubeIDE_1.18.0/STM32CubeIDE/plugins/com.st.stm32cube.ide.mcu.externaltools.gnu-tools-for-stm32.13.3.rel1.win32_1.0.0.202411081344/tools/bin/../lib/gcc/arm-none-eabi/13.3.1/thumb/v7e-m+fp/hard/crtbegin.o
LOAD C:/ST/STM32CubeIDE_1.18.0/STM32CubeIDE/plugins/com.st.stm32cube.ide.mcu.externaltools.gnu-tools-for-stm32.13.3.rel1.win32_1.0.0.202411081344/tools/bin/../lib/gcc/arm-none-eabi/13.3.1/../../../../arm-none-eabi/lib/thumb/v7e-m+fp/hard/crt0.o
LOAD ./Core/Src/main.o
LOAD ./Core/Src/stm32f3xx_hal_msp.o
LOAD ./Core/Src/stm32f3xx_it.o
LOAD ./Core/Src/syscalls.o
LOAD ./Core/Src/sysmem.o
LOAD ./Core/Src/system_stm32f3xx.o
LOAD ./Core/Startup/startup_stm32f303retx.o
LOAD ./Drivers/STM32F3xx_HAL_Driver/Src/stm32f3xx_hal.o
LOAD ./Drivers/STM32F3xx_HAL_Driver/Src/stm32f3xx_hal_adc.o
LOAD ./Drivers/STM32F3xx_HAL_Driver/Src/stm32f3xx_hal_adc_ex.o
LOAD ./Drivers/STM32F3xx_HAL_Driver/Src/stm32f3xx_hal_cortex.o
LOAD ./Drivers/STM32F3xx_HAL_Driver/Src/stm32f3xx_hal_dac.o
LOAD ./Drivers/STM32F3xx_HAL_Driver/Src/stm32f3xx_hal_dac_ex.o
LOAD ./Drivers/STM32F3xx_HAL_Driver/Src/stm32f3xx_hal_dma.o
LOAD ./Drivers/STM32F3xx_HAL_Driver/Src/stm32f3xx_hal_exti.o
LOAD ./Drivers/STM32F3xx_HAL_Driver/Src/stm32f3xx_hal_flash.o
LOAD ./Drivers/STM32F3xx_HAL_Driver/Src/stm32f3xx_hal_flash_ex.o
LOAD ./Drivers/STM32F3xx_HAL_Driver/Src/stm32f3xx_hal_gpio.o
LOAD ./Drivers/STM32F3xx_HAL_Driver/Src/stm32f3xx_hal_i2c.o
LOAD ./Drivers/STM32F3xx_HAL_Driver/Src/stm32f3xx_hal_i2c_ex.o
LOAD ./Drivers/STM32F3xx_HAL_Driver/Src/stm32f3xx_hal_pwr.o
LOAD ./Drivers/STM32F3xx_HAL_Driver/Src/stm32f3xx_hal_pwr_ex.o
LOAD ./Drivers/STM32F3xx_HAL_Driver/Src/stm32f3xx_hal_rcc.o
LOAD ./Drivers/STM32F3xx_HAL_Driver/Src/stm32f3xx_hal_rcc_ex.o
LOAD ./Drivers/STM32F3xx_HAL_Driver/Src/stm32f3xx_hal_tim.o
LOAD ./Drivers/STM32F3xx_HAL_Driver/Src/stm32f3xx_hal_tim_ex.o
START GROUP
LOAD C:/ST/STM32CubeIDE_1.18.0/STM32CubeIDE/plugins/com.st.stm32cube.ide.mcu.externaltools.gnu-tools-for-stm32.13.3.rel1.win32_1.0.0.202411081344/tools/bin/../lib/gcc/arm-none-eabi/13.3.1/../../../../arm-none-eabi/lib/thumb/v7e-m+fp/hard\libc_nano.a
LOAD C:/ST/STM32CubeIDE_1.18.0/STM32CubeIDE/plugins/com.st.stm32cube.ide.mcu.externaltools.gnu-tools-for-stm32.13.3.rel1.win32_1.0.0.202411081344/tools/bin/../lib/gcc/arm-none-eabi/13.3.1/../../../../arm-none-eabi/lib/thumb/v7e-m+fp/hard\libm.a
END GROUP
START GROUP
LOAD C:/ST/STM32CubeIDE_1.18.0/STM32CubeIDE/plugins/com.st.stm32cube.ide.mcu.externaltools.gnu-tools-for-stm32.13.3.rel1.win32_1.0.0.202411081344/tools/bin/../lib/gcc/arm-none-eabi/13.3.1/thumb/v7e-m+fp/hard\libgcc.a
LOAD C:/ST/STM32CubeIDE_1.18.0/STM32CubeIDE/plugins/com.st.stm32cube.ide.mcu.externaltools.gnu-tools-for-stm32.13.3.rel1.win32_1.0.0.202411081344/tools/bin/../lib/gcc/arm-none-eabi/13.3.1/../../../../arm-none-eabi/lib/thumb/v7e-m+fp/hard\libc_nano.a
END GROUP
START GROUP
LOAD C:/ST/STM32CubeIDE_1.18.0/STM32CubeIDE/plugins/com.st.stm32cube.ide.mcu.externaltools.gnu-tools-for-stm32.13.3.rel1.win32_1.0.0.202411081344/tools/bin/../lib/gcc/arm-none-eabi/13.3.1/thumb/v7e-m+fp/hard\libgcc.a
LOAD C:/ST/STM32CubeIDE_1.18.0/STM32CubeIDE/plugins/com.st.stm32cube.ide.mcu.externaltools.gnu-tools-for-stm32.13.3.rel1.win32_1.0.0.202411081344/tools/bin/../lib/gcc/arm-none-eabi/13.3.1/../../../../arm-none-eabi/lib/thumb/v7e-m+fp/hard\libc_nano.a
LOAD C:/ST/STM32CubeIDE_1.18.0/STM32CubeIDE/plugins/com.st.stm32cube.ide.mcu.externaltools.gnu-tools-for-stm32.13.3.rel1.win32_1.0.0.202411081344/tools/bin/../lib/gcc/arm-none-eabi/13.3.1/../../../../arm-none-eabi/lib/thumb/v7e-m+fp/hard\libnosys.a
END GROUP
START GROUP
LOAD C:/ST/STM32CubeIDE_1.18.0/STM32CubeIDE/plugins/com.st.stm32cube.ide.mcu.externaltools.gnu-tools-for-stm32.13.3.rel1.win32_1.0.0.202411081344/tools/bin/../lib/gcc/arm-none-eabi/13.3.1/thumb/v7e-m+fp/hard\libgcc.a
LOAD C:/ST/STM32CubeIDE_1.18.0/STM32CubeIDE/plugins/com.st.stm32cube.ide.mcu.externaltools.gnu-tools-for-stm32.13.3.rel1.win32_1.0.0.202411081344/tools/bin/../lib/gcc/arm-none-eabi/13.3.1/../../../../arm-none-eabi/lib/thumb/v7e-m+fp/hard\libc_nano.a
LOAD C:/ST/STM32CubeIDE_1.18.0/STM32CubeIDE/plugins/com.st.stm32cube.ide.mcu.externaltools.gnu-tools-for-stm32.13.3.rel1.win32_1.0.0.202411081344/tools/bin/../lib/gcc/arm-none-eabi/13.3.1/../../../../arm-none-eabi/lib/thumb/v7e-m+fp/hard\libnosys.a
END GROUP
LOAD C:/ST/STM32CubeIDE_1.18.0/STM32CubeIDE/plugins/com.st.stm32cube.ide.mcu.externaltools.gnu-tools-for-stm32.13.3.rel1.win32_1.0.0.202411081344/tools/bin/../lib/gcc/arm-none-eabi/13.3.1/thumb/v7e-m+fp/hard/crtend.o
LOAD C:/ST/STM32CubeIDE_1.18.0/STM32CubeIDE/plugins/com.st.stm32cube.ide.mcu.externaltools.gnu-tools-for-stm32.13.3.rel1.win32_1.0.0.202411081344/tools/bin/../lib/gcc/arm-none-eabi/13.3.1/thumb/v7e-m+fp/hard/crtn.o
                0x20010000                        _estack = (ORIGIN (RAM) + LENGTH (RAM))
                0x00000200                        _Min_Heap_Size = 0x200
                0x00000400                        _Min_Stack_Size = 0x400

.isr_vector     0x08000000      0x194
                0x08000000                        . = ALIGN (0x4)
 *(.isr_vector)
 .isr_vector    0x08000000      0x194 ./Core/Startup/startup_stm32f303retx.o
                0x08000000                g_pfnVectors
                0x08000194                        . = ALIGN (0x4)

.text           0x08000194     0x476c
                0x08000194                        . = ALIGN (0x4)
 *(.text)
 .text          0x08000194       0x40 C:/ST/STM32CubeIDE_1.18.0/STM32CubeIDE/plugins/com.st.stm32cube.ide.mcu.externaltools.gnu-tools-for-stm32.13.3.rel1.win32_1.0.0.202411081344/tools/bin/../lib/gcc/arm-none-eabi/13.3.1/thumb/v7e-m+fp/hard/crtbegin.o
 *(.text*)
 .text.HAL_TIM_PeriodElapsedCallback
                0x080001d4      0x300 ./Core/Src/main.o
                0x080001d4                HAL_TIM_PeriodElapsedCallback
 .text.main     0x080004d4      0x1f0 ./Core/Src/main.o
                0x080004d4                main
 .text.SystemClock_Config
                0x080006c4       0xc8 ./Core/Src/main.o
                0x080006c4                SystemClock_Config
 .text.MX_ADC1_Init
                0x0800078c       0xe0 ./Core/Src/main.o
 .text.MX_DAC1_Init
                0x0800086c       0x54 ./Core/Src/main.o
 .text.MX_TIM1_Init
                0x080008c0       0xa8 ./Core/Src/main.o
 .text.MX_TIM2_Init
                0x08000968       0x9c ./Core/Src/main.o
 .text.MX_GPIO_Init
                0x08000a04       0xa8 ./Core/Src/main.o
 .text.Error_Handler
                0x08000aac        0xc ./Core/Src/main.o
                0x08000aac                Error_Handler
 .text.HAL_MspInit
                0x08000ab8       0x48 ./Core/Src/stm32f3xx_hal_msp.o
                0x08000ab8                HAL_MspInit
 .text.HAL_ADC_MspInit
                0x08000b00       0x78 ./Core/Src/stm32f3xx_hal_msp.o
                0x08000b00                HAL_ADC_MspInit
 .text.HAL_DAC_MspInit
                0x08000b78       0x7c ./Core/Src/stm32f3xx_hal_msp.o
                0x08000b78                HAL_DAC_MspInit
 .text.HAL_TIM_Base_MspInit
                0x08000bf4       0x80 ./Core/Src/stm32f3xx_hal_msp.o
                0x08000bf4                HAL_TIM_Base_MspInit
 .text.NMI_Handler
                0x08000c74        0x8 ./Core/Src/stm32f3xx_it.o
                0x08000c74                NMI_Handler
 .text.HardFault_Handler
                0x08000c7c        0x8 ./Core/Src/stm32f3xx_it.o
                0x08000c7c                HardFault_Handler
 .text.MemManage_Handler
                0x08000c84        0x8 ./Core/Src/stm32f3xx_it.o
                0x08000c84                MemManage_Handler
 .text.BusFault_Handler
                0x08000c8c        0x8 ./Core/Src/stm32f3xx_it.o
                0x08000c8c                BusFault_Handler
 .text.UsageFault_Handler
                0x08000c94        0x8 ./Core/Src/stm32f3xx_it.o
                0x08000c94                UsageFault_Handler
 .text.SVC_Handler
                0x08000c9c        0xe ./Core/Src/stm32f3xx_it.o
                0x08000c9c                SVC_Handler
 .text.DebugMon_Handler
                0x08000caa        0xe ./Core/Src/stm32f3xx_it.o
                0x08000caa                DebugMon_Handler
 .text.PendSV_Handler
                0x08000cb8        0xe ./Core/Src/stm32f3xx_it.o
                0x08000cb8                PendSV_Handler
 .text.SysTick_Handler
                0x08000cc6        0xc ./Core/Src/stm32f3xx_it.o
                0x08000cc6                SysTick_Handler
 *fill*         0x08000cd2        0x2 
 .text.TIM1_UP_TIM16_IRQHandler
                0x08000cd4       0x14 ./Core/Src/stm32f3xx_it.o
                0x08000cd4                TIM1_UP_TIM16_IRQHandler
 .text.TIM2_IRQHandler
                0x08000ce8       0x14 ./Core/Src/stm32f3xx_it.o
                0x08000ce8                TIM2_IRQHandler
 .text.SystemInit
                0x08000cfc       0x24 ./Core/Src/system_stm32f3xx.o
                0x08000cfc                SystemInit
 .text.Reset_Handler
                0x08000d20       0x50 ./Core/Startup/startup_stm32f303retx.o
                0x08000d20                Reset_Handler
 .text.Default_Handler
                0x08000d70        0x2 ./Core/Startup/startup_stm32f303retx.o
                0x08000d70                RTC_Alarm_IRQHandler
                0x08000d70                TIM8_TRG_COM_IRQHandler
                0x08000d70                TIM8_CC_IRQHandler
                0x08000d70                SPI4_IRQHandler
                0x08000d70                TIM1_CC_IRQHandler
                0x08000d70                USB_HP_IRQHandler
                0x08000d70                PVD_IRQHandler
                0x08000d70                TAMP_STAMP_IRQHandler
                0x08000d70                EXTI3_IRQHandler
                0x08000d70                I2C3_ER_IRQHandler
                0x08000d70                USB_HP_CAN_TX_IRQHandler
                0x08000d70                EXTI0_IRQHandler
                0x08000d70                I2C2_EV_IRQHandler
                0x08000d70                FPU_IRQHandler
                0x08000d70                ADC1_2_IRQHandler
                0x08000d70                SPI1_IRQHandler
                0x08000d70                CAN_SCE_IRQHandler
                0x08000d70                TIM6_DAC_IRQHandler
                0x08000d70                TIM8_UP_IRQHandler
                0x08000d70                DMA2_Channel2_IRQHandler
                0x08000d70                DMA1_Channel4_IRQHandler
                0x08000d70                TIM20_TRG_COM_IRQHandler
                0x08000d70                USART3_IRQHandler
                0x08000d70                DMA1_Channel7_IRQHandler
                0x08000d70                UART5_IRQHandler
                0x08000d70                ADC3_IRQHandler
                0x08000d70                TIM4_IRQHandler
                0x08000d70                CAN_RX1_IRQHandler
                0x08000d70                DMA2_Channel1_IRQHandler
                0x08000d70                I2C1_EV_IRQHandler
                0x08000d70                DMA1_Channel6_IRQHandler
                0x08000d70                UART4_IRQHandler
                0x08000d70                DMA2_Channel4_IRQHandler
                0x08000d70                TIM3_IRQHandler
                0x08000d70                RCC_IRQHandler
                0x08000d70                TIM20_UP_IRQHandler
                0x08000d70                DMA1_Channel1_IRQHandler
                0x08000d70                Default_Handler
                0x08000d70                USBWakeUp_RMP_IRQHandler
                0x08000d70                EXTI15_10_IRQHandler
                0x08000d70                TIM7_IRQHandler
                0x08000d70                I2C3_EV_IRQHandler
                0x08000d70                EXTI9_5_IRQHandler
                0x08000d70                RTC_WKUP_IRQHandler
                0x08000d70                SPI2_IRQHandler
                0x08000d70                USB_LP_CAN_RX0_IRQHandler
                0x08000d70                DMA2_Channel5_IRQHandler
                0x08000d70                DMA1_Channel5_IRQHandler
                0x08000d70                USB_LP_IRQHandler
                0x08000d70                EXTI4_IRQHandler
                0x08000d70                TIM1_TRG_COM_TIM17_IRQHandler
                0x08000d70                DMA1_Channel3_IRQHandler
                0x08000d70                ADC4_IRQHandler
                0x08000d70                WWDG_IRQHandler
                0x08000d70                COMP7_IRQHandler
                0x08000d70                COMP1_2_3_IRQHandler
                0x08000d70                EXTI1_IRQHandler
                0x08000d70                USART2_IRQHandler
                0x08000d70                COMP4_5_6_IRQHandler
                0x08000d70                TIM20_BRK_IRQHandler
                0x08000d70                I2C2_ER_IRQHandler
                0x08000d70                DMA1_Channel2_IRQHandler
                0x08000d70                TIM8_BRK_IRQHandler
                0x08000d70                FLASH_IRQHandler
                0x08000d70                TIM20_CC_IRQHandler
                0x08000d70                USART1_IRQHandler
                0x08000d70                SPI3_IRQHandler
                0x08000d70                I2C1_ER_IRQHandler
                0x08000d70                FMC_IRQHandler
                0x08000d70                USBWakeUp_IRQHandler
                0x08000d70                DMA2_Channel3_IRQHandler
                0x08000d70                EXTI2_TSC_IRQHandler
                0x08000d70                TIM1_BRK_TIM15_IRQHandler
 *fill*         0x08000d72        0x2 
 .text.HAL_Init
                0x08000d74       0x2c ./Drivers/STM32F3xx_HAL_Driver/Src/stm32f3xx_hal.o
                0x08000d74                HAL_Init
 .text.HAL_InitTick
                0x08000da0       0x60 ./Drivers/STM32F3xx_HAL_Driver/Src/stm32f3xx_hal.o
                0x08000da0                HAL_InitTick
 .text.HAL_IncTick
                0x08000e00       0x28 ./Drivers/STM32F3xx_HAL_Driver/Src/stm32f3xx_hal.o
                0x08000e00                HAL_IncTick
 .text.HAL_GetTick
                0x08000e28       0x18 ./Drivers/STM32F3xx_HAL_Driver/Src/stm32f3xx_hal.o
                0x08000e28                HAL_GetTick
 .text.HAL_Delay
                0x08000e40       0x48 ./Drivers/STM32F3xx_HAL_Driver/Src/stm32f3xx_hal.o
                0x08000e40                HAL_Delay
 .text.HAL_ADC_Init
                0x08000e88      0x3f4 ./Drivers/STM32F3xx_HAL_Driver/Src/stm32f3xx_hal_adc_ex.o
                0x08000e88                HAL_ADC_Init
 .text.HAL_ADC_Start
                0x0800127c      0x22c ./Drivers/STM32F3xx_HAL_Driver/Src/stm32f3xx_hal_adc_ex.o
                0x0800127c                HAL_ADC_Start
 .text.HAL_ADC_PollForConversion
                0x080014a8      0x204 ./Drivers/STM32F3xx_HAL_Driver/Src/stm32f3xx_hal_adc_ex.o
                0x080014a8                HAL_ADC_PollForConversion
 .text.HAL_ADC_GetValue
                0x080016ac       0x1a ./Drivers/STM32F3xx_HAL_Driver/Src/stm32f3xx_hal_adc_ex.o
                0x080016ac                HAL_ADC_GetValue
 *fill*         0x080016c6        0x2 
 .text.HAL_ADC_ConfigChannel
                0x080016c8      0x5d4 ./Drivers/STM32F3xx_HAL_Driver/Src/stm32f3xx_hal_adc_ex.o
                0x080016c8                HAL_ADC_ConfigChannel
 .text.HAL_ADCEx_MultiModeConfigChannel
                0x08001c9c      0x1e4 ./Drivers/STM32F3xx_HAL_Driver/Src/stm32f3xx_hal_adc_ex.o
                0x08001c9c                HAL_ADCEx_MultiModeConfigChannel
 .text.ADC_Enable
                0x08001e80       0xc8 ./Drivers/STM32F3xx_HAL_Driver/Src/stm32f3xx_hal_adc_ex.o
 .text.ADC_Disable
                0x08001f48       0xcc ./Drivers/STM32F3xx_HAL_Driver/Src/stm32f3xx_hal_adc_ex.o
 .text.__NVIC_SetPriorityGrouping
                0x08002014       0x48 ./Drivers/STM32F3xx_HAL_Driver/Src/stm32f3xx_hal_cortex.o
 .text.__NVIC_GetPriorityGrouping
                0x0800205c       0x1c ./Drivers/STM32F3xx_HAL_Driver/Src/stm32f3xx_hal_cortex.o
 .text.__NVIC_EnableIRQ
                0x08002078       0x3c ./Drivers/STM32F3xx_HAL_Driver/Src/stm32f3xx_hal_cortex.o
 .text.__NVIC_SetPriority
                0x080020b4       0x54 ./Drivers/STM32F3xx_HAL_Driver/Src/stm32f3xx_hal_cortex.o
 .text.NVIC_EncodePriority
                0x08002108       0x66 ./Drivers/STM32F3xx_HAL_Driver/Src/stm32f3xx_hal_cortex.o
 *fill*         0x0800216e        0x2 
 .text.SysTick_Config
                0x08002170       0x44 ./Drivers/STM32F3xx_HAL_Driver/Src/stm32f3xx_hal_cortex.o
 .text.HAL_NVIC_SetPriorityGrouping
                0x080021b4       0x16 ./Drivers/STM32F3xx_HAL_Driver/Src/stm32f3xx_hal_cortex.o
                0x080021b4                HAL_NVIC_SetPriorityGrouping
 .text.HAL_NVIC_SetPriority
                0x080021ca       0x38 ./Drivers/STM32F3xx_HAL_Driver/Src/stm32f3xx_hal_cortex.o
                0x080021ca                HAL_NVIC_SetPriority
 .text.HAL_NVIC_EnableIRQ
                0x08002202       0x1c ./Drivers/STM32F3xx_HAL_Driver/Src/stm32f3xx_hal_cortex.o
                0x08002202                HAL_NVIC_EnableIRQ
 .text.HAL_SYSTICK_Config
                0x0800221e       0x18 ./Drivers/STM32F3xx_HAL_Driver/Src/stm32f3xx_hal_cortex.o
                0x0800221e                HAL_SYSTICK_Config
 .text.HAL_DAC_Init
                0x08002236       0x44 ./Drivers/STM32F3xx_HAL_Driver/Src/stm32f3xx_hal_dac.o
                0x08002236                HAL_DAC_Init
 .text.HAL_DAC_SetValue
                0x0800227a       0x4a ./Drivers/STM32F3xx_HAL_Driver/Src/stm32f3xx_hal_dac_ex.o
                0x0800227a                HAL_DAC_SetValue
 .text.HAL_DAC_Start
                0x080022c4       0x96 ./Drivers/STM32F3xx_HAL_Driver/Src/stm32f3xx_hal_dac_ex.o
                0x080022c4                HAL_DAC_Start
 .text.HAL_DAC_ConfigChannel
                0x0800235a       0x9a ./Drivers/STM32F3xx_HAL_Driver/Src/stm32f3xx_hal_dac_ex.o
                0x0800235a                HAL_DAC_ConfigChannel
 .text.HAL_GPIO_Init
                0x080023f4      0x314 ./Drivers/STM32F3xx_HAL_Driver/Src/stm32f3xx_hal_gpio.o
                0x080023f4                HAL_GPIO_Init
 .text.HAL_GPIO_WritePin
                0x08002708       0x30 ./Drivers/STM32F3xx_HAL_Driver/Src/stm32f3xx_hal_gpio.o
                0x08002708                HAL_GPIO_WritePin
 .text.HAL_RCC_OscConfig
                0x08002738     0x1048 ./Drivers/STM32F3xx_HAL_Driver/Src/stm32f3xx_hal_rcc.o
                0x08002738                HAL_RCC_OscConfig
 .text.HAL_RCC_ClockConfig
                0x08003780      0x2dc ./Drivers/STM32F3xx_HAL_Driver/Src/stm32f3xx_hal_rcc.o
                0x08003780                HAL_RCC_ClockConfig
 .text.HAL_RCC_GetSysClockFreq
                0x08003a5c       0xa8 ./Drivers/STM32F3xx_HAL_Driver/Src/stm32f3xx_hal_rcc.o
                0x08003a5c                HAL_RCC_GetSysClockFreq
 .text.HAL_RCCEx_PeriphCLKConfig
                0x08003b04      0x438 ./Drivers/STM32F3xx_HAL_Driver/Src/stm32f3xx_hal_rcc_ex.o
                0x08003b04                HAL_RCCEx_PeriphCLKConfig
 .text.HAL_TIM_Base_Init
                0x08003f3c       0xae ./Drivers/STM32F3xx_HAL_Driver/Src/stm32f3xx_hal_tim.o
                0x08003f3c                HAL_TIM_Base_Init
 *fill*         0x08003fea        0x2 
 .text.HAL_TIM_Base_Start_IT
                0x08003fec       0xe0 ./Drivers/STM32F3xx_HAL_Driver/Src/stm32f3xx_hal_tim.o
                0x08003fec                HAL_TIM_Base_Start_IT
 .text.HAL_TIM_IRQHandler
                0x080040cc      0x204 ./Drivers/STM32F3xx_HAL_Driver/Src/stm32f3xx_hal_tim.o
                0x080040cc                HAL_TIM_IRQHandler
 .text.HAL_TIM_ConfigClockSource
                0x080042d0      0x192 ./Drivers/STM32F3xx_HAL_Driver/Src/stm32f3xx_hal_tim.o
                0x080042d0                HAL_TIM_ConfigClockSource
 .text.HAL_TIM_OC_DelayElapsedCallback
                0x08004462       0x14 ./Drivers/STM32F3xx_HAL_Driver/Src/stm32f3xx_hal_tim.o
                0x08004462                HAL_TIM_OC_DelayElapsedCallback
 .text.HAL_TIM_IC_CaptureCallback
                0x08004476       0x14 ./Drivers/STM32F3xx_HAL_Driver/Src/stm32f3xx_hal_tim.o
                0x08004476                HAL_TIM_IC_CaptureCallback
 .text.HAL_TIM_PWM_PulseFinishedCallback
                0x0800448a       0x14 ./Drivers/STM32F3xx_HAL_Driver/Src/stm32f3xx_hal_tim.o
                0x0800448a                HAL_TIM_PWM_PulseFinishedCallback
 .text.HAL_TIM_TriggerCallback
                0x0800449e       0x14 ./Drivers/STM32F3xx_HAL_Driver/Src/stm32f3xx_hal_tim.o
                0x0800449e                HAL_TIM_TriggerCallback
 *fill*         0x080044b2        0x2 
 .text.TIM_Base_SetConfig
                0x080044b4      0x154 ./Drivers/STM32F3xx_HAL_Driver/Src/stm32f3xx_hal_tim.o
                0x080044b4                TIM_Base_SetConfig
 .text.TIM_TI1_ConfigInputStage
                0x08004608       0x5e ./Drivers/STM32F3xx_HAL_Driver/Src/stm32f3xx_hal_tim.o
 .text.TIM_TI2_ConfigInputStage
                0x08004666       0x60 ./Drivers/STM32F3xx_HAL_Driver/Src/stm32f3xx_hal_tim.o
 .text.TIM_ITRx_SetConfig
                0x080046c6       0x36 ./Drivers/STM32F3xx_HAL_Driver/Src/stm32f3xx_hal_tim.o
 .text.TIM_ETR_SetConfig
                0x080046fc       0x40 ./Drivers/STM32F3xx_HAL_Driver/Src/stm32f3xx_hal_tim.o
                0x080046fc                TIM_ETR_SetConfig
 .text.HAL_TIMEx_MasterConfigSynchronization
                0x0800473c      0x118 ./Drivers/STM32F3xx_HAL_Driver/Src/stm32f3xx_hal_tim_ex.o
                0x0800473c                HAL_TIMEx_MasterConfigSynchronization
 .text.HAL_TIMEx_CommutCallback
                0x08004854       0x14 ./Drivers/STM32F3xx_HAL_Driver/Src/stm32f3xx_hal_tim_ex.o
                0x08004854                HAL_TIMEx_CommutCallback
 .text.HAL_TIMEx_BreakCallback
                0x08004868       0x14 ./Drivers/STM32F3xx_HAL_Driver/Src/stm32f3xx_hal_tim_ex.o
                0x08004868                HAL_TIMEx_BreakCallback
 .text.HAL_TIMEx_Break2Callback
                0x0800487c       0x14 ./Drivers/STM32F3xx_HAL_Driver/Src/stm32f3xx_hal_tim_ex.o
                0x0800487c                HAL_TIMEx_Break2Callback
 .text.memset   0x08004890       0x10 C:/ST/STM32CubeIDE_1.18.0/STM32CubeIDE/plugins/com.st.stm32cube.ide.mcu.externaltools.gnu-tools-for-stm32.13.3.rel1.win32_1.0.0.202411081344/tools/bin/../lib/gcc/arm-none-eabi/13.3.1/../../../../arm-none-eabi/lib/thumb/v7e-m+fp/hard\libc_nano.a(libc_a-memset.o)
                0x08004890                memset
 .text.__libc_init_array
                0x080048a0       0x48 C:/ST/STM32CubeIDE_1.18.0/STM32CubeIDE/plugins/com.st.stm32cube.ide.mcu.externaltools.gnu-tools-for-stm32.13.3.rel1.win32_1.0.0.202411081344/tools/bin/../lib/gcc/arm-none-eabi/13.3.1/../../../../arm-none-eabi/lib/thumb/v7e-m+fp/hard\libc_nano.a(libc_a-init.o)
                0x080048a0                __libc_init_array
 *(.glue_7)
 .glue_7        0x080048e8        0x0 linker stubs
 *(.glue_7t)
 .glue_7t       0x080048e8        0x0 linker stubs
 *(.eh_frame)
 .eh_frame      0x080048e8        0x0 C:/ST/STM32CubeIDE_1.18.0/STM32CubeIDE/plugins/com.st.stm32cube.ide.mcu.externaltools.gnu-tools-for-stm32.13.3.rel1.win32_1.0.0.202411081344/tools/bin/../lib/gcc/arm-none-eabi/13.3.1/thumb/v7e-m+fp/hard/crtbegin.o
 *(.init)
 .init          0x080048e8        0x4 C:/ST/STM32CubeIDE_1.18.0/STM32CubeIDE/plugins/com.st.stm32cube.ide.mcu.externaltools.gnu-tools-for-stm32.13.3.rel1.win32_1.0.0.202411081344/tools/bin/../lib/gcc/arm-none-eabi/13.3.1/thumb/v7e-m+fp/hard/crti.o
                0x080048e8                _init
 .init          0x080048ec        0x8 C:/ST/STM32CubeIDE_1.18.0/STM32CubeIDE/plugins/com.st.stm32cube.ide.mcu.externaltools.gnu-tools-for-stm32.13.3.rel1.win32_1.0.0.202411081344/tools/bin/../lib/gcc/arm-none-eabi/13.3.1/thumb/v7e-m+fp/hard/crtn.o
 *(.fini)
 .fini          0x080048f4        0x4 C:/ST/STM32CubeIDE_1.18.0/STM32CubeIDE/plugins/com.st.stm32cube.ide.mcu.externaltools.gnu-tools-for-stm32.13.3.rel1.win32_1.0.0.202411081344/tools/bin/../lib/gcc/arm-none-eabi/13.3.1/thumb/v7e-m+fp/hard/crti.o
                0x080048f4                _fini
 .fini          0x080048f8        0x8 C:/ST/STM32CubeIDE_1.18.0/STM32CubeIDE/plugins/com.st.stm32cube.ide.mcu.externaltools.gnu-tools-for-stm32.13.3.rel1.win32_1.0.0.202411081344/tools/bin/../lib/gcc/arm-none-eabi/13.3.1/thumb/v7e-m+fp/hard/crtn.o
                0x08004900                        . = ALIGN (0x4)
                0x08004900                        _etext = .

.vfp11_veneer   0x08004900        0x0
 .vfp11_veneer  0x08004900        0x0 linker stubs

.v4_bx          0x08004900        0x0
 .v4_bx         0x08004900        0x0 linker stubs

.iplt           0x08004900        0x0
 .iplt          0x08004900        0x0 C:/ST/STM32CubeIDE_1.18.0/STM32CubeIDE/plugins/com.st.stm32cube.ide.mcu.externaltools.gnu-tools-for-stm32.13.3.rel1.win32_1.0.0.202411081344/tools/bin/../lib/gcc/arm-none-eabi/13.3.1/thumb/v7e-m+fp/hard/crtbegin.o

.rodata         0x08004900       0x30
                0x08004900                        . = ALIGN (0x4)
 *(.rodata)
 *(.rodata*)
 .rodata.AHBPrescTable
                0x08004900       0x10 ./Core/Src/system_stm32f3xx.o
                0x08004900                AHBPrescTable
 .rodata.aPLLMULFactorTable
                0x08004910       0x10 ./Drivers/STM32F3xx_HAL_Driver/Src/stm32f3xx_hal_rcc.o
 .rodata.aPredivFactorTable
                0x08004920       0x10 ./Drivers/STM32F3xx_HAL_Driver/Src/stm32f3xx_hal_rcc.o
                0x08004930                        . = ALIGN (0x4)

.ARM.extab      0x08004930        0x0
                0x08004930                        . = ALIGN (0x4)
 *(.ARM.extab* .gnu.linkonce.armextab.*)
                0x08004930                        . = ALIGN (0x4)

.ARM            0x08004930        0x0
                0x08004930                        . = ALIGN (0x4)
                0x08004930                        __exidx_start = .
 *(.ARM.exidx*)
                0x08004930                        __exidx_end = .
                0x08004930                        . = ALIGN (0x4)

.preinit_array  0x08004930        0x0
                0x08004930                        . = ALIGN (0x4)
                0x08004930                        PROVIDE (__preinit_array_start = .)
 *(.preinit_array*)
                0x08004930                        PROVIDE (__preinit_array_end = .)
                0x08004930                        . = ALIGN (0x4)

.init_array     0x08004930        0x4
                0x08004930                        . = ALIGN (0x4)
                0x08004930                        PROVIDE (__init_array_start = .)
 *(SORT_BY_NAME(.init_array.*))
 *(.init_array*)
 .init_array    0x08004930        0x4 C:/ST/STM32CubeIDE_1.18.0/STM32CubeIDE/plugins/com.st.stm32cube.ide.mcu.externaltools.gnu-tools-for-stm32.13.3.rel1.win32_1.0.0.202411081344/tools/bin/../lib/gcc/arm-none-eabi/13.3.1/thumb/v7e-m+fp/hard/crtbegin.o
                0x08004934                        PROVIDE (__init_array_end = .)
                0x08004934                        . = ALIGN (0x4)

.fini_array     0x08004934        0x4
                0x08004934                        . = ALIGN (0x4)
                [!provide]                        PROVIDE (__fini_array_start = .)
 *(SORT_BY_NAME(.fini_array.*))
 *(.fini_array*)
 .fini_array    0x08004934        0x4 C:/ST/STM32CubeIDE_1.18.0/STM32CubeIDE/plugins/com.st.stm32cube.ide.mcu.externaltools.gnu-tools-for-stm32.13.3.rel1.win32_1.0.0.202411081344/tools/bin/../lib/gcc/arm-none-eabi/13.3.1/thumb/v7e-m+fp/hard/crtbegin.o
                [!provide]                        PROVIDE (__fini_array_end = .)
                0x08004938                        . = ALIGN (0x4)
                0x08004938                        _sidata = LOADADDR (.data)

.rel.dyn        0x08004938        0x0
 .rel.iplt      0x08004938        0x0 C:/ST/STM32CubeIDE_1.18.0/STM32CubeIDE/plugins/com.st.stm32cube.ide.mcu.externaltools.gnu-tools-for-stm32.13.3.rel1.win32_1.0.0.202411081344/tools/bin/../lib/gcc/arm-none-eabi/13.3.1/thumb/v7e-m+fp/hard/crtbegin.o

.data           0x20000000       0x10 load address 0x08004938
                0x20000000                        . = ALIGN (0x4)
                0x20000000                        _sdata = .
 *(.data)
 *(.data*)
 .data.times    0x20000000        0x1 ./Core/Src/main.o
                0x20000000                times
 .data.period   0x20000001        0x1 ./Core/Src/main.o
                0x20000001                period
 *fill*         0x20000002        0x2 
 .data.SystemCoreClock
                0x20000004        0x4 ./Core/Src/system_stm32f3xx.o
                0x20000004                SystemCoreClock
 .data.uwTickPrio
                0x20000008        0x4 ./Drivers/STM32F3xx_HAL_Driver/Src/stm32f3xx_hal.o
                0x20000008                uwTickPrio
 .data.uwTickFreq
                0x2000000c        0x1 ./Drivers/STM32F3xx_HAL_Driver/Src/stm32f3xx_hal.o
                0x2000000c                uwTickFreq
 *(.RamFunc)
 *(.RamFunc*)
                0x20000010                        . = ALIGN (0x4)
 *fill*         0x2000000d        0x3 
                0x20000010                        _edata = .
                0x08004948                        _siccmram = LOADADDR (.ccmram)

.igot.plt       0x20000010        0x0 load address 0x08004948
 .igot.plt      0x20000010        0x0 C:/ST/STM32CubeIDE_1.18.0/STM32CubeIDE/plugins/com.st.stm32cube.ide.mcu.externaltools.gnu-tools-for-stm32.13.3.rel1.win32_1.0.0.202411081344/tools/bin/../lib/gcc/arm-none-eabi/13.3.1/thumb/v7e-m+fp/hard/crtbegin.o

.ccmram         0x10000000        0x0 load address 0x08004948
                0x10000000                        . = ALIGN (0x4)
                0x10000000                        _sccmram = .
 *(.ccmram)
 *(.ccmram*)
                0x10000000                        . = ALIGN (0x4)
                0x10000000                        _eccmram = .
                0x10000000                        . = ALIGN (0x4)

.bss            0x20000010      0x1f8
                0x20000010                        _sbss = .
                0x20000010                        __bss_start__ = _sbss
 *(.bss)
 .bss           0x20000010       0x1c C:/ST/STM32CubeIDE_1.18.0/STM32CubeIDE/plugins/com.st.stm32cube.ide.mcu.externaltools.gnu-tools-for-stm32.13.3.rel1.win32_1.0.0.202411081344/tools/bin/../lib/gcc/arm-none-eabi/13.3.1/thumb/v7e-m+fp/hard/crtbegin.o
 *(.bss*)
 .bss.hadc1     0x2000002c       0x50 ./Core/Src/main.o
                0x2000002c                hadc1
 .bss.hdac1     0x2000007c       0x14 ./Core/Src/main.o
                0x2000007c                hdac1
 .bss.htim1     0x20000090       0x4c ./Core/Src/main.o
                0x20000090                htim1
 .bss.htim2     0x200000dc       0x4c ./Core/Src/main.o
                0x200000dc                htim2
 .bss.adc_value
                0x20000128        0x2 ./Core/Src/main.o
                0x20000128                adc_value
 .bss.dac_value
                0x2000012a        0x2 ./Core/Src/main.o
                0x2000012a                dac_value
 .bss.end_transmit
                0x2000012c        0x1 ./Core/Src/main.o
                0x2000012c                end_transmit
 .bss.k         0x2000012d        0x1 ./Core/Src/main.o
                0x2000012d                k
 .bss.n         0x2000012e        0x1 ./Core/Src/main.o
                0x2000012e                n
 *fill*         0x2000012f        0x1 
 .bss.all       0x20000130        0x4 ./Core/Src/main.o
                0x20000130                all
 .bss.adc_array
                0x20000134       0xc8 ./Core/Src/main.o
                0x20000134                adc_array
 .bss.i         0x200001fc        0x1 ./Core/Src/main.o
                0x200001fc                i
 .bss.m         0x200001fd        0x1 ./Core/Src/main.o
                0x200001fd                m
 .bss.amplitude
                0x200001fe        0x2 ./Core/Src/main.o
                0x200001fe                amplitude
 .bss.max       0x20000200        0x2 ./Core/Src/main.o
                0x20000200                max
 .bss.flag_const
                0x20000202        0x1 ./Core/Src/main.o
                0x20000202                flag_const
 *fill*         0x20000203        0x1 
 .bss.uwTick    0x20000204        0x4 ./Drivers/STM32F3xx_HAL_Driver/Src/stm32f3xx_hal.o
                0x20000204                uwTick
 *(COMMON)
                0x20000208                        . = ALIGN (0x4)
                0x20000208                        _ebss = .
                0x20000208                        __bss_end__ = _ebss

._user_heap_stack
                0x20000208      0x600
                0x20000208                        . = ALIGN (0x8)
                [!provide]                        PROVIDE (end = .)
                0x20000208                        PROVIDE (_end = .)
                0x20000408                        . = (. + _Min_Heap_Size)
 *fill*         0x20000208      0x200 
                0x20000808                        . = (. + _Min_Stack_Size)
 *fill*         0x20000408      0x400 
                0x20000808                        . = ALIGN (0x8)

/DISCARD/
 libc.a(*)
 libm.a(*)
 libgcc.a(*)

.ARM.attributes
                0x00000000       0x30
 *(.ARM.attributes)
 .ARM.attributes
                0x00000000       0x22 C:/ST/STM32CubeIDE_1.18.0/STM32CubeIDE/plugins/com.st.stm32cube.ide.mcu.externaltools.gnu-tools-for-stm32.13.3.rel1.win32_1.0.0.202411081344/tools/bin/../lib/gcc/arm-none-eabi/13.3.1/thumb/v7e-m+fp/hard/crti.o
 .ARM.attributes
                0x00000022       0x34 C:/ST/STM32CubeIDE_1.18.0/STM32CubeIDE/plugins/com.st.stm32cube.ide.mcu.externaltools.gnu-tools-for-stm32.13.3.rel1.win32_1.0.0.202411081344/tools/bin/../lib/gcc/arm-none-eabi/13.3.1/thumb/v7e-m+fp/hard/crtbegin.o
 .ARM.attributes
                0x00000056       0x34 ./Core/Src/main.o
 .ARM.attributes
                0x0000008a       0x34 ./Core/Src/stm32f3xx_hal_msp.o
 .ARM.attributes
                0x000000be       0x34 ./Core/Src/stm32f3xx_it.o
 .ARM.attributes
                0x000000f2       0x34 ./Core/Src/system_stm32f3xx.o
 .ARM.attributes
                0x00000126       0x21 ./Core/Startup/startup_stm32f303retx.o
 .ARM.attributes
                0x00000147       0x34 ./Drivers/STM32F3xx_HAL_Driver/Src/stm32f3xx_hal.o
 .ARM.attributes
                0x0000017b       0x34 ./Drivers/STM32F3xx_HAL_Driver/Src/stm32f3xx_hal_adc_ex.o
 .ARM.attributes
                0x000001af       0x34 ./Drivers/STM32F3xx_HAL_Driver/Src/stm32f3xx_hal_cortex.o
 .ARM.attributes
                0x000001e3       0x34 ./Drivers/STM32F3xx_HAL_Driver/Src/stm32f3xx_hal_dac.o
 .ARM.attributes
                0x00000217       0x34 ./Drivers/STM32F3xx_HAL_Driver/Src/stm32f3xx_hal_dac_ex.o
 .ARM.attributes
                0x0000024b       0x34 ./Drivers/STM32F3xx_HAL_Driver/Src/stm32f3xx_hal_gpio.o
 .ARM.attributes
                0x0000027f       0x34 ./Drivers/STM32F3xx_HAL_Driver/Src/stm32f3xx_hal_rcc.o
 .ARM.attributes
                0x000002b3       0x34 ./Drivers/STM32F3xx_HAL_Driver/Src/stm32f3xx_hal_rcc_ex.o
 .ARM.attributes
                0x000002e7       0x34 ./Drivers/STM32F3xx_HAL_Driver/Src/stm32f3xx_hal_tim.o
 .ARM.attributes
                0x0000031b       0x34 ./Drivers/STM32F3xx_HAL_Driver/Src/stm32f3xx_hal_tim_ex.o
 .ARM.attributes
                0x0000034f       0x34 C:/ST/STM32CubeIDE_1.18.0/STM32CubeIDE/plugins/com.st.stm32cube.ide.mcu.externaltools.gnu-tools-for-stm32.13.3.rel1.win32_1.0.0.202411081344/tools/bin/../lib/gcc/arm-none-eabi/13.3.1/../../../../arm-none-eabi/lib/thumb/v7e-m+fp/hard\libc_nano.a(libc_a-memset.o)
 .ARM.attributes
                0x00000383       0x34 C:/ST/STM32CubeIDE_1.18.0/STM32CubeIDE/plugins/com.st.stm32cube.ide.mcu.externaltools.gnu-tools-for-stm32.13.3.rel1.win32_1.0.0.202411081344/tools/bin/../lib/gcc/arm-none-eabi/13.3.1/../../../../arm-none-eabi/lib/thumb/v7e-m+fp/hard\libc_nano.a(libc_a-init.o)
 .ARM.attributes
                0x000003b7       0x22 C:/ST/STM32CubeIDE_1.18.0/STM32CubeIDE/plugins/com.st.stm32cube.ide.mcu.externaltools.gnu-tools-for-stm32.13.3.rel1.win32_1.0.0.202411081344/tools/bin/../lib/gcc/arm-none-eabi/13.3.1/thumb/v7e-m+fp/hard/crtn.o
OUTPUT(study_stm_1.elf elf32-littlearm)
LOAD linker stubs
LOAD C:/ST/STM32CubeIDE_1.18.0/STM32CubeIDE/plugins/com.st.stm32cube.ide.mcu.externaltools.gnu-tools-for-stm32.13.3.rel1.win32_1.0.0.202411081344/tools/bin/../lib/gcc/arm-none-eabi/13.3.1/../../../../arm-none-eabi/lib/thumb/v7e-m+fp/hard\libc.a
LOAD C:/ST/STM32CubeIDE_1.18.0/STM32CubeIDE/plugins/com.st.stm32cube.ide.mcu.externaltools.gnu-tools-for-stm32.13.3.rel1.win32_1.0.0.202411081344/tools/bin/../lib/gcc/arm-none-eabi/13.3.1/../../../../arm-none-eabi/lib/thumb/v7e-m+fp/hard\libm.a
LOAD C:/ST/STM32CubeIDE_1.18.0/STM32CubeIDE/plugins/com.st.stm32cube.ide.mcu.externaltools.gnu-tools-for-stm32.13.3.rel1.win32_1.0.0.202411081344/tools/bin/../lib/gcc/arm-none-eabi/13.3.1/thumb/v7e-m+fp/hard\libgcc.a

.debug_info     0x00000000     0xd1c4
 .debug_info    0x00000000     0x1728 ./Core/Src/main.o
 .debug_info    0x00001728     0x1184 ./Core/Src/stm32f3xx_hal_msp.o
 .debug_info    0x000028ac      0x6f7 ./Core/Src/stm32f3xx_it.o
 .debug_info    0x00002fa3      0x407 ./Core/Src/system_stm32f3xx.o
 .debug_info    0x000033aa       0x30 ./Core/Startup/startup_stm32f303retx.o
 .debug_info    0x000033da      0x804 ./Drivers/STM32F3xx_HAL_Driver/Src/stm32f3xx_hal.o
 .debug_info    0x00003bde     0x15b2 ./Drivers/STM32F3xx_HAL_Driver/Src/stm32f3xx_hal_adc_ex.o
 .debug_info    0x00005190      0xd14 ./Drivers/STM32F3xx_HAL_Driver/Src/stm32f3xx_hal_cortex.o
 .debug_info    0x00005ea4      0x827 ./Drivers/STM32F3xx_HAL_Driver/Src/stm32f3xx_hal_dac.o
 .debug_info    0x000066cb      0x9c1 ./Drivers/STM32F3xx_HAL_Driver/Src/stm32f3xx_hal_dac_ex.o
 .debug_info    0x0000708c      0x6a6 ./Drivers/STM32F3xx_HAL_Driver/Src/stm32f3xx_hal_gpio.o
 .debug_info    0x00007732     0x149a ./Drivers/STM32F3xx_HAL_Driver/Src/stm32f3xx_hal_rcc.o
 .debug_info    0x00008bcc      0x61b ./Drivers/STM32F3xx_HAL_Driver/Src/stm32f3xx_hal_rcc_ex.o
 .debug_info    0x000091e7     0x2a70 ./Drivers/STM32F3xx_HAL_Driver/Src/stm32f3xx_hal_tim.o
 .debug_info    0x0000bc57     0x156d ./Drivers/STM32F3xx_HAL_Driver/Src/stm32f3xx_hal_tim_ex.o

.debug_abbrev   0x00000000     0x1efa
 .debug_abbrev  0x00000000      0x2bb ./Core/Src/main.o
 .debug_abbrev  0x000002bb      0x1bd ./Core/Src/stm32f3xx_hal_msp.o
 .debug_abbrev  0x00000478      0x194 ./Core/Src/stm32f3xx_it.o
 .debug_abbrev  0x0000060c      0x11a ./Core/Src/system_stm32f3xx.o
 .debug_abbrev  0x00000726       0x24 ./Core/Startup/startup_stm32f303retx.o
 .debug_abbrev  0x0000074a      0x215 ./Drivers/STM32F3xx_HAL_Driver/Src/stm32f3xx_hal.o
 .debug_abbrev  0x0000095f      0x28e ./Drivers/STM32F3xx_HAL_Driver/Src/stm32f3xx_hal_adc_ex.o
 .debug_abbrev  0x00000bed      0x31e ./Drivers/STM32F3xx_HAL_Driver/Src/stm32f3xx_hal_cortex.o
 .debug_abbrev  0x00000f0b      0x1ac ./Drivers/STM32F3xx_HAL_Driver/Src/stm32f3xx_hal_dac.o
 .debug_abbrev  0x000010b7      0x25d ./Drivers/STM32F3xx_HAL_Driver/Src/stm32f3xx_hal_dac_ex.o
 .debug_abbrev  0x00001314      0x1ca ./Drivers/STM32F3xx_HAL_Driver/Src/stm32f3xx_hal_gpio.o
 .debug_abbrev  0x000014de      0x300 ./Drivers/STM32F3xx_HAL_Driver/Src/stm32f3xx_hal_rcc.o
 .debug_abbrev  0x000017de      0x221 ./Drivers/STM32F3xx_HAL_Driver/Src/stm32f3xx_hal_rcc_ex.o
 .debug_abbrev  0x000019ff      0x278 ./Drivers/STM32F3xx_HAL_Driver/Src/stm32f3xx_hal_tim.o
 .debug_abbrev  0x00001c77      0x283 ./Drivers/STM32F3xx_HAL_Driver/Src/stm32f3xx_hal_tim_ex.o

.debug_aranges  0x00000000      0xcb0
 .debug_aranges
                0x00000000       0x60 ./Core/Src/main.o
 .debug_aranges
                0x00000060       0x50 ./Core/Src/stm32f3xx_hal_msp.o
 .debug_aranges
                0x000000b0       0x70 ./Core/Src/stm32f3xx_it.o
 .debug_aranges
                0x00000120       0x28 ./Core/Src/system_stm32f3xx.o
 .debug_aranges
                0x00000148       0x28 ./Core/Startup/startup_stm32f303retx.o
 .debug_aranges
                0x00000170       0xe0 ./Drivers/STM32F3xx_HAL_Driver/Src/stm32f3xx_hal.o
 .debug_aranges
                0x00000250      0x168 ./Drivers/STM32F3xx_HAL_Driver/Src/stm32f3xx_hal_adc_ex.o
 .debug_aranges
                0x000003b8      0x128 ./Drivers/STM32F3xx_HAL_Driver/Src/stm32f3xx_hal_cortex.o
 .debug_aranges
                0x000004e0       0xa8 ./Drivers/STM32F3xx_HAL_Driver/Src/stm32f3xx_hal_dac.o
 .debug_aranges
                0x00000588       0xb8 ./Drivers/STM32F3xx_HAL_Driver/Src/stm32f3xx_hal_dac_ex.o
 .debug_aranges
                0x00000640       0x58 ./Drivers/STM32F3xx_HAL_Driver/Src/stm32f3xx_hal_gpio.o
 .debug_aranges
                0x00000698       0x88 ./Drivers/STM32F3xx_HAL_Driver/Src/stm32f3xx_hal_rcc.o
 .debug_aranges
                0x00000720       0x38 ./Drivers/STM32F3xx_HAL_Driver/Src/stm32f3xx_hal_rcc_ex.o
 .debug_aranges
                0x00000758      0x3e0 ./Drivers/STM32F3xx_HAL_Driver/Src/stm32f3xx_hal_tim.o
 .debug_aranges
                0x00000b38      0x178 ./Drivers/STM32F3xx_HAL_Driver/Src/stm32f3xx_hal_tim_ex.o

.debug_rnglists
                0x00000000      0x9d1
 .debug_rnglists
                0x00000000       0x4a ./Core/Src/main.o
 .debug_rnglists
                0x0000004a       0x38 ./Core/Src/stm32f3xx_hal_msp.o
 .debug_rnglists
                0x00000082       0x4f ./Core/Src/stm32f3xx_it.o
 .debug_rnglists
                0x000000d1       0x1a ./Core/Src/system_stm32f3xx.o
 .debug_rnglists
                0x000000eb       0x19 ./Core/Startup/startup_stm32f303retx.o
 .debug_rnglists
                0x00000104       0xa3 ./Drivers/STM32F3xx_HAL_Driver/Src/stm32f3xx_hal.o
 .debug_rnglists
                0x000001a7      0x126 ./Drivers/STM32F3xx_HAL_Driver/Src/stm32f3xx_hal_adc_ex.o
 .debug_rnglists
                0x000002cd       0xda ./Drivers/STM32F3xx_HAL_Driver/Src/stm32f3xx_hal_cortex.o
 .debug_rnglists
                0x000003a7       0x7a ./Drivers/STM32F3xx_HAL_Driver/Src/stm32f3xx_hal_dac.o
 .debug_rnglists
                0x00000421       0x89 ./Drivers/STM32F3xx_HAL_Driver/Src/stm32f3xx_hal_dac_ex.o
 .debug_rnglists
                0x000004aa       0x3f ./Drivers/STM32F3xx_HAL_Driver/Src/stm32f3xx_hal_gpio.o
 .debug_rnglists
                0x000004e9       0x66 ./Drivers/STM32F3xx_HAL_Driver/Src/stm32f3xx_hal_rcc.o
 .debug_rnglists
                0x0000054f       0x29 ./Drivers/STM32F3xx_HAL_Driver/Src/stm32f3xx_hal_rcc_ex.o
 .debug_rnglists
                0x00000578      0x328 ./Drivers/STM32F3xx_HAL_Driver/Src/stm32f3xx_hal_tim.o
 .debug_rnglists
                0x000008a0      0x131 ./Drivers/STM32F3xx_HAL_Driver/Src/stm32f3xx_hal_tim_ex.o

.debug_macro    0x00000000    0x212b6
 .debug_macro   0x00000000      0x2fc ./Core/Src/main.o
 .debug_macro   0x000002fc      0xad8 ./Core/Src/main.o
 .debug_macro   0x00000dd4      0x164 ./Core/Src/main.o
 .debug_macro   0x00000f38       0x2e ./Core/Src/main.o
 .debug_macro   0x00000f66       0x28 ./Core/Src/main.o
 .debug_macro   0x00000f8e       0x22 ./Core/Src/main.o
 .debug_macro   0x00000fb0       0x8e ./Core/Src/main.o
 .debug_macro   0x0000103e       0x51 ./Core/Src/main.o
 .debug_macro   0x0000108f      0x103 ./Core/Src/main.o
 .debug_macro   0x00001192       0x6a ./Core/Src/main.o
 .debug_macro   0x000011fc      0x1df ./Core/Src/main.o
 .debug_macro   0x000013db       0x1c ./Core/Src/main.o
 .debug_macro   0x000013f7       0x22 ./Core/Src/main.o
 .debug_macro   0x00001419       0xd9 ./Core/Src/main.o
 .debug_macro   0x000014f2     0x102d ./Core/Src/main.o
 .debug_macro   0x0000251f      0x11f ./Core/Src/main.o
 .debug_macro   0x0000263e    0x1535a ./Core/Src/main.o
 .debug_macro   0x00017998       0x6d ./Core/Src/main.o
 .debug_macro   0x00017a05     0x3574 ./Core/Src/main.o
 .debug_macro   0x0001af79      0x190 ./Core/Src/main.o
 .debug_macro   0x0001b109       0x55 ./Core/Src/main.o
 .debug_macro   0x0001b15e      0x953 ./Core/Src/main.o
 .debug_macro   0x0001bab1      0x84a ./Core/Src/main.o
 .debug_macro   0x0001c2fb      0x1b5 ./Core/Src/main.o
 .debug_macro   0x0001c4b0      0x23a ./Core/Src/main.o
 .debug_macro   0x0001c6ea      0x1ea ./Core/Src/main.o
 .debug_macro   0x0001c8d4      0x1bc ./Core/Src/main.o
 .debug_macro   0x0001ca90       0x30 ./Core/Src/main.o
 .debug_macro   0x0001cac0       0x3c ./Core/Src/main.o
 .debug_macro   0x0001cafc      0x235 ./Core/Src/main.o
 .debug_macro   0x0001cd31      0x9fe ./Core/Src/main.o
 .debug_macro   0x0001d72f       0x77 ./Core/Src/main.o
 .debug_macro   0x0001d7a6      0x176 ./Core/Src/main.o
 .debug_macro   0x0001d91c       0x61 ./Core/Src/main.o
 .debug_macro   0x0001d97d       0xc5 ./Core/Src/main.o
 .debug_macro   0x0001da42      0x21d ./Core/Src/main.o
 .debug_macro   0x0001dc5f      0x22c ./Core/Src/main.o
 .debug_macro   0x0001de8b       0x5b ./Core/Src/main.o
 .debug_macro   0x0001dee6       0xa5 ./Core/Src/main.o
 .debug_macro   0x0001df8b       0x81 ./Core/Src/main.o
 .debug_macro   0x0001e00c       0xd3 ./Core/Src/main.o
 .debug_macro   0x0001e0df      0xa60 ./Core/Src/main.o
 .debug_macro   0x0001eb3f       0xba ./Core/Src/main.o
 .debug_macro   0x0001ebf9      0x347 ./Core/Src/main.o
 .debug_macro   0x0001ef40       0x61 ./Core/Src/main.o
 .debug_macro   0x0001efa1       0x2a ./Core/Src/main.o
 .debug_macro   0x0001efcb       0x43 ./Core/Src/main.o
 .debug_macro   0x0001f00e       0x34 ./Core/Src/main.o
 .debug_macro   0x0001f042      0x370 ./Core/Src/main.o
 .debug_macro   0x0001f3b2       0x16 ./Core/Src/main.o
 .debug_macro   0x0001f3c8       0x4a ./Core/Src/main.o
 .debug_macro   0x0001f412       0x34 ./Core/Src/main.o
 .debug_macro   0x0001f446       0x10 ./Core/Src/main.o
 .debug_macro   0x0001f456       0x58 ./Core/Src/main.o
 .debug_macro   0x0001f4ae       0x8e ./Core/Src/main.o
 .debug_macro   0x0001f53c       0x1c ./Core/Src/main.o
 .debug_macro   0x0001f558      0x185 ./Core/Src/main.o
 .debug_macro   0x0001f6dd       0x10 ./Core/Src/main.o
 .debug_macro   0x0001f6ed       0x3c ./Core/Src/main.o
 .debug_macro   0x0001f729       0x20 ./Core/Src/main.o
 .debug_macro   0x0001f749       0x1c ./Core/Src/main.o
 .debug_macro   0x0001f765       0x10 ./Core/Src/main.o
 .debug_macro   0x0001f775       0x1c ./Core/Src/main.o
 .debug_macro   0x0001f791       0x16 ./Core/Src/main.o
 .debug_macro   0x0001f7a7      0x146 ./Core/Src/main.o
 .debug_macro   0x0001f8ed      0x1fa ./Core/Src/stm32f3xx_hal_msp.o
 .debug_macro   0x0001fae7      0x204 ./Core/Src/stm32f3xx_it.o
 .debug_macro   0x0001fceb      0x1f0 ./Core/Src/system_stm32f3xx.o
 .debug_macro   0x0001fedb      0x214 ./Drivers/STM32F3xx_HAL_Driver/Src/stm32f3xx_hal.o
 .debug_macro   0x000200ef      0x21a ./Drivers/STM32F3xx_HAL_Driver/Src/stm32f3xx_hal_adc_ex.o
 .debug_macro   0x00020309      0x1f0 ./Drivers/STM32F3xx_HAL_Driver/Src/stm32f3xx_hal_cortex.o
 .debug_macro   0x000204f9      0x1f1 ./Drivers/STM32F3xx_HAL_Driver/Src/stm32f3xx_hal_dac.o
 .debug_macro   0x000206ea      0x1f0 ./Drivers/STM32F3xx_HAL_Driver/Src/stm32f3xx_hal_dac_ex.o
 .debug_macro   0x000208da      0x1f7 ./Drivers/STM32F3xx_HAL_Driver/Src/stm32f3xx_hal_gpio.o
 .debug_macro   0x00020ad1      0x214 ./Drivers/STM32F3xx_HAL_Driver/Src/stm32f3xx_hal_rcc.o
 .debug_macro   0x00020ce5      0x1f0 ./Drivers/STM32F3xx_HAL_Driver/Src/stm32f3xx_hal_rcc_ex.o
 .debug_macro   0x00020ed5      0x1f1 ./Drivers/STM32F3xx_HAL_Driver/Src/stm32f3xx_hal_tim.o
 .debug_macro   0x000210c6      0x1f0 ./Drivers/STM32F3xx_HAL_Driver/Src/stm32f3xx_hal_tim_ex.o

.debug_line     0x00000000    0x10592
 .debug_line    0x00000000      0xd8f ./Core/Src/main.o
 .debug_line    0x00000d8f      0x88c ./Core/Src/stm32f3xx_hal_msp.o
 .debug_line    0x0000161b      0x87f ./Core/Src/stm32f3xx_it.o
 .debug_line    0x00001e9a      0x81f ./Core/Src/system_stm32f3xx.o
 .debug_line    0x000026b9       0x7a ./Core/Startup/startup_stm32f303retx.o
 .debug_line    0x00002733      0xa56 ./Drivers/STM32F3xx_HAL_Driver/Src/stm32f3xx_hal.o
 .debug_line    0x00003189     0x26a6 ./Drivers/STM32F3xx_HAL_Driver/Src/stm32f3xx_hal_adc_ex.o
 .debug_line    0x0000582f      0xd21 ./Drivers/STM32F3xx_HAL_Driver/Src/stm32f3xx_hal_cortex.o
 .debug_line    0x00006550      0x998 ./Drivers/STM32F3xx_HAL_Driver/Src/stm32f3xx_hal_dac.o
 .debug_line    0x00006ee8      0xb87 ./Drivers/STM32F3xx_HAL_Driver/Src/stm32f3xx_hal_dac_ex.o
 .debug_line    0x00007a6f      0xbc9 ./Drivers/STM32F3xx_HAL_Driver/Src/stm32f3xx_hal_gpio.o
 .debug_line    0x00008638     0x15cd ./Drivers/STM32F3xx_HAL_Driver/Src/stm32f3xx_hal_rcc.o
 .debug_line    0x00009c05      0xfb9 ./Drivers/STM32F3xx_HAL_Driver/Src/stm32f3xx_hal_rcc_ex.o
 .debug_line    0x0000abbe     0x3f0d ./Drivers/STM32F3xx_HAL_Driver/Src/stm32f3xx_hal_tim.o
 .debug_line    0x0000eacb     0x1ac7 ./Drivers/STM32F3xx_HAL_Driver/Src/stm32f3xx_hal_tim_ex.o

.debug_str      0x00000000    0xcfb19
 .debug_str     0x00000000    0xcfb19 ./Core/Src/main.o
                              0xcd2bb (size before relaxing)
 .debug_str     0x000cfb19    0xc98d8 ./Core/Src/stm32f3xx_hal_msp.o
 .debug_str     0x000cfb19    0xc8fe8 ./Core/Src/stm32f3xx_it.o
 .debug_str     0x000cfb19    0xc8b25 ./Core/Src/system_stm32f3xx.o
 .debug_str     0x000cfb19       0x8f ./Core/Startup/startup_stm32f303retx.o
 .debug_str     0x000cfb19    0xc93ce ./Drivers/STM32F3xx_HAL_Driver/Src/stm32f3xx_hal.o
 .debug_str     0x000cfb19    0xc982b ./Drivers/STM32F3xx_HAL_Driver/Src/stm32f3xx_hal_adc_ex.o
 .debug_str     0x000cfb19    0xc9452 ./Drivers/STM32F3xx_HAL_Driver/Src/stm32f3xx_hal_cortex.o
 .debug_str     0x000cfb19    0xc8f29 ./Drivers/STM32F3xx_HAL_Driver/Src/stm32f3xx_hal_dac.o
 .debug_str     0x000cfb19    0xc9032 ./Drivers/STM32F3xx_HAL_Driver/Src/stm32f3xx_hal_dac_ex.o
 .debug_str     0x000cfb19    0xc8d0a ./Drivers/STM32F3xx_HAL_Driver/Src/stm32f3xx_hal_gpio.o
 .debug_str     0x000cfb19    0xc8fc9 ./Drivers/STM32F3xx_HAL_Driver/Src/stm32f3xx_hal_rcc.o
 .debug_str     0x000cfb19    0xc8e13 ./Drivers/STM32F3xx_HAL_Driver/Src/stm32f3xx_hal_rcc_ex.o
 .debug_str     0x000cfb19    0xc9f5c ./Drivers/STM32F3xx_HAL_Driver/Src/stm32f3xx_hal_tim.o
 .debug_str     0x000cfb19    0xc97a2 ./Drivers/STM32F3xx_HAL_Driver/Src/stm32f3xx_hal_tim_ex.o

.comment        0x00000000       0x43
 .comment       0x00000000       0x43 ./Core/Src/main.o
                                 0x44 (size before relaxing)
 .comment       0x00000043       0x44 ./Core/Src/stm32f3xx_hal_msp.o
 .comment       0x00000043       0x44 ./Core/Src/stm32f3xx_it.o
 .comment       0x00000043       0x44 ./Core/Src/system_stm32f3xx.o
 .comment       0x00000043       0x44 ./Drivers/STM32F3xx_HAL_Driver/Src/stm32f3xx_hal.o
 .comment       0x00000043       0x44 ./Drivers/STM32F3xx_HAL_Driver/Src/stm32f3xx_hal_adc_ex.o
 .comment       0x00000043       0x44 ./Drivers/STM32F3xx_HAL_Driver/Src/stm32f3xx_hal_cortex.o
 .comment       0x00000043       0x44 ./Drivers/STM32F3xx_HAL_Driver/Src/stm32f3xx_hal_dac.o
 .comment       0x00000043       0x44 ./Drivers/STM32F3xx_HAL_Driver/Src/stm32f3xx_hal_dac_ex.o
 .comment       0x00000043       0x44 ./Drivers/STM32F3xx_HAL_Driver/Src/stm32f3xx_hal_gpio.o
 .comment       0x00000043       0x44 ./Drivers/STM32F3xx_HAL_Driver/Src/stm32f3xx_hal_rcc.o
 .comment       0x00000043       0x44 ./Drivers/STM32F3xx_HAL_Driver/Src/stm32f3xx_hal_rcc_ex.o
 .comment       0x00000043       0x44 ./Drivers/STM32F3xx_HAL_Driver/Src/stm32f3xx_hal_tim.o
 .comment       0x00000043       0x44 ./Drivers/STM32F3xx_HAL_Driver/Src/stm32f3xx_hal_tim_ex.o

.debug_frame    0x00000000     0x3530
 .debug_frame   0x00000000      0x14c ./Core/Src/main.o
 .debug_frame   0x0000014c      0x110 ./Core/Src/stm32f3xx_hal_msp.o
 .debug_frame   0x0000025c      0x13c ./Core/Src/stm32f3xx_it.o
 .debug_frame   0x00000398       0x58 ./Core/Src/system_stm32f3xx.o
 .debug_frame   0x000003f0      0x334 ./Drivers/STM32F3xx_HAL_Driver/Src/stm32f3xx_hal.o
 .debug_frame   0x00000724      0x644 ./Drivers/STM32F3xx_HAL_Driver/Src/stm32f3xx_hal_adc_ex.o
 .debug_frame   0x00000d68      0x4e8 ./Drivers/STM32F3xx_HAL_Driver/Src/stm32f3xx_hal_cortex.o
 .debug_frame   0x00001250      0x2d4 ./Drivers/STM32F3xx_HAL_Driver/Src/stm32f3xx_hal_dac.o
 .debug_frame   0x00001524      0x310 ./Drivers/STM32F3xx_HAL_Driver/Src/stm32f3xx_hal_dac_ex.o
 .debug_frame   0x00001834      0x14c ./Drivers/STM32F3xx_HAL_Driver/Src/stm32f3xx_hal_gpio.o
 .debug_frame   0x00001980      0x214 ./Drivers/STM32F3xx_HAL_Driver/Src/stm32f3xx_hal_rcc.o
 .debug_frame   0x00001b94       0xb0 ./Drivers/STM32F3xx_HAL_Driver/Src/stm32f3xx_hal_rcc_ex.o
 .debug_frame   0x00001c44     0x1218 ./Drivers/STM32F3xx_HAL_Driver/Src/stm32f3xx_hal_tim.o
 .debug_frame   0x00002e5c      0x688 ./Drivers/STM32F3xx_HAL_Driver/Src/stm32f3xx_hal_tim_ex.o
 .debug_frame   0x000034e4       0x20 C:/ST/STM32CubeIDE_1.18.0/STM32CubeIDE/plugins/com.st.stm32cube.ide.mcu.externaltools.gnu-tools-for-stm32.13.3.rel1.win32_1.0.0.202411081344/tools/bin/../lib/gcc/arm-none-eabi/13.3.1/../../../../arm-none-eabi/lib/thumb/v7e-m+fp/hard\libc_nano.a(libc_a-memset.o)
 .debug_frame   0x00003504       0x2c C:/ST/STM32CubeIDE_1.18.0/STM32CubeIDE/plugins/com.st.stm32cube.ide.mcu.externaltools.gnu-tools-for-stm32.13.3.rel1.win32_1.0.0.202411081344/tools/bin/../lib/gcc/arm-none-eabi/13.3.1/../../../../arm-none-eabi/lib/thumb/v7e-m+fp/hard\libc_nano.a(libc_a-init.o)

.debug_line_str
                0x00000000       0x73
 .debug_line_str
                0x00000000       0x73 ./Core/Startup/startup_stm32f303retx.o
