../Core/Src/main.c:83:6:HAL_TIM_PeriodElapsedCallback	16	static
../Core/Src/main.c:162:6:HAL_UART_TxCpltCallback	16	static
../Core/Src/main.c:173:5:main	24	static
../Core/Src/main.c:270:6:SystemClock_Config	160	static
../Core/Src/main.c:321:13:MX_ADC1_Init	48	static
../Core/Src/main.c:387:13:MX_DAC1_Init	24	static
../Core/Src/main.c:427:13:MX_TIM1_Init	40	static
../Core/Src/main.c:474:13:MX_TIM2_Init	40	static
../Core/Src/main.c:519:13:MX_USART1_UART_Init	8	static
../Core/Src/main.c:554:13:MX_GPIO_Init	40	static
../Core/Src/main.c:599:6:Error_Handler	4	static,ignoring_inline_asm
