../Core/Src/main.c:109:8:raiseToPow	40	static
../Core/Src/main.c:121:8:sin	32	static
../Core/Src/main.c:237:6:HAL_TIM_PeriodElapsedCallback	40	static
../Core/Src/main.c:282:5:main	8	static
../Core/Src/main.c:372:6:SystemClock_Config	160	static
../Core/Src/main.c:422:13:MX_ADC1_Init	48	static
../Core/Src/main.c:488:13:MX_DAC1_Init	24	static
../Core/Src/main.c:528:13:MX_TIM1_Init	40	static
../Core/Src/main.c:575:13:MX_TIM2_Init	40	static
../Core/Src/main.c:620:13:MX_GPIO_Init	40	static
../Core/Src/main.c:664:6:Error_Handler	4	static,ignoring_inline_asm
