../Core/Src/main.c:85:8:raiseToPow	40	static
../Core/Src/main.c:96:8:sin	32	static
../Core/Src/main.c:101:6:HAL_TIM_PeriodElapsedCallback	40	static
../Core/Src/main.c:146:5:main	8	static
../Core/Src/main.c:211:6:SystemClock_Config	160	static
../Core/Src/main.c:261:13:MX_ADC1_Init	48	static
../Core/Src/main.c:327:13:MX_DAC1_Init	24	static
../Core/Src/main.c:367:13:MX_TIM1_Init	40	static
../Core/Src/main.c:414:13:MX_TIM2_Init	40	static
../Core/Src/main.c:459:13:MX_GPIO_Init	16	static
../Core/Src/main.c:481:6:Error_Handler	4	static,ignoring_inline_asm
