10:56:05 **** Clean-only build of configuration Debug for project study_stm_1 ****
make -j2 clean 
rm -rf ./Drivers/STM32F3xx_HAL_Driver/Src/stm32f3xx_hal.cyclo ./Drivers/STM32F3xx_HAL_Driver/Src/stm32f3xx_hal.d ./Drivers/STM32F3xx_HAL_Driver/Src/stm32f3xx_hal.o ./Drivers/STM32F3xx_HAL_Driver/Src/stm32f3xx_hal.su ./Drivers/STM32F3xx_HAL_Driver/Src/stm32f3xx_hal_adc.cyclo ./Drivers/STM32F3xx_HAL_Driver/Src/stm32f3xx_hal_adc.d ./Drivers/STM32F3xx_HAL_Driver/Src/stm32f3xx_hal_adc.o ./Drivers/STM32F3xx_HAL_Driver/Src/stm32f3xx_hal_adc.su ./Drivers/STM32F3xx_HAL_Driver/Src/stm32f3xx_hal_adc_ex.cyclo ./Drivers/STM32F3xx_HAL_Driver/Src/stm32f3xx_hal_adc_ex.d ./Drivers/STM32F3xx_HAL_Driver/Src/stm32f3xx_hal_adc_ex.o ./Drivers/STM32F3xx_HAL_Driver/Src/stm32f3xx_hal_adc_ex.su ./Drivers/STM32F3xx_HAL_Driver/Src/stm32f3xx_hal_cortex.cyclo ./Drivers/STM32F3xx_HAL_Driver/Src/stm32f3xx_hal_cortex.d ./Drivers/STM32F3xx_HAL_Driver/Src/stm32f3xx_hal_cortex.o ./Drivers/STM32F3xx_HAL_Driver/Src/stm32f3xx_hal_cortex.su ./Drivers/STM32F3xx_HAL_Driver/Src/stm32f3xx_hal_dac.cyclo ./Drivers/STM32F3xx_HAL_Driver/Src/stm32f3xx_hal_dac.d ./Drivers/STM32F3xx_HAL_Driver/Src/stm32f3xx_hal_dac.o ./Drivers/STM32F3xx_HAL_Driver/Src/stm32f3xx_hal_dac.su ./Drivers/STM32F3xx_HAL_Driver/Src/stm32f3xx_hal_dac_ex.cyclo ./Drivers/STM32F3xx_HAL_Driver/Src/stm32f3xx_hal_dac_ex.d ./Drivers/STM32F3xx_HAL_Driver/Src/stm32f3xx_hal_dac_ex.o ./Drivers/STM32F3xx_HAL_Driver/Src/stm32f3xx_hal_dac_ex.su ./Drivers/STM32F3xx_HAL_Driver/Src/stm32f3xx_hal_dma.cyclo ./Drivers/STM32F3xx_HAL_Driver/Src/stm32f3xx_hal_dma.d ./Drivers/STM32F3xx_HAL_Driver/Src/stm32f3xx_hal_dma.o ./Drivers/STM32F3xx_HAL_Driver/Src/stm32f3xx_hal_dma.su ./Drivers/STM32F3xx_HAL_Driver/Src/stm32f3xx_hal_exti.cyclo ./Drivers/STM32F3xx_HAL_Driver/Src/stm32f3xx_hal_exti.d ./Drivers/STM32F3xx_HAL_Driver/Src/stm32f3xx_hal_exti.o ./Drivers/STM32F3xx_HAL_Driver/Src/stm32f3xx_hal_exti.su ./Drivers/STM32F3xx_HAL_Driver/Src/stm32f3xx_hal_flash.cyclo ./Drivers/STM32F3xx_HAL_Driver/Src/stm32f3xx_hal_flash.d ./Drivers/STM32F3xx_HAL_Driver/Src/stm32f3xx_hal_flash.o ./Drivers/STM32F3xx_HAL_Driver/Src/stm32f3xx_hal_flash.su ./Drivers/STM32F3xx_HAL_Driver/Src/stm32f3xx_hal_flash_ex.cyclo ./Drivers/STM32F3xx_HAL_Driver/Src/stm32f3xx_hal_flash_ex.d ./Drivers/STM32F3xx_HAL_Driver/Src/stm32f3xx_hal_flash_ex.o ./Drivers/STM32F3xx_HAL_Driver/Src/stm32f3xx_hal_flash_ex.su ./Drivers/STM32F3xx_HAL_Driver/Src/stm32f3xx_hal_gpio.cyclo ./Drivers/STM32F3xx_HAL_Driver/Src/stm32f3xx_hal_gpio.d ./Drivers/STM32F3xx_HAL_Driver/Src/stm32f3xx_hal_gpio.o ./Drivers/STM32F3xx_HAL_Driver/Src/stm32f3xx_hal_gpio.su ./Drivers/STM32F3xx_HAL_Driver/Src/stm32f3xx_hal_i2c.cyclo ./Drivers/STM32F3xx_HAL_Driver/Src/stm32f3xx_hal_i2c.d ./Drivers/STM32F3xx_HAL_Driver/Src/stm32f3xx_hal_i2c.o ./Drivers/STM32F3xx_HAL_Driver/Src/stm32f3xx_hal_i2c.su ./Drivers/STM32F3xx_HAL_Driver/Src/stm32f3xx_hal_i2c_ex.cyclo ./Drivers/STM32F3xx_HAL_Driver/Src/stm32f3xx_hal_i2c_ex.d ./Drivers/STM32F3xx_HAL_Driver/Src/stm32f3xx_hal_i2c_ex.o ./Drivers/STM32F3xx_HAL_Driver/Src/stm32f3xx_hal_i2c_ex.su ./Drivers/STM32F3xx_HAL_Driver/Src/stm32f3xx_hal_pwr.cyclo ./Drivers/STM32F3xx_HAL_Driver/Src/stm32f3xx_hal_pwr.d ./Drivers/STM32F3xx_HAL_Driver/Src/stm32f3xx_hal_pwr.o ./Drivers/STM32F3xx_HAL_Driver/Src/stm32f3xx_hal_pwr.su ./Drivers/STM32F3xx_HAL_Driver/Src/stm32f3xx_hal_pwr_ex.cyclo ./Drivers/STM32F3xx_HAL_Driver/Src/stm32f3xx_hal_pwr_ex.d ./Drivers/STM32F3xx_HAL_Driver/Src/stm32f3xx_hal_pwr_ex.o ./Drivers/STM32F3xx_HAL_Driver/Src/stm32f3xx_hal_pwr_ex.su ./Drivers/STM32F3xx_HAL_Driver/Src/stm32f3xx_hal_rcc.cyclo ./Drivers/STM32F3xx_HAL_Driver/Src/stm32f3xx_hal_rcc.d ./Drivers/STM32F3xx_HAL_Driver/Src/stm32f3xx_hal_rcc.o ./Drivers/STM32F3xx_HAL_Driver/Src/stm32f3xx_hal_rcc.su ./Drivers/STM32F3xx_HAL_Driver/Src/stm32f3xx_hal_rcc_ex.cyclo ./Drivers/STM32F3xx_HAL_Driver/Src/stm32f3xx_hal_rcc_ex.d ./Drivers/STM32F3xx_HAL_Driver/Src/stm32f3xx_hal_rcc_ex.o ./Drivers/STM32F3xx_HAL_Driver/Src/stm32f3xx_hal_rcc_ex.su ./Drivers/STM32F3xx_HAL_Driver/Src/stm32f3xx_hal_tim.cyclo ./Drivers/STM32F3xx_HAL_Driver/Src/stm32f3xx_hal_tim.d ./Drivers/STM32F3xx_HAL_Driver/Src/stm32f3xx_hal_tim.o ./Drivers/STM32F3xx_HAL_Driver/Src/stm32f3xx_hal_tim.su ./Drivers/STM32F3xx_HAL_Driver/Src/stm32f3xx_hal_tim_ex.cyclo ./Drivers/STM32F3xx_HAL_Driver/Src/stm32f3xx_hal_tim_ex.d ./Drivers/STM32F3xx_HAL_Driver/Src/stm32f3xx_hal_tim_ex.o ./Drivers/STM32F3xx_HAL_Driver/Src/stm32f3xx_hal_tim_ex.su
rm -rf ./Core/Startup/startup_stm32f303retx.d ./Core/Startup/startup_stm32f303retx.o
rm -rf ./Core/Src/main.cyclo ./Core/Src/main.d ./Core/Src/main.o ./Core/Src/main.su ./Core/Src/stm32f3xx_hal_msp.cyclo ./Core/Src/stm32f3xx_hal_msp.d ./Core/Src/stm32f3xx_hal_msp.o ./Core/Src/stm32f3xx_hal_msp.su ./Core/Src/stm32f3xx_it.cyclo ./Core/Src/stm32f3xx_it.d ./Core/Src/stm32f3xx_it.o ./Core/Src/stm32f3xx_it.su ./Core/Src/syscalls.cyclo ./Core/Src/syscalls.d ./Core/Src/syscalls.o ./Core/Src/syscalls.su ./Core/Src/sysmem.cyclo ./Core/Src/sysmem.d ./Core/Src/sysmem.o ./Core/Src/sysmem.su ./Core/Src/system_stm32f3xx.cyclo ./Core/Src/system_stm32f3xx.d ./Core/Src/system_stm32f3xx.o ./Core/Src/system_stm32f3xx.su
rm -rf default.size.stdout study_stm_1.bin study_stm_1.elf study_stm_1.hex study_stm_1.list study_stm_1.map
 
10:56:10 **** Build of configuration Debug for project study_stm_1 ****
make -j2 all 
arm-none-eabi-gcc "../Drivers/STM32F3xx_HAL_Driver/Src/stm32f3xx_hal.c" -mcpu=cortex-m4 -std=gnu11 -g3 -DDEBUG -DUSE_HAL_DRIVER -DSTM32F303xE -c -I../Core/Inc -I../Drivers/STM32F3xx_HAL_Driver/Inc/Legacy -I../Drivers/STM32F3xx_HAL_Driver/Inc -I../Drivers/CMSIS/Device/ST/STM32F3xx/Include -I../Drivers/CMSIS/Include -O0 -ffunction-sections -fdata-sections -Wall -fstack-usage -fcyclomatic-complexity -MMD -MP -MF"Drivers/STM32F3xx_HAL_Driver/Src/stm32f3xx_hal.d" -MT"Drivers/STM32F3xx_HAL_Driver/Src/stm32f3xx_hal.o" --specs=nano.specs -mfpu=fpv4-sp-d16 -mfloat-abi=hard -mthumb -o "Drivers/STM32F3xx_HAL_Driver/Src/stm32f3xx_hal.o"
arm-none-eabi-gcc "../Drivers/STM32F3xx_HAL_Driver/Src/stm32f3xx_hal_adc.c" -mcpu=cortex-m4 -std=gnu11 -g3 -DDEBUG -DUSE_HAL_DRIVER -DSTM32F303xE -c -I../Core/Inc -I../Drivers/STM32F3xx_HAL_Driver/Inc/Legacy -I../Drivers/STM32F3xx_HAL_Driver/Inc -I../Drivers/CMSIS/Device/ST/STM32F3xx/Include -I../Drivers/CMSIS/Include -O0 -ffunction-sections -fdata-sections -Wall -fstack-usage -fcyclomatic-complexity -MMD -MP -MF"Drivers/STM32F3xx_HAL_Driver/Src/stm32f3xx_hal_adc.d" -MT"Drivers/STM32F3xx_HAL_Driver/Src/stm32f3xx_hal_adc.o" --specs=nano.specs -mfpu=fpv4-sp-d16 -mfloat-abi=hard -mthumb -o "Drivers/STM32F3xx_HAL_Driver/Src/stm32f3xx_hal_adc.o"
arm-none-eabi-gcc "../Drivers/STM32F3xx_HAL_Driver/Src/stm32f3xx_hal_adc_ex.c" -mcpu=cortex-m4 -std=gnu11 -g3 -DDEBUG -DUSE_HAL_DRIVER -DSTM32F303xE -c -I../Core/Inc -I../Drivers/STM32F3xx_HAL_Driver/Inc/Legacy -I../Drivers/STM32F3xx_HAL_Driver/Inc -I../Drivers/CMSIS/Device/ST/STM32F3xx/Include -I../Drivers/CMSIS/Include -O0 -ffunction-sections -fdata-sections -Wall -fstack-usage -fcyclomatic-complexity -MMD -MP -MF"Drivers/STM32F3xx_HAL_Driver/Src/stm32f3xx_hal_adc_ex.d" -MT"Drivers/STM32F3xx_HAL_Driver/Src/stm32f3xx_hal_adc_ex.o" --specs=nano.specs -mfpu=fpv4-sp-d16 -mfloat-abi=hard -mthumb -o "Drivers/STM32F3xx_HAL_Driver/Src/stm32f3xx_hal_adc_ex.o"
arm-none-eabi-gcc "../Drivers/STM32F3xx_HAL_Driver/Src/stm32f3xx_hal_cortex.c" -mcpu=cortex-m4 -std=gnu11 -g3 -DDEBUG -DUSE_HAL_DRIVER -DSTM32F303xE -c -I../Core/Inc -I../Drivers/STM32F3xx_HAL_Driver/Inc/Legacy -I../Drivers/STM32F3xx_HAL_Driver/Inc -I../Drivers/CMSIS/Device/ST/STM32F3xx/Include -I../Drivers/CMSIS/Include -O0 -ffunction-sections -fdata-sections -Wall -fstack-usage -fcyclomatic-complexity -MMD -MP -MF"Drivers/STM32F3xx_HAL_Driver/Src/stm32f3xx_hal_cortex.d" -MT"Drivers/STM32F3xx_HAL_Driver/Src/stm32f3xx_hal_cortex.o" --specs=nano.specs -mfpu=fpv4-sp-d16 -mfloat-abi=hard -mthumb -o "Drivers/STM32F3xx_HAL_Driver/Src/stm32f3xx_hal_cortex.o"
arm-none-eabi-gcc "../Drivers/STM32F3xx_HAL_Driver/Src/stm32f3xx_hal_dac.c" -mcpu=cortex-m4 -std=gnu11 -g3 -DDEBUG -DUSE_HAL_DRIVER -DSTM32F303xE -c -I../Core/Inc -I../Drivers/STM32F3xx_HAL_Driver/Inc/Legacy -I../Drivers/STM32F3xx_HAL_Driver/Inc -I../Drivers/CMSIS/Device/ST/STM32F3xx/Include -I../Drivers/CMSIS/Include -O0 -ffunction-sections -fdata-sections -Wall -fstack-usage -fcyclomatic-complexity -MMD -MP -MF"Drivers/STM32F3xx_HAL_Driver/Src/stm32f3xx_hal_dac.d" -MT"Drivers/STM32F3xx_HAL_Driver/Src/stm32f3xx_hal_dac.o" --specs=nano.specs -mfpu=fpv4-sp-d16 -mfloat-abi=hard -mthumb -o "Drivers/STM32F3xx_HAL_Driver/Src/stm32f3xx_hal_dac.o"
arm-none-eabi-gcc "../Drivers/STM32F3xx_HAL_Driver/Src/stm32f3xx_hal_dac_ex.c" -mcpu=cortex-m4 -std=gnu11 -g3 -DDEBUG -DUSE_HAL_DRIVER -DSTM32F303xE -c -I../Core/Inc -I../Drivers/STM32F3xx_HAL_Driver/Inc/Legacy -I../Drivers/STM32F3xx_HAL_Driver/Inc -I../Drivers/CMSIS/Device/ST/STM32F3xx/Include -I../Drivers/CMSIS/Include -O0 -ffunction-sections -fdata-sections -Wall -fstack-usage -fcyclomatic-complexity -MMD -MP -MF"Drivers/STM32F3xx_HAL_Driver/Src/stm32f3xx_hal_dac_ex.d" -MT"Drivers/STM32F3xx_HAL_Driver/Src/stm32f3xx_hal_dac_ex.o" --specs=nano.specs -mfpu=fpv4-sp-d16 -mfloat-abi=hard -mthumb -o "Drivers/STM32F3xx_HAL_Driver/Src/stm32f3xx_hal_dac_ex.o"
arm-none-eabi-gcc "../Drivers/STM32F3xx_HAL_Driver/Src/stm32f3xx_hal_dma.c" -mcpu=cortex-m4 -std=gnu11 -g3 -DDEBUG -DUSE_HAL_DRIVER -DSTM32F303xE -c -I../Core/Inc -I../Drivers/STM32F3xx_HAL_Driver/Inc/Legacy -I../Drivers/STM32F3xx_HAL_Driver/Inc -I../Drivers/CMSIS/Device/ST/STM32F3xx/Include -I../Drivers/CMSIS/Include -O0 -ffunction-sections -fdata-sections -Wall -fstack-usage -fcyclomatic-complexity -MMD -MP -MF"Drivers/STM32F3xx_HAL_Driver/Src/stm32f3xx_hal_dma.d" -MT"Drivers/STM32F3xx_HAL_Driver/Src/stm32f3xx_hal_dma.o" --specs=nano.specs -mfpu=fpv4-sp-d16 -mfloat-abi=hard -mthumb -o "Drivers/STM32F3xx_HAL_Driver/Src/stm32f3xx_hal_dma.o"
arm-none-eabi-gcc "../Drivers/STM32F3xx_HAL_Driver/Src/stm32f3xx_hal_exti.c" -mcpu=cortex-m4 -std=gnu11 -g3 -DDEBUG -DUSE_HAL_DRIVER -DSTM32F303xE -c -I../Core/Inc -I../Drivers/STM32F3xx_HAL_Driver/Inc/Legacy -I../Drivers/STM32F3xx_HAL_Driver/Inc -I../Drivers/CMSIS/Device/ST/STM32F3xx/Include -I../Drivers/CMSIS/Include -O0 -ffunction-sections -fdata-sections -Wall -fstack-usage -fcyclomatic-complexity -MMD -MP -MF"Drivers/STM32F3xx_HAL_Driver/Src/stm32f3xx_hal_exti.d" -MT"Drivers/STM32F3xx_HAL_Driver/Src/stm32f3xx_hal_exti.o" --specs=nano.specs -mfpu=fpv4-sp-d16 -mfloat-abi=hard -mthumb -o "Drivers/STM32F3xx_HAL_Driver/Src/stm32f3xx_hal_exti.o"
arm-none-eabi-gcc "../Drivers/STM32F3xx_HAL_Driver/Src/stm32f3xx_hal_flash.c" -mcpu=cortex-m4 -std=gnu11 -g3 -DDEBUG -DUSE_HAL_DRIVER -DSTM32F303xE -c -I../Core/Inc -I../Drivers/STM32F3xx_HAL_Driver/Inc/Legacy -I../Drivers/STM32F3xx_HAL_Driver/Inc -I../Drivers/CMSIS/Device/ST/STM32F3xx/Include -I../Drivers/CMSIS/Include -O0 -ffunction-sections -fdata-sections -Wall -fstack-usage -fcyclomatic-complexity -MMD -MP -MF"Drivers/STM32F3xx_HAL_Driver/Src/stm32f3xx_hal_flash.d" -MT"Drivers/STM32F3xx_HAL_Driver/Src/stm32f3xx_hal_flash.o" --specs=nano.specs -mfpu=fpv4-sp-d16 -mfloat-abi=hard -mthumb -o "Drivers/STM32F3xx_HAL_Driver/Src/stm32f3xx_hal_flash.o"
arm-none-eabi-gcc "../Drivers/STM32F3xx_HAL_Driver/Src/stm32f3xx_hal_flash_ex.c" -mcpu=cortex-m4 -std=gnu11 -g3 -DDEBUG -DUSE_HAL_DRIVER -DSTM32F303xE -c -I../Core/Inc -I../Drivers/STM32F3xx_HAL_Driver/Inc/Legacy -I../Drivers/STM32F3xx_HAL_Driver/Inc -I../Drivers/CMSIS/Device/ST/STM32F3xx/Include -I../Drivers/CMSIS/Include -O0 -ffunction-sections -fdata-sections -Wall -fstack-usage -fcyclomatic-complexity -MMD -MP -MF"Drivers/STM32F3xx_HAL_Driver/Src/stm32f3xx_hal_flash_ex.d" -MT"Drivers/STM32F3xx_HAL_Driver/Src/stm32f3xx_hal_flash_ex.o" --specs=nano.specs -mfpu=fpv4-sp-d16 -mfloat-abi=hard -mthumb -o "Drivers/STM32F3xx_HAL_Driver/Src/stm32f3xx_hal_flash_ex.o"
arm-none-eabi-gcc "../Drivers/STM32F3xx_HAL_Driver/Src/stm32f3xx_hal_gpio.c" -mcpu=cortex-m4 -std=gnu11 -g3 -DDEBUG -DUSE_HAL_DRIVER -DSTM32F303xE -c -I../Core/Inc -I../Drivers/STM32F3xx_HAL_Driver/Inc/Legacy -I../Drivers/STM32F3xx_HAL_Driver/Inc -I../Drivers/CMSIS/Device/ST/STM32F3xx/Include -I../Drivers/CMSIS/Include -O0 -ffunction-sections -fdata-sections -Wall -fstack-usage -fcyclomatic-complexity -MMD -MP -MF"Drivers/STM32F3xx_HAL_Driver/Src/stm32f3xx_hal_gpio.d" -MT"Drivers/STM32F3xx_HAL_Driver/Src/stm32f3xx_hal_gpio.o" --specs=nano.specs -mfpu=fpv4-sp-d16 -mfloat-abi=hard -mthumb -o "Drivers/STM32F3xx_HAL_Driver/Src/stm32f3xx_hal_gpio.o"
arm-none-eabi-gcc "../Drivers/STM32F3xx_HAL_Driver/Src/stm32f3xx_hal_i2c.c" -mcpu=cortex-m4 -std=gnu11 -g3 -DDEBUG -DUSE_HAL_DRIVER -DSTM32F303xE -c -I../Core/Inc -I../Drivers/STM32F3xx_HAL_Driver/Inc/Legacy -I../Drivers/STM32F3xx_HAL_Driver/Inc -I../Drivers/CMSIS/Device/ST/STM32F3xx/Include -I../Drivers/CMSIS/Include -O0 -ffunction-sections -fdata-sections -Wall -fstack-usage -fcyclomatic-complexity -MMD -MP -MF"Drivers/STM32F3xx_HAL_Driver/Src/stm32f3xx_hal_i2c.d" -MT"Drivers/STM32F3xx_HAL_Driver/Src/stm32f3xx_hal_i2c.o" --specs=nano.specs -mfpu=fpv4-sp-d16 -mfloat-abi=hard -mthumb -o "Drivers/STM32F3xx_HAL_Driver/Src/stm32f3xx_hal_i2c.o"
arm-none-eabi-gcc "../Drivers/STM32F3xx_HAL_Driver/Src/stm32f3xx_hal_i2c_ex.c" -mcpu=cortex-m4 -std=gnu11 -g3 -DDEBUG -DUSE_HAL_DRIVER -DSTM32F303xE -c -I../Core/Inc -I../Drivers/STM32F3xx_HAL_Driver/Inc/Legacy -I../Drivers/STM32F3xx_HAL_Driver/Inc -I../Drivers/CMSIS/Device/ST/STM32F3xx/Include -I../Drivers/CMSIS/Include -O0 -ffunction-sections -fdata-sections -Wall -fstack-usage -fcyclomatic-complexity -MMD -MP -MF"Drivers/STM32F3xx_HAL_Driver/Src/stm32f3xx_hal_i2c_ex.d" -MT"Drivers/STM32F3xx_HAL_Driver/Src/stm32f3xx_hal_i2c_ex.o" --specs=nano.specs -mfpu=fpv4-sp-d16 -mfloat-abi=hard -mthumb -o "Drivers/STM32F3xx_HAL_Driver/Src/stm32f3xx_hal_i2c_ex.o"
arm-none-eabi-gcc "../Drivers/STM32F3xx_HAL_Driver/Src/stm32f3xx_hal_pwr.c" -mcpu=cortex-m4 -std=gnu11 -g3 -DDEBUG -DUSE_HAL_DRIVER -DSTM32F303xE -c -I../Core/Inc -I../Drivers/STM32F3xx_HAL_Driver/Inc/Legacy -I../Drivers/STM32F3xx_HAL_Driver/Inc -I../Drivers/CMSIS/Device/ST/STM32F3xx/Include -I../Drivers/CMSIS/Include -O0 -ffunction-sections -fdata-sections -Wall -fstack-usage -fcyclomatic-complexity -MMD -MP -MF"Drivers/STM32F3xx_HAL_Driver/Src/stm32f3xx_hal_pwr.d" -MT"Drivers/STM32F3xx_HAL_Driver/Src/stm32f3xx_hal_pwr.o" --specs=nano.specs -mfpu=fpv4-sp-d16 -mfloat-abi=hard -mthumb -o "Drivers/STM32F3xx_HAL_Driver/Src/stm32f3xx_hal_pwr.o"
arm-none-eabi-gcc "../Drivers/STM32F3xx_HAL_Driver/Src/stm32f3xx_hal_pwr_ex.c" -mcpu=cortex-m4 -std=gnu11 -g3 -DDEBUG -DUSE_HAL_DRIVER -DSTM32F303xE -c -I../Core/Inc -I../Drivers/STM32F3xx_HAL_Driver/Inc/Legacy -I../Drivers/STM32F3xx_HAL_Driver/Inc -I../Drivers/CMSIS/Device/ST/STM32F3xx/Include -I../Drivers/CMSIS/Include -O0 -ffunction-sections -fdata-sections -Wall -fstack-usage -fcyclomatic-complexity -MMD -MP -MF"Drivers/STM32F3xx_HAL_Driver/Src/stm32f3xx_hal_pwr_ex.d" -MT"Drivers/STM32F3xx_HAL_Driver/Src/stm32f3xx_hal_pwr_ex.o" --specs=nano.specs -mfpu=fpv4-sp-d16 -mfloat-abi=hard -mthumb -o "Drivers/STM32F3xx_HAL_Driver/Src/stm32f3xx_hal_pwr_ex.o"
arm-none-eabi-gcc "../Drivers/STM32F3xx_HAL_Driver/Src/stm32f3xx_hal_rcc.c" -mcpu=cortex-m4 -std=gnu11 -g3 -DDEBUG -DUSE_HAL_DRIVER -DSTM32F303xE -c -I../Core/Inc -I../Drivers/STM32F3xx_HAL_Driver/Inc/Legacy -I../Drivers/STM32F3xx_HAL_Driver/Inc -I../Drivers/CMSIS/Device/ST/STM32F3xx/Include -I../Drivers/CMSIS/Include -O0 -ffunction-sections -fdata-sections -Wall -fstack-usage -fcyclomatic-complexity -MMD -MP -MF"Drivers/STM32F3xx_HAL_Driver/Src/stm32f3xx_hal_rcc.d" -MT"Drivers/STM32F3xx_HAL_Driver/Src/stm32f3xx_hal_rcc.o" --specs=nano.specs -mfpu=fpv4-sp-d16 -mfloat-abi=hard -mthumb -o "Drivers/STM32F3xx_HAL_Driver/Src/stm32f3xx_hal_rcc.o"
arm-none-eabi-gcc "../Drivers/STM32F3xx_HAL_Driver/Src/stm32f3xx_hal_rcc_ex.c" -mcpu=cortex-m4 -std=gnu11 -g3 -DDEBUG -DUSE_HAL_DRIVER -DSTM32F303xE -c -I../Core/Inc -I../Drivers/STM32F3xx_HAL_Driver/Inc/Legacy -I../Drivers/STM32F3xx_HAL_Driver/Inc -I../Drivers/CMSIS/Device/ST/STM32F3xx/Include -I../Drivers/CMSIS/Include -O0 -ffunction-sections -fdata-sections -Wall -fstack-usage -fcyclomatic-complexity -MMD -MP -MF"Drivers/STM32F3xx_HAL_Driver/Src/stm32f3xx_hal_rcc_ex.d" -MT"Drivers/STM32F3xx_HAL_Driver/Src/stm32f3xx_hal_rcc_ex.o" --specs=nano.specs -mfpu=fpv4-sp-d16 -mfloat-abi=hard -mthumb -o "Drivers/STM32F3xx_HAL_Driver/Src/stm32f3xx_hal_rcc_ex.o"
arm-none-eabi-gcc "../Drivers/STM32F3xx_HAL_Driver/Src/stm32f3xx_hal_tim.c" -mcpu=cortex-m4 -std=gnu11 -g3 -DDEBUG -DUSE_HAL_DRIVER -DSTM32F303xE -c -I../Core/Inc -I../Drivers/STM32F3xx_HAL_Driver/Inc/Legacy -I../Drivers/STM32F3xx_HAL_Driver/Inc -I../Drivers/CMSIS/Device/ST/STM32F3xx/Include -I../Drivers/CMSIS/Include -O0 -ffunction-sections -fdata-sections -Wall -fstack-usage -fcyclomatic-complexity -MMD -MP -MF"Drivers/STM32F3xx_HAL_Driver/Src/stm32f3xx_hal_tim.d" -MT"Drivers/STM32F3xx_HAL_Driver/Src/stm32f3xx_hal_tim.o" --specs=nano.specs -mfpu=fpv4-sp-d16 -mfloat-abi=hard -mthumb -o "Drivers/STM32F3xx_HAL_Driver/Src/stm32f3xx_hal_tim.o"
arm-none-eabi-gcc "../Drivers/STM32F3xx_HAL_Driver/Src/stm32f3xx_hal_tim_ex.c" -mcpu=cortex-m4 -std=gnu11 -g3 -DDEBUG -DUSE_HAL_DRIVER -DSTM32F303xE -c -I../Core/Inc -I../Drivers/STM32F3xx_HAL_Driver/Inc/Legacy -I../Drivers/STM32F3xx_HAL_Driver/Inc -I../Drivers/CMSIS/Device/ST/STM32F3xx/Include -I../Drivers/CMSIS/Include -O0 -ffunction-sections -fdata-sections -Wall -fstack-usage -fcyclomatic-complexity -MMD -MP -MF"Drivers/STM32F3xx_HAL_Driver/Src/stm32f3xx_hal_tim_ex.d" -MT"Drivers/STM32F3xx_HAL_Driver/Src/stm32f3xx_hal_tim_ex.o" --specs=nano.specs -mfpu=fpv4-sp-d16 -mfloat-abi=hard -mthumb -o "Drivers/STM32F3xx_HAL_Driver/Src/stm32f3xx_hal_tim_ex.o"
arm-none-eabi-gcc -mcpu=cortex-m4 -g3 -DDEBUG -c -x assembler-with-cpp -MMD -MP -MF"Core/Startup/startup_stm32f303retx.d" -MT"Core/Startup/startup_stm32f303retx.o" --specs=nano.specs -mfpu=fpv4-sp-d16 -mfloat-abi=hard -mthumb -o "Core/Startup/startup_stm32f303retx.o" "../Core/Startup/startup_stm32f303retx.s"
arm-none-eabi-gcc "../Core/Src/main.c" -mcpu=cortex-m4 -std=gnu11 -g3 -DDEBUG -DUSE_HAL_DRIVER -DSTM32F303xE -c -I../Core/Inc -I../Drivers/STM32F3xx_HAL_Driver/Inc/Legacy -I../Drivers/STM32F3xx_HAL_Driver/Inc -I../Drivers/CMSIS/Device/ST/STM32F3xx/Include -I../Drivers/CMSIS/Include -O0 -ffunction-sections -fdata-sections -Wall -fstack-usage -fcyclomatic-complexity -MMD -MP -MF"Core/Src/main.d" -MT"Core/Src/main.o" --specs=nano.specs -mfpu=fpv4-sp-d16 -mfloat-abi=hard -mthumb -o "Core/Src/main.o"
arm-none-eabi-gcc "../Core/Src/stm32f3xx_hal_msp.c" -mcpu=cortex-m4 -std=gnu11 -g3 -DDEBUG -DUSE_HAL_DRIVER -DSTM32F303xE -c -I../Core/Inc -I../Drivers/STM32F3xx_HAL_Driver/Inc/Legacy -I../Drivers/STM32F3xx_HAL_Driver/Inc -I../Drivers/CMSIS/Device/ST/STM32F3xx/Include -I../Drivers/CMSIS/Include -O0 -ffunction-sections -fdata-sections -Wall -fstack-usage -fcyclomatic-complexity -MMD -MP -MF"Core/Src/stm32f3xx_hal_msp.d" -MT"Core/Src/stm32f3xx_hal_msp.o" --specs=nano.specs -mfpu=fpv4-sp-d16 -mfloat-abi=hard -mthumb -o "Core/Src/stm32f3xx_hal_msp.o"
../Core/Src/main.c: In function 'HAL_TIM_PeriodElapsedCallback':
../Core/Src/main.c:81:17: error: too many arguments to function 'HAL_GPIO_TogglePin'
   81 |                 HAL_GPIO_TogglePin(GPIOA, GPIO_PIN_5, GPIO_PIN_RESET);
      |                 ^~~~~~~~~~~~~~~~~~
In file included from ../Core/Inc/stm32f3xx_hal_conf.h:204,
                 from ../Drivers/STM32F3xx_HAL_Driver/Inc/stm32f3xx_hal.h:29,
                 from ../Core/Inc/main.h:30,
                 from ../Core/Src/main.c:20:
../Drivers/STM32F3xx_HAL_Driver/Inc/stm32f3xx_hal_gpio.h:296:19: note: declared here
  296 | void              HAL_GPIO_TogglePin(GPIO_TypeDef* GPIOx, uint16_t GPIO_Pin);
      |                   ^~~~~~~~~~~~~~~~~~
../Core/Src/main.c:82:17: error: too many arguments to function 'HAL_GPIO_TogglePin'
   82 |                 HAL_GPIO_TogglePin(GPIOA, GPIO_PIN_6, GPIO_PIN_RESET);
      |                 ^~~~~~~~~~~~~~~~~~
../Drivers/STM32F3xx_HAL_Driver/Inc/stm32f3xx_hal_gpio.h:296:19: note: declared here
  296 | void              HAL_GPIO_TogglePin(GPIO_TypeDef* GPIOx, uint16_t GPIO_Pin);
      |                   ^~~~~~~~~~~~~~~~~~
../Core/Src/main.c:83:17: error: too many arguments to function 'HAL_GPIO_TogglePin'
   83 |                 HAL_GPIO_TogglePin(GPIOA, GPIO_PIN_7, GPIO_PIN_RESET);
      |                 ^~~~~~~~~~~~~~~~~~
../Drivers/STM32F3xx_HAL_Driver/Inc/stm32f3xx_hal_gpio.h:296:19: note: declared here
  296 | void              HAL_GPIO_TogglePin(GPIO_TypeDef* GPIOx, uint16_t GPIO_Pin);
      |                   ^~~~~~~~~~~~~~~~~~
../Core/Src/main.c:84:17: error: too many arguments to function 'HAL_GPIO_TogglePin'
   84 |                 HAL_GPIO_TogglePin(GPIOB, GPIO_PIN_6, GPIO_PIN_RESET);
      |                 ^~~~~~~~~~~~~~~~~~
../Drivers/STM32F3xx_HAL_Driver/Inc/stm32f3xx_hal_gpio.h:296:19: note: declared here
  296 | void              HAL_GPIO_TogglePin(GPIO_TypeDef* GPIOx, uint16_t GPIO_Pin);
      |                   ^~~~~~~~~~~~~~~~~~
make: *** [Core/Src/subdir.mk:34: Core/Src/main.o] Error 1
make: *** Waiting for unfinished jobs....
"make -j2 all" terminated with exit code 2. Build might be incomplete.
10:57:05 **** Incremental Build of configuration Debug for project study_stm_1 ****
make -j2 all 
arm-none-eabi-gcc "../Core/Src/main.c" -mcpu=cortex-m4 -std=gnu11 -g3 -DDEBUG -DUSE_HAL_DRIVER -DSTM32F303xE -c -I../Core/Inc -I../Drivers/STM32F3xx_HAL_Driver/Inc/Legacy -I../Drivers/STM32F3xx_HAL_Driver/Inc -I../Drivers/CMSIS/Device/ST/STM32F3xx/Include -I../Drivers/CMSIS/Include -O0 -ffunction-sections -fdata-sections -Wall -fstack-usage -fcyclomatic-complexity -MMD -MP -MF"Core/Src/main.d" -MT"Core/Src/main.o" --specs=nano.specs -mfpu=fpv4-sp-d16 -mfloat-abi=hard -mthumb -o "Core/Src/main.o"
arm-none-eabi-gcc "../Core/Src/stm32f3xx_it.c" -mcpu=cortex-m4 -std=gnu11 -g3 -DDEBUG -DUSE_HAL_DRIVER -DSTM32F303xE -c -I../Core/Inc -I../Drivers/STM32F3xx_HAL_Driver/Inc/Legacy -I../Drivers/STM32F3xx_HAL_Driver/Inc -I../Drivers/CMSIS/Device/ST/STM32F3xx/Include -I../Drivers/CMSIS/Include -O0 -ffunction-sections -fdata-sections -Wall -fstack-usage -fcyclomatic-complexity -MMD -MP -MF"Core/Src/stm32f3xx_it.d" -MT"Core/Src/stm32f3xx_it.o" --specs=nano.specs -mfpu=fpv4-sp-d16 -mfloat-abi=hard -mthumb -o "Core/Src/stm32f3xx_it.o"
arm-none-eabi-gcc "../Core/Src/syscalls.c" -mcpu=cortex-m4 -std=gnu11 -g3 -DDEBUG -DUSE_HAL_DRIVER -DSTM32F303xE -c -I../Core/Inc -I../Drivers/STM32F3xx_HAL_Driver/Inc/Legacy -I../Drivers/STM32F3xx_HAL_Driver/Inc -I../Drivers/CMSIS/Device/ST/STM32F3xx/Include -I../Drivers/CMSIS/Include -O0 -ffunction-sections -fdata-sections -Wall -fstack-usage -fcyclomatic-complexity -MMD -MP -MF"Core/Src/syscalls.d" -MT"Core/Src/syscalls.o" --specs=nano.specs -mfpu=fpv4-sp-d16 -mfloat-abi=hard -mthumb -o "Core/Src/syscalls.o"
arm-none-eabi-gcc "../Core/Src/sysmem.c" -mcpu=cortex-m4 -std=gnu11 -g3 -DDEBUG -DUSE_HAL_DRIVER -DSTM32F303xE -c -I../Core/Inc -I../Drivers/STM32F3xx_HAL_Driver/Inc/Legacy -I../Drivers/STM32F3xx_HAL_Driver/Inc -I../Drivers/CMSIS/Device/ST/STM32F3xx/Include -I../Drivers/CMSIS/Include -O0 -ffunction-sections -fdata-sections -Wall -fstack-usage -fcyclomatic-complexity -MMD -MP -MF"Core/Src/sysmem.d" -MT"Core/Src/sysmem.o" --specs=nano.specs -mfpu=fpv4-sp-d16 -mfloat-abi=hard -mthumb -o "Core/Src/sysmem.o"
arm-none-eabi-gcc "../Core/Src/system_stm32f3xx.c" -mcpu=cortex-m4 -std=gnu11 -g3 -DDEBUG -DUSE_HAL_DRIVER -DSTM32F303xE -c -I../Core/Inc -I../Drivers/STM32F3xx_HAL_Driver/Inc/Legacy -I../Drivers/STM32F3xx_HAL_Driver/Inc -I../Drivers/CMSIS/Device/ST/STM32F3xx/Include -I../Drivers/CMSIS/Include -O0 -ffunction-sections -fdata-sections -Wall -fstack-usage -fcyclomatic-complexity -MMD -MP -MF"Core/Src/system_stm32f3xx.d" -MT"Core/Src/system_stm32f3xx.o" --specs=nano.specs -mfpu=fpv4-sp-d16 -mfloat-abi=hard -mthumb -o "Core/Src/system_stm32f3xx.o"
arm-none-eabi-gcc -o "study_stm_1.elf" @"objects.list"   -mcpu=cortex-m4 -T"C:\Program Files\STM32CubeIDE\workspace_1.18.0\study_stm\study_stm_1\STM32F303RETX_FLASH.ld" --specs=nosys.specs -Wl,-Map="study_stm_1.map" -Wl,--gc-sections -static --specs=nano.specs -mfpu=fpv4-sp-d16 -mfloat-abi=hard -mthumb -Wl,--start-group -lc -lm -Wl,--end-group
Finished building target: study_stm_1.elf
 
arm-none-eabi-size  study_stm_1.elf 
arm-none-eabi-objdump -h -S study_stm_1.elf  > "study_stm_1.list"
   text	   data	    bss	    dec	    hex	filename
  18136	     20	   2236	  20392	   4fa8	study_stm_1.elf
Finished building: default.size.stdout
 
arm-none-eabi-objcopy  -O ihex study_stm_1.elf  "study_stm_1.hex"
Finished building: study_stm_1.list
Finished building: study_stm_1.hex
 
 
arm-none-eabi-objcopy  -O binary study_stm_1.elf  "study_stm_1.bin"
Finished building: study_stm_1.bin
 
11:01:19 **** Incremental Build of configuration Debug for project study_stm_1 ****
make -j2 all 
arm-none-eabi-gcc "../Core/Src/main.c" -mcpu=cortex-m4 -std=gnu11 -g3 -DDEBUG -DUSE_HAL_DRIVER -DSTM32F303xE -c -I../Core/Inc -I../Drivers/STM32F3xx_HAL_Driver/Inc/Legacy -I../Drivers/STM32F3xx_HAL_Driver/Inc -I../Drivers/CMSIS/Device/ST/STM32F3xx/Include -I../Drivers/CMSIS/Include -O0 -ffunction-sections -fdata-sections -Wall -fstack-usage -fcyclomatic-complexity -MMD -MP -MF"Core/Src/main.d" -MT"Core/Src/main.o" --specs=nano.specs -mfpu=fpv4-sp-d16 -mfloat-abi=hard -mthumb -o "Core/Src/main.o"
arm-none-eabi-gcc -o "study_stm_1.elf" @"objects.list"   -mcpu=cortex-m4 -T"C:\Program Files\STM32CubeIDE\workspace_1.18.0\study_stm\study_stm_1\STM32F303RETX_FLASH.ld" --specs=nosys.specs -Wl,-Map="study_stm_1.map" -Wl,--gc-sections -static --specs=nano.specs -mfpu=fpv4-sp-d16 -mfloat-abi=hard -mthumb -Wl,--start-group -lc -lm -Wl,--end-group
Finished building target: study_stm_1.elf
 
arm-none-eabi-size  study_stm_1.elf 
arm-none-eabi-objdump -h -S study_stm_1.elf  > "study_stm_1.list"
   text	   data	    bss	    dec	    hex	filename
  18180	     20	   2244	  20444	   4fdc	study_stm_1.elf
Finished building: default.size.stdout
 
arm-none-eabi-objcopy  -O ihex study_stm_1.elf  "study_stm_1.hex"
Finished building: study_stm_1.list
 
arm-none-eabi-objcopy  -O binary study_stm_1.elf  "study_stm_1.bin"
Finished building: study_stm_1.hex
 
Finished building: study_stm_1.bin
 
11:03:03 **** Incremental Build of configuration Debug for project study_stm_1 ****
make -j2 all 
arm-none-eabi-gcc "../Core/Src/main.c" -mcpu=cortex-m4 -std=gnu11 -g3 -DDEBUG -DUSE_HAL_DRIVER -DSTM32F303xE -c -I../Core/Inc -I../Drivers/STM32F3xx_HAL_Driver/Inc/Legacy -I../Drivers/STM32F3xx_HAL_Driver/Inc -I../Drivers/CMSIS/Device/ST/STM32F3xx/Include -I../Drivers/CMSIS/Include -O0 -ffunction-sections -fdata-sections -Wall -fstack-usage -fcyclomatic-complexity -MMD -MP -MF"Core/Src/main.d" -MT"Core/Src/main.o" --specs=nano.specs -mfpu=fpv4-sp-d16 -mfloat-abi=hard -mthumb -o "Core/Src/main.o"
arm-none-eabi-gcc -o "study_stm_1.elf" @"objects.list"   -mcpu=cortex-m4 -T"C:\Program Files\STM32CubeIDE\workspace_1.18.0\study_stm\study_stm_1\STM32F303RETX_FLASH.ld" --specs=nosys.specs -Wl,-Map="study_stm_1.map" -Wl,--gc-sections -static --specs=nano.specs -mfpu=fpv4-sp-d16 -mfloat-abi=hard -mthumb -Wl,--start-group -lc -lm -Wl,--end-group
Finished building target: study_stm_1.elf
 
arm-none-eabi-size  study_stm_1.elf 
arm-none-eabi-objdump -h -S study_stm_1.elf  > "study_stm_1.list"
   text	   data	    bss	    dec	    hex	filename
  17860	     20	   2236	  20116	   4e94	study_stm_1.elf
Finished building: default.size.stdout
 
arm-none-eabi-objcopy  -O ihex study_stm_1.elf  "study_stm_1.hex"
Finished building: study_stm_1.list
 
Finished building: study_stm_1.hex
arm-none-eabi-objcopy  -O binary study_stm_1.elf  "study_stm_1.bin"
 
Finished building: study_stm_1.bin
 
11:06:28 **** Incremental Build of configuration Debug for project study_stm_1 ****
make -j2 all 
arm-none-eabi-gcc "../Core/Src/main.c" -mcpu=cortex-m4 -std=gnu11 -g3 -DDEBUG -DUSE_HAL_DRIVER -DSTM32F303xE -c -I../Core/Inc -I../Drivers/STM32F3xx_HAL_Driver/Inc/Legacy -I../Drivers/STM32F3xx_HAL_Driver/Inc -I../Drivers/CMSIS/Device/ST/STM32F3xx/Include -I../Drivers/CMSIS/Include -O0 -ffunction-sections -fdata-sections -Wall -fstack-usage -fcyclomatic-complexity -MMD -MP -MF"Core/Src/main.d" -MT"Core/Src/main.o" --specs=nano.specs -mfpu=fpv4-sp-d16 -mfloat-abi=hard -mthumb -o "Core/Src/main.o"
arm-none-eabi-gcc -o "study_stm_1.elf" @"objects.list"   -mcpu=cortex-m4 -T"C:\Program Files\STM32CubeIDE\workspace_1.18.0\study_stm\study_stm_1\STM32F303RETX_FLASH.ld" --specs=nosys.specs -Wl,-Map="study_stm_1.map" -Wl,--gc-sections -static --specs=nano.specs -mfpu=fpv4-sp-d16 -mfloat-abi=hard -mthumb -Wl,--start-group -lc -lm -Wl,--end-group
Finished building target: study_stm_1.elf
 
arm-none-eabi-size  study_stm_1.elf 
arm-none-eabi-objdump -h -S study_stm_1.elf  > "study_stm_1.list"
   text	   data	    bss	    dec	    hex	filename
  18524	     20	   2244	  20788	   5134	study_stm_1.elf
Finished building: default.size.stdout
 
arm-none-eabi-objcopy  -O ihex study_stm_1.elf  "study_stm_1.hex"
Finished building: study_stm_1.list
 
arm-none-eabi-objcopy  -O binary study_stm_1.elf  "study_stm_1.bin"
Finished building: study_stm_1.hex
 
Finished building: study_stm_1.bin
 
11:07:56 **** Incremental Build of configuration Debug for project study_stm_1 ****
make -j2 all 
arm-none-eabi-gcc "../Core/Src/main.c" -mcpu=cortex-m4 -std=gnu11 -g3 -DDEBUG -DUSE_HAL_DRIVER -DSTM32F303xE -c -I../Core/Inc -I../Drivers/STM32F3xx_HAL_Driver/Inc/Legacy -I../Drivers/STM32F3xx_HAL_Driver/Inc -I../Drivers/CMSIS/Device/ST/STM32F3xx/Include -I../Drivers/CMSIS/Include -O0 -ffunction-sections -fdata-sections -Wall -fstack-usage -fcyclomatic-complexity -MMD -MP -MF"Core/Src/main.d" -MT"Core/Src/main.o" --specs=nano.specs -mfpu=fpv4-sp-d16 -mfloat-abi=hard -mthumb -o "Core/Src/main.o"
arm-none-eabi-gcc -o "study_stm_1.elf" @"objects.list"   -mcpu=cortex-m4 -T"C:\Program Files\STM32CubeIDE\workspace_1.18.0\study_stm\study_stm_1\STM32F303RETX_FLASH.ld" --specs=nosys.specs -Wl,-Map="study_stm_1.map" -Wl,--gc-sections -static --specs=nano.specs -mfpu=fpv4-sp-d16 -mfloat-abi=hard -mthumb -Wl,--start-group -lc -lm -Wl,--end-group
Finished building target: study_stm_1.elf
 
arm-none-eabi-size  study_stm_1.elf 
arm-none-eabi-objdump -h -S study_stm_1.elf  > "study_stm_1.list"
   text	   data	    bss	    dec	    hex	filename
  18208	     20	   2244	  20472	   4ff8	study_stm_1.elf
Finished building: default.size.stdout
 
arm-none-eabi-objcopy  -O ihex study_stm_1.elf  "study_stm_1.hex"
Finished building: study_stm_1.list
 
Finished building: study_stm_1.hex
arm-none-eabi-objcopy  -O binary study_stm_1.elf  "study_stm_1.bin"
 
Finished building: study_stm_1.bin
 
11:09:18 **** Incremental Build of configuration Debug for project study_stm_1 ****
make -j2 all 
arm-none-eabi-gcc "../Core/Src/main.c" -mcpu=cortex-m4 -std=gnu11 -g3 -DDEBUG -DUSE_HAL_DRIVER -DSTM32F303xE -c -I../Core/Inc -I../Drivers/STM32F3xx_HAL_Driver/Inc/Legacy -I../Drivers/STM32F3xx_HAL_Driver/Inc -I../Drivers/CMSIS/Device/ST/STM32F3xx/Include -I../Drivers/CMSIS/Include -O0 -ffunction-sections -fdata-sections -Wall -fstack-usage -fcyclomatic-complexity -MMD -MP -MF"Core/Src/main.d" -MT"Core/Src/main.o" --specs=nano.specs -mfpu=fpv4-sp-d16 -mfloat-abi=hard -mthumb -o "Core/Src/main.o"
arm-none-eabi-gcc -o "study_stm_1.elf" @"objects.list"   -mcpu=cortex-m4 -T"C:\Program Files\STM32CubeIDE\workspace_1.18.0\study_stm\study_stm_1\STM32F303RETX_FLASH.ld" --specs=nosys.specs -Wl,-Map="study_stm_1.map" -Wl,--gc-sections -static --specs=nano.specs -mfpu=fpv4-sp-d16 -mfloat-abi=hard -mthumb -Wl,--start-group -lc -lm -Wl,--end-group
Finished building target: study_stm_1.elf
 
arm-none-eabi-size  study_stm_1.elf 
arm-none-eabi-objdump -h -S study_stm_1.elf  > "study_stm_1.list"
   text	   data	    bss	    dec	    hex	filename
  18200	     20	   2244	  20464	   4ff0	study_stm_1.elf
Finished building: default.size.stdout
 
arm-none-eabi-objcopy  -O ihex study_stm_1.elf  "study_stm_1.hex"
Finished building: study_stm_1.list
Finished building: study_stm_1.hex
 
arm-none-eabi-objcopy  -O binary study_stm_1.elf  "study_stm_1.bin"
 
Finished building: study_stm_1.bin
 
11:11:34 **** Incremental Build of configuration Debug for project study_stm_1 ****
make -j2 all 
arm-none-eabi-gcc "../Core/Src/main.c" -mcpu=cortex-m4 -std=gnu11 -g3 -DDEBUG -DUSE_HAL_DRIVER -DSTM32F303xE -c -I../Core/Inc -I../Drivers/STM32F3xx_HAL_Driver/Inc/Legacy -I../Drivers/STM32F3xx_HAL_Driver/Inc -I../Drivers/CMSIS/Device/ST/STM32F3xx/Include -I../Drivers/CMSIS/Include -O0 -ffunction-sections -fdata-sections -Wall -fstack-usage -fcyclomatic-complexity -MMD -MP -MF"Core/Src/main.d" -MT"Core/Src/main.o" --specs=nano.specs -mfpu=fpv4-sp-d16 -mfloat-abi=hard -mthumb -o "Core/Src/main.o"
../Core/Src/main.c: In function 'HAL_TIM_PeriodElapsedCallback':
../Core/Src/main.c:169:5: warning: 'main' is normally a non-static function [-Wmain]
  169 | int main(void)
      |     ^~~~
../Core/Src/main.c:307:13: error: invalid storage class for function 'MX_ADC1_Init'
  307 | static void MX_ADC1_Init(void)
      |             ^~~~~~~~~~~~
../Core/Src/main.c:373:13: error: invalid storage class for function 'MX_DAC1_Init'
  373 | static void MX_DAC1_Init(void)
      |             ^~~~~~~~~~~~
../Core/Src/main.c:413:13: error: invalid storage class for function 'MX_TIM1_Init'
  413 | static void MX_TIM1_Init(void)
      |             ^~~~~~~~~~~~
../Core/Src/main.c:460:13: error: invalid storage class for function 'MX_TIM2_Init'
  460 | static void MX_TIM2_Init(void)
      |             ^~~~~~~~~~~~
../Core/Src/main.c:505:13: error: invalid storage class for function 'MX_GPIO_Init'
  505 | static void MX_GPIO_Init(void)
      |             ^~~~~~~~~~~~
../Core/Src/main.c:558:1: error: expected declaration or statement at end of input
  558 | }
      | ^
../Core/Src/main.c: At top level:
../Core/Src/main.c:68:13: warning: 'MX_GPIO_Init' used but never defined
   68 | static void MX_GPIO_Init(void);
      |             ^~~~~~~~~~~~
../Core/Src/main.c:69:13: warning: 'MX_DAC1_Init' used but never defined
   69 | static void MX_DAC1_Init(void);
      |             ^~~~~~~~~~~~
../Core/Src/main.c:70:13: warning: 'MX_ADC1_Init' used but never defined
   70 | static void MX_ADC1_Init(void);
      |             ^~~~~~~~~~~~
../Core/Src/main.c:71:13: warning: 'MX_TIM2_Init' used but never defined
   71 | static void MX_TIM2_Init(void);
      |             ^~~~~~~~~~~~
../Core/Src/main.c:72:13: warning: 'MX_TIM1_Init' used but never defined
   72 | static void MX_TIM1_Init(void);
      |             ^~~~~~~~~~~~
../Core/Src/main.c:549:6: warning: 'Error_Handler' defined but not used [-Wunused-function]
  549 | void Error_Handler(void)
      |      ^~~~~~~~~~~~~
../Core/Src/main.c:505:13: warning: 'MX_GPIO_Init' defined but not used [-Wunused-function]
  505 | static void MX_GPIO_Init(void)
      |             ^~~~~~~~~~~~
../Core/Src/main.c:460:13: warning: 'MX_TIM2_Init' defined but not used [-Wunused-function]
  460 | static void MX_TIM2_Init(void)
      |             ^~~~~~~~~~~~
../Core/Src/main.c:413:13: warning: 'MX_TIM1_Init' defined but not used [-Wunused-function]
  413 | static void MX_TIM1_Init(void)
      |             ^~~~~~~~~~~~
../Core/Src/main.c:373:13: warning: 'MX_DAC1_Init' defined but not used [-Wunused-function]
  373 | static void MX_DAC1_Init(void)
      |             ^~~~~~~~~~~~
../Core/Src/main.c:307:13: warning: 'MX_ADC1_Init' defined but not used [-Wunused-function]
  307 | static void MX_ADC1_Init(void)
      |             ^~~~~~~~~~~~
../Core/Src/main.c:257:6: warning: 'SystemClock_Config' defined but not used [-Wunused-function]
  257 | void SystemClock_Config(void)
      |      ^~~~~~~~~~~~~~~~~~
../Core/Src/main.c:169:5: warning: 'main' defined but not used [-Wunused-function]
  169 | int main(void)
      |     ^~~~
make: *** [Core/Src/subdir.mk:34: Core/Src/main.o] Error 1
"make -j2 all" terminated with exit code 2. Build might be incomplete.
11:16:12 **** Incremental Build of configuration Debug for project study_stm_1 ****
make -j2 all 
arm-none-eabi-gcc "../Core/Src/main.c" -mcpu=cortex-m4 -std=gnu11 -g3 -DDEBUG -DUSE_HAL_DRIVER -DSTM32F303xE -c -I../Core/Inc -I../Drivers/STM32F3xx_HAL_Driver/Inc/Legacy -I../Drivers/STM32F3xx_HAL_Driver/Inc -I../Drivers/CMSIS/Device/ST/STM32F3xx/Include -I../Drivers/CMSIS/Include -O0 -ffunction-sections -fdata-sections -Wall -fstack-usage -fcyclomatic-complexity -MMD -MP -MF"Core/Src/main.d" -MT"Core/Src/main.o" --specs=nano.specs -mfpu=fpv4-sp-d16 -mfloat-abi=hard -mthumb -o "Core/Src/main.o"
arm-none-eabi-gcc -o "study_stm_1.elf" @"objects.list"   -mcpu=cortex-m4 -T"C:\Program Files\STM32CubeIDE\workspace_1.18.0\study_stm\study_stm_1\STM32F303RETX_FLASH.ld" --specs=nosys.specs -Wl,-Map="study_stm_1.map" -Wl,--gc-sections -static --specs=nano.specs -mfpu=fpv4-sp-d16 -mfloat-abi=hard -mthumb -Wl,--start-group -lc -lm -Wl,--end-group
Finished building target: study_stm_1.elf
 
arm-none-eabi-size  study_stm_1.elf 
arm-none-eabi-objdump -h -S study_stm_1.elf  > "study_stm_1.list"
   text	   data	    bss	    dec	    hex	filename
  17840	     20	   2236	  20096	   4e80	study_stm_1.elf
Finished building: default.size.stdout
 
arm-none-eabi-objcopy  -O ihex study_stm_1.elf  "study_stm_1.hex"
Finished building: study_stm_1.list
 
arm-none-eabi-objcopy  -O binary study_stm_1.elf  "study_stm_1.bin"
Finished building: study_stm_1.hex
 
Finished building: study_stm_1.bin
 
11:20:02 **** Incremental Build of configuration Debug for project study_stm_1 ****
make -j2 all 
arm-none-eabi-gcc "../Core/Src/main.c" -mcpu=cortex-m4 -std=gnu11 -g3 -DDEBUG -DUSE_HAL_DRIVER -DSTM32F303xE -c -I../Core/Inc -I../Drivers/STM32F3xx_HAL_Driver/Inc/Legacy -I../Drivers/STM32F3xx_HAL_Driver/Inc -I../Drivers/CMSIS/Device/ST/STM32F3xx/Include -I../Drivers/CMSIS/Include -O0 -ffunction-sections -fdata-sections -Wall -fstack-usage -fcyclomatic-complexity -MMD -MP -MF"Core/Src/main.d" -MT"Core/Src/main.o" --specs=nano.specs -mfpu=fpv4-sp-d16 -mfloat-abi=hard -mthumb -o "Core/Src/main.o"
arm-none-eabi-gcc -o "study_stm_1.elf" @"objects.list"   -mcpu=cortex-m4 -T"C:\Program Files\STM32CubeIDE\workspace_1.18.0\study_stm\study_stm_1\STM32F303RETX_FLASH.ld" --specs=nosys.specs -Wl,-Map="study_stm_1.map" -Wl,--gc-sections -static --specs=nano.specs -mfpu=fpv4-sp-d16 -mfloat-abi=hard -mthumb -Wl,--start-group -lc -lm -Wl,--end-group
Finished building target: study_stm_1.elf
 
arm-none-eabi-size  study_stm_1.elf 
arm-none-eabi-objdump -h -S study_stm_1.elf  > "study_stm_1.list"
   text	   data	    bss	    dec	    hex	filename
  18200	     20	   2244	  20464	   4ff0	study_stm_1.elf
Finished building: default.size.stdout
 
arm-none-eabi-objcopy  -O ihex study_stm_1.elf  "study_stm_1.hex"
Finished building: study_stm_1.list
Finished building: study_stm_1.hex
 
arm-none-eabi-objcopy  -O binary study_stm_1.elf  "study_stm_1.bin"
 
Finished building: study_stm_1.bin
 
11:22:21 **** Incremental Build of configuration Debug for project study_stm_1 ****
make -j2 all 
arm-none-eabi-gcc "../Core/Src/main.c" -mcpu=cortex-m4 -std=gnu11 -g3 -DDEBUG -DUSE_HAL_DRIVER -DSTM32F303xE -c -I../Core/Inc -I../Drivers/STM32F3xx_HAL_Driver/Inc/Legacy -I../Drivers/STM32F3xx_HAL_Driver/Inc -I../Drivers/CMSIS/Device/ST/STM32F3xx/Include -I../Drivers/CMSIS/Include -O0 -ffunction-sections -fdata-sections -Wall -fstack-usage -fcyclomatic-complexity -MMD -MP -MF"Core/Src/main.d" -MT"Core/Src/main.o" --specs=nano.specs -mfpu=fpv4-sp-d16 -mfloat-abi=hard -mthumb -o "Core/Src/main.o"
arm-none-eabi-gcc -o "study_stm_1.elf" @"objects.list"   -mcpu=cortex-m4 -T"C:\Program Files\STM32CubeIDE\workspace_1.18.0\study_stm\study_stm_1\STM32F303RETX_FLASH.ld" --specs=nosys.specs -Wl,-Map="study_stm_1.map" -Wl,--gc-sections -static --specs=nano.specs -mfpu=fpv4-sp-d16 -mfloat-abi=hard -mthumb -Wl,--start-group -lc -lm -Wl,--end-group
Finished building target: study_stm_1.elf
 
arm-none-eabi-size  study_stm_1.elf 
arm-none-eabi-objdump -h -S study_stm_1.elf  > "study_stm_1.list"
   text	   data	    bss	    dec	    hex	filename
  18184	     20	   2244	  20448	   4fe0	study_stm_1.elf
Finished building: default.size.stdout
 
arm-none-eabi-objcopy  -O ihex study_stm_1.elf  "study_stm_1.hex"
Finished building: study_stm_1.list
Finished building: study_stm_1.hex
 
 
arm-none-eabi-objcopy  -O binary study_stm_1.elf  "study_stm_1.bin"
Finished building: study_stm_1.bin
 
11:23:15 **** Incremental Build of configuration Debug for project study_stm_1 ****
make -j2 all 
arm-none-eabi-gcc "../Core/Src/main.c" -mcpu=cortex-m4 -std=gnu11 -g3 -DDEBUG -DUSE_HAL_DRIVER -DSTM32F303xE -c -I../Core/Inc -I../Drivers/STM32F3xx_HAL_Driver/Inc/Legacy -I../Drivers/STM32F3xx_HAL_Driver/Inc -I../Drivers/CMSIS/Device/ST/STM32F3xx/Include -I../Drivers/CMSIS/Include -O0 -ffunction-sections -fdata-sections -Wall -fstack-usage -fcyclomatic-complexity -MMD -MP -MF"Core/Src/main.d" -MT"Core/Src/main.o" --specs=nano.specs -mfpu=fpv4-sp-d16 -mfloat-abi=hard -mthumb -o "Core/Src/main.o"
arm-none-eabi-gcc -o "study_stm_1.elf" @"objects.list"   -mcpu=cortex-m4 -T"C:\Program Files\STM32CubeIDE\workspace_1.18.0\study_stm\study_stm_1\STM32F303RETX_FLASH.ld" --specs=nosys.specs -Wl,-Map="study_stm_1.map" -Wl,--gc-sections -static --specs=nano.specs -mfpu=fpv4-sp-d16 -mfloat-abi=hard -mthumb -Wl,--start-group -lc -lm -Wl,--end-group
Finished building target: study_stm_1.elf
 
arm-none-eabi-size  study_stm_1.elf 
arm-none-eabi-objdump -h -S study_stm_1.elf  > "study_stm_1.list"
   text	   data	    bss	    dec	    hex	filename
  18168	     20	   2244	  20432	   4fd0	study_stm_1.elf
Finished building: default.size.stdout
 
arm-none-eabi-objcopy  -O ihex study_stm_1.elf  "study_stm_1.hex"
Finished building: study_stm_1.list
 
Finished building: study_stm_1.hex
arm-none-eabi-objcopy  -O binary study_stm_1.elf  "study_stm_1.bin"
 
Finished building: study_stm_1.bin
 
11:28:57 **** Incremental Build of configuration Debug for project study_stm_1 ****
make -j2 all 
arm-none-eabi-gcc "../Core/Src/main.c" -mcpu=cortex-m4 -std=gnu11 -g3 -DDEBUG -DUSE_HAL_DRIVER -DSTM32F303xE -c -I../Core/Inc -I../Drivers/STM32F3xx_HAL_Driver/Inc/Legacy -I../Drivers/STM32F3xx_HAL_Driver/Inc -I../Drivers/CMSIS/Device/ST/STM32F3xx/Include -I../Drivers/CMSIS/Include -O0 -ffunction-sections -fdata-sections -Wall -fstack-usage -fcyclomatic-complexity -MMD -MP -MF"Core/Src/main.d" -MT"Core/Src/main.o" --specs=nano.specs -mfpu=fpv4-sp-d16 -mfloat-abi=hard -mthumb -o "Core/Src/main.o"
arm-none-eabi-gcc -o "study_stm_1.elf" @"objects.list"   -mcpu=cortex-m4 -T"C:\Program Files\STM32CubeIDE\workspace_1.18.0\study_stm\study_stm_1\STM32F303RETX_FLASH.ld" --specs=nosys.specs -Wl,-Map="study_stm_1.map" -Wl,--gc-sections -static --specs=nano.specs -mfpu=fpv4-sp-d16 -mfloat-abi=hard -mthumb -Wl,--start-group -lc -lm -Wl,--end-group
Finished building target: study_stm_1.elf
 
arm-none-eabi-size  study_stm_1.elf 
arm-none-eabi-objdump -h -S study_stm_1.elf  > "study_stm_1.list"
   text	   data	    bss	    dec	    hex	filename
  18496	     20	   2244	  20760	   5118	study_stm_1.elf
Finished building: default.size.stdout
 
arm-none-eabi-objcopy  -O ihex study_stm_1.elf  "study_stm_1.hex"
Finished building: study_stm_1.list
 
arm-none-eabi-objcopy  -O binary study_stm_1.elf  "study_stm_1.bin"
Finished building: study_stm_1.hex
 
Finished building: study_stm_1.bin
 
11:31:13 **** Incremental Build of configuration Debug for project study_stm_1 ****
make -j2 all 
arm-none-eabi-gcc "../Core/Src/main.c" -mcpu=cortex-m4 -std=gnu11 -g3 -DDEBUG -DUSE_HAL_DRIVER -DSTM32F303xE -c -I../Core/Inc -I../Drivers/STM32F3xx_HAL_Driver/Inc/Legacy -I../Drivers/STM32F3xx_HAL_Driver/Inc -I../Drivers/CMSIS/Device/ST/STM32F3xx/Include -I../Drivers/CMSIS/Include -O0 -ffunction-sections -fdata-sections -Wall -fstack-usage -fcyclomatic-complexity -MMD -MP -MF"Core/Src/main.d" -MT"Core/Src/main.o" --specs=nano.specs -mfpu=fpv4-sp-d16 -mfloat-abi=hard -mthumb -o "Core/Src/main.o"
arm-none-eabi-gcc -o "study_stm_1.elf" @"objects.list"   -mcpu=cortex-m4 -T"C:\Program Files\STM32CubeIDE\workspace_1.18.0\study_stm\study_stm_1\STM32F303RETX_FLASH.ld" --specs=nosys.specs -Wl,-Map="study_stm_1.map" -Wl,--gc-sections -static --specs=nano.specs -mfpu=fpv4-sp-d16 -mfloat-abi=hard -mthumb -Wl,--start-group -lc -lm -Wl,--end-group
Finished building target: study_stm_1.elf
 
arm-none-eabi-size  study_stm_1.elf 
arm-none-eabi-objdump -h -S study_stm_1.elf  > "study_stm_1.list"
   text	   data	    bss	    dec	    hex	filename
  18500	     20	   2244	  20764	   511c	study_stm_1.elf
Finished building: default.size.stdout
 
arm-none-eabi-objcopy  -O ihex study_stm_1.elf  "study_stm_1.hex"
Finished building: study_stm_1.list
 
arm-none-eabi-objcopy  -O binary study_stm_1.elf  "study_stm_1.bin"
Finished building: study_stm_1.hex
 
Finished building: study_stm_1.bin
 
11:32:54 **** Incremental Build of configuration Debug for project study_stm_1 ****
make -j2 all 
arm-none-eabi-size  study_stm_1.elf 
   text	   data	    bss	    dec	    hex	filename
  18500	     20	   2244	  20764	   511c	study_stm_1.elf
Finished building: default.size.stdout
 
11:49:15 **** Incremental Build of configuration Debug for project study_stm_1 ****
make -j2 all 
arm-none-eabi-gcc "../Core/Src/main.c" -mcpu=cortex-m4 -std=gnu11 -g3 -DDEBUG -DUSE_HAL_DRIVER -DSTM32F303xE -c -I../Core/Inc -I../Drivers/STM32F3xx_HAL_Driver/Inc/Legacy -I../Drivers/STM32F3xx_HAL_Driver/Inc -I../Drivers/CMSIS/Device/ST/STM32F3xx/Include -I../Drivers/CMSIS/Include -O0 -ffunction-sections -fdata-sections -Wall -fstack-usage -fcyclomatic-complexity -MMD -MP -MF"Core/Src/main.d" -MT"Core/Src/main.o" --specs=nano.specs -mfpu=fpv4-sp-d16 -mfloat-abi=hard -mthumb -o "Core/Src/main.o"
arm-none-eabi-gcc -o "study_stm_1.elf" @"objects.list"   -mcpu=cortex-m4 -T"C:\Program Files\STM32CubeIDE\workspace_1.18.0\study_stm\study_stm_1\STM32F303RETX_FLASH.ld" --specs=nosys.specs -Wl,-Map="study_stm_1.map" -Wl,--gc-sections -static --specs=nano.specs -mfpu=fpv4-sp-d16 -mfloat-abi=hard -mthumb -Wl,--start-group -lc -lm -Wl,--end-group
Finished building target: study_stm_1.elf
 
arm-none-eabi-size  study_stm_1.elf 
arm-none-eabi-objdump -h -S study_stm_1.elf  > "study_stm_1.list"
   text	   data	    bss	    dec	    hex	filename
  18516	     20	   2252	  20788	   5134	study_stm_1.elf
Finished building: default.size.stdout
 
arm-none-eabi-objcopy  -O ihex study_stm_1.elf  "study_stm_1.hex"
Finished building: study_stm_1.list
 
Finished building: study_stm_1.hex
arm-none-eabi-objcopy  -O binary study_stm_1.elf  "study_stm_1.bin"
 
Finished building: study_stm_1.bin
 
11:49:34 **** Incremental Build of configuration Debug for project study_stm_1 ****
make -j2 all 
arm-none-eabi-size  study_stm_1.elf 
   text	   data	    bss	    dec	    hex	filename
  18516	     20	   2252	  20788	   5134	study_stm_1.elf
Finished building: default.size.stdout
 
11:50:13 **** Incremental Build of configuration Debug for project study_stm_1 ****
make -j2 all 
arm-none-eabi-size  study_stm_1.elf 
   text	   data	    bss	    dec	    hex	filename
  18516	     20	   2252	  20788	   5134	study_stm_1.elf
Finished building: default.size.stdout
 
11:53:08 **** Incremental Build of configuration Debug for project study_stm_1 ****
make -j2 all 
arm-none-eabi-gcc "../Core/Src/main.c" -mcpu=cortex-m4 -std=gnu11 -g3 -DDEBUG -DUSE_HAL_DRIVER -DSTM32F303xE -c -I../Core/Inc -I../Drivers/STM32F3xx_HAL_Driver/Inc/Legacy -I../Drivers/STM32F3xx_HAL_Driver/Inc -I../Drivers/CMSIS/Device/ST/STM32F3xx/Include -I../Drivers/CMSIS/Include -O0 -ffunction-sections -fdata-sections -Wall -fstack-usage -fcyclomatic-complexity -MMD -MP -MF"Core/Src/main.d" -MT"Core/Src/main.o" --specs=nano.specs -mfpu=fpv4-sp-d16 -mfloat-abi=hard -mthumb -o "Core/Src/main.o"
arm-none-eabi-gcc -o "study_stm_1.elf" @"objects.list"   -mcpu=cortex-m4 -T"C:\Program Files\STM32CubeIDE\workspace_1.18.0\study_stm\study_stm_1\STM32F303RETX_FLASH.ld" --specs=nosys.specs -Wl,-Map="study_stm_1.map" -Wl,--gc-sections -static --specs=nano.specs -mfpu=fpv4-sp-d16 -mfloat-abi=hard -mthumb -Wl,--start-group -lc -lm -Wl,--end-group
Finished building target: study_stm_1.elf
 
arm-none-eabi-size  study_stm_1.elf 
arm-none-eabi-objdump -h -S study_stm_1.elf  > "study_stm_1.list"
   text	   data	    bss	    dec	    hex	filename
  18520	     20	   2044	  20584	   5068	study_stm_1.elf
Finished building: default.size.stdout
 
arm-none-eabi-objcopy  -O ihex study_stm_1.elf  "study_stm_1.hex"
Finished building: study_stm_1.list
 
Finished building: study_stm_1.hex
arm-none-eabi-objcopy  -O binary study_stm_1.elf  "study_stm_1.bin"
 
Finished building: study_stm_1.bin
 
12:00:11 **** Incremental Build of configuration Debug for project study_stm_1 ****
make -j2 all 
arm-none-eabi-gcc "../Core/Src/main.c" -mcpu=cortex-m4 -std=gnu11 -g3 -DDEBUG -DUSE_HAL_DRIVER -DSTM32F303xE -c -I../Core/Inc -I../Drivers/STM32F3xx_HAL_Driver/Inc/Legacy -I../Drivers/STM32F3xx_HAL_Driver/Inc -I../Drivers/CMSIS/Device/ST/STM32F3xx/Include -I../Drivers/CMSIS/Include -O0 -ffunction-sections -fdata-sections -Wall -fstack-usage -fcyclomatic-complexity -MMD -MP -MF"Core/Src/main.d" -MT"Core/Src/main.o" --specs=nano.specs -mfpu=fpv4-sp-d16 -mfloat-abi=hard -mthumb -o "Core/Src/main.o"
arm-none-eabi-gcc -o "study_stm_1.elf" @"objects.list"   -mcpu=cortex-m4 -T"C:\Program Files\STM32CubeIDE\workspace_1.18.0\study_stm\study_stm_1\STM32F303RETX_FLASH.ld" --specs=nosys.specs -Wl,-Map="study_stm_1.map" -Wl,--gc-sections -static --specs=nano.specs -mfpu=fpv4-sp-d16 -mfloat-abi=hard -mthumb -Wl,--start-group -lc -lm -Wl,--end-group
Finished building target: study_stm_1.elf
 
arm-none-eabi-size  study_stm_1.elf 
arm-none-eabi-objdump -h -S study_stm_1.elf  > "study_stm_1.list"
   text	   data	    bss	    dec	    hex	filename
  18508	     20	   2044	  20572	   505c	study_stm_1.elf
Finished building: default.size.stdout
 
arm-none-eabi-objcopy  -O ihex study_stm_1.elf  "study_stm_1.hex"
Finished building: study_stm_1.list
Finished building: study_stm_1.hex
 
arm-none-eabi-objcopy  -O binary study_stm_1.elf  "study_stm_1.bin"
 
Finished building: study_stm_1.bin
 
12:01:46 **** Incremental Build of configuration Debug for project study_stm_1 ****
make -j2 all 
arm-none-eabi-gcc "../Core/Src/main.c" -mcpu=cortex-m4 -std=gnu11 -g3 -DDEBUG -DUSE_HAL_DRIVER -DSTM32F303xE -c -I../Core/Inc -I../Drivers/STM32F3xx_HAL_Driver/Inc/Legacy -I../Drivers/STM32F3xx_HAL_Driver/Inc -I../Drivers/CMSIS/Device/ST/STM32F3xx/Include -I../Drivers/CMSIS/Include -O0 -ffunction-sections -fdata-sections -Wall -fstack-usage -fcyclomatic-complexity -MMD -MP -MF"Core/Src/main.d" -MT"Core/Src/main.o" --specs=nano.specs -mfpu=fpv4-sp-d16 -mfloat-abi=hard -mthumb -o "Core/Src/main.o"
arm-none-eabi-gcc -o "study_stm_1.elf" @"objects.list"   -mcpu=cortex-m4 -T"C:\Program Files\STM32CubeIDE\workspace_1.18.0\study_stm\study_stm_1\STM32F303RETX_FLASH.ld" --specs=nosys.specs -Wl,-Map="study_stm_1.map" -Wl,--gc-sections -static --specs=nano.specs -mfpu=fpv4-sp-d16 -mfloat-abi=hard -mthumb -Wl,--start-group -lc -lm -Wl,--end-group
Finished building target: study_stm_1.elf
 
arm-none-eabi-size  study_stm_1.elf 
arm-none-eabi-objdump -h -S study_stm_1.elf  > "study_stm_1.list"
   text	   data	    bss	    dec	    hex	filename
  18504	     20	   2044	  20568	   5058	study_stm_1.elf
Finished building: default.size.stdout
 
arm-none-eabi-objcopy  -O ihex study_stm_1.elf  "study_stm_1.hex"
Finished building: study_stm_1.list
 
arm-none-eabi-objcopy  -O binary study_stm_1.elf  "study_stm_1.bin"
Finished building: study_stm_1.hex
 
Finished building: study_stm_1.bin
 
12:06:10 **** Incremental Build of configuration Debug for project study_stm_1 ****
make -j2 all 
arm-none-eabi-gcc "../Core/Src/main.c" -mcpu=cortex-m4 -std=gnu11 -g3 -DDEBUG -DUSE_HAL_DRIVER -DSTM32F303xE -c -I../Core/Inc -I../Drivers/STM32F3xx_HAL_Driver/Inc/Legacy -I../Drivers/STM32F3xx_HAL_Driver/Inc -I../Drivers/CMSIS/Device/ST/STM32F3xx/Include -I../Drivers/CMSIS/Include -O0 -ffunction-sections -fdata-sections -Wall -fstack-usage -fcyclomatic-complexity -MMD -MP -MF"Core/Src/main.d" -MT"Core/Src/main.o" --specs=nano.specs -mfpu=fpv4-sp-d16 -mfloat-abi=hard -mthumb -o "Core/Src/main.o"
arm-none-eabi-gcc -o "study_stm_1.elf" @"objects.list"   -mcpu=cortex-m4 -T"C:\Program Files\STM32CubeIDE\workspace_1.18.0\study_stm\study_stm_1\STM32F303RETX_FLASH.ld" --specs=nosys.specs -Wl,-Map="study_stm_1.map" -Wl,--gc-sections -static --specs=nano.specs -mfpu=fpv4-sp-d16 -mfloat-abi=hard -mthumb -Wl,--start-group -lc -lm -Wl,--end-group
Finished building target: study_stm_1.elf
 
arm-none-eabi-size  study_stm_1.elf 
arm-none-eabi-objdump -h -S study_stm_1.elf  > "study_stm_1.list"
   text	   data	    bss	    dec	    hex	filename
  18504	     20	   2044	  20568	   5058	study_stm_1.elf
Finished building: default.size.stdout
 
arm-none-eabi-objcopy  -O ihex study_stm_1.elf  "study_stm_1.hex"
Finished building: study_stm_1.list
Finished building: study_stm_1.hex
 
arm-none-eabi-objcopy  -O binary study_stm_1.elf  "study_stm_1.bin"
 
Finished building: study_stm_1.bin
 
12:09:50 **** Incremental Build of configuration Debug for project study_stm_1 ****
make -j2 all 
arm-none-eabi-gcc "../Core/Src/main.c" -mcpu=cortex-m4 -std=gnu11 -g3 -DDEBUG -DUSE_HAL_DRIVER -DSTM32F303xE -c -I../Core/Inc -I../Drivers/STM32F3xx_HAL_Driver/Inc/Legacy -I../Drivers/STM32F3xx_HAL_Driver/Inc -I../Drivers/CMSIS/Device/ST/STM32F3xx/Include -I../Drivers/CMSIS/Include -O0 -ffunction-sections -fdata-sections -Wall -fstack-usage -fcyclomatic-complexity -MMD -MP -MF"Core/Src/main.d" -MT"Core/Src/main.o" --specs=nano.specs -mfpu=fpv4-sp-d16 -mfloat-abi=hard -mthumb -o "Core/Src/main.o"
arm-none-eabi-gcc -o "study_stm_1.elf" @"objects.list"   -mcpu=cortex-m4 -T"C:\Program Files\STM32CubeIDE\workspace_1.18.0\study_stm\study_stm_1\STM32F303RETX_FLASH.ld" --specs=nosys.specs -Wl,-Map="study_stm_1.map" -Wl,--gc-sections -static --specs=nano.specs -mfpu=fpv4-sp-d16 -mfloat-abi=hard -mthumb -Wl,--start-group -lc -lm -Wl,--end-group
Finished building target: study_stm_1.elf
 
arm-none-eabi-size  study_stm_1.elf 
arm-none-eabi-objdump -h -S study_stm_1.elf  > "study_stm_1.list"
   text	   data	    bss	    dec	    hex	filename
  18500	     20	   2044	  20564	   5054	study_stm_1.elf
Finished building: default.size.stdout
 
arm-none-eabi-objcopy  -O ihex study_stm_1.elf  "study_stm_1.hex"
Finished building: study_stm_1.list
 
arm-none-eabi-objcopy  -O binary study_stm_1.elf  "study_stm_1.bin"
Finished building: study_stm_1.hex
 
Finished building: study_stm_1.bin
 
12:15:13 **** Incremental Build of configuration Debug for project study_stm_1 ****
make -j2 all 
arm-none-eabi-gcc "../Core/Src/main.c" -mcpu=cortex-m4 -std=gnu11 -g3 -DDEBUG -DUSE_HAL_DRIVER -DSTM32F303xE -c -I../Core/Inc -I../Drivers/STM32F3xx_HAL_Driver/Inc/Legacy -I../Drivers/STM32F3xx_HAL_Driver/Inc -I../Drivers/CMSIS/Device/ST/STM32F3xx/Include -I../Drivers/CMSIS/Include -O0 -ffunction-sections -fdata-sections -Wall -fstack-usage -fcyclomatic-complexity -MMD -MP -MF"Core/Src/main.d" -MT"Core/Src/main.o" --specs=nano.specs -mfpu=fpv4-sp-d16 -mfloat-abi=hard -mthumb -o "Core/Src/main.o"
arm-none-eabi-gcc -o "study_stm_1.elf" @"objects.list"   -mcpu=cortex-m4 -T"C:\Program Files\STM32CubeIDE\workspace_1.18.0\study_stm\study_stm_1\STM32F303RETX_FLASH.ld" --specs=nosys.specs -Wl,-Map="study_stm_1.map" -Wl,--gc-sections -static --specs=nano.specs -mfpu=fpv4-sp-d16 -mfloat-abi=hard -mthumb -Wl,--start-group -lc -lm -Wl,--end-group
Finished building target: study_stm_1.elf
 
arm-none-eabi-size  study_stm_1.elf 
arm-none-eabi-objdump -h -S study_stm_1.elf  > "study_stm_1.list"
   text	   data	    bss	    dec	    hex	filename
  18512	     20	   2044	  20576	   5060	study_stm_1.elf
Finished building: default.size.stdout
 
arm-none-eabi-objcopy  -O ihex study_stm_1.elf  "study_stm_1.hex"
Finished building: study_stm_1.list
 
arm-none-eabi-objcopy  -O binary study_stm_1.elf  "study_stm_1.bin"
Finished building: study_stm_1.hex
 
Finished building: study_stm_1.bin
 
17:20:23 **** Build of configuration Debug for project study_stm_1 ****
make -j2 all 
arm-none-eabi-gcc "../Core/Src/main.c" -mcpu=cortex-m4 -std=gnu11 -g3 -DDEBUG -DUSE_HAL_DRIVER -DSTM32F303xE -c -I../Core/Inc -I../Drivers/STM32F3xx_HAL_Driver/Inc/Legacy -I../Drivers/STM32F3xx_HAL_Driver/Inc -I../Drivers/CMSIS/Device/ST/STM32F3xx/Include -I../Drivers/CMSIS/Include -O0 -ffunction-sections -fdata-sections -Wall -fstack-usage -fcyclomatic-complexity -MMD -MP -MF"Core/Src/main.d" -MT"Core/Src/main.o" --specs=nano.specs -mfpu=fpv4-sp-d16 -mfloat-abi=hard -mthumb -o "Core/Src/main.o"
arm-none-eabi-gcc -o "study_stm_1.elf" @"objects.list"   -mcpu=cortex-m4 -T"C:\Program Files\STM32CubeIDE\workspace_1.18.0\study_stm\study_stm_1\STM32F303RETX_FLASH.ld" --specs=nosys.specs -Wl,-Map="study_stm_1.map" -Wl,--gc-sections -static --specs=nano.specs -mfpu=fpv4-sp-d16 -mfloat-abi=hard -mthumb -Wl,--start-group -lc -lm -Wl,--end-group
Finished building target: study_stm_1.elf
 
arm-none-eabi-size  study_stm_1.elf 
arm-none-eabi-objdump -h -S study_stm_1.elf  > "study_stm_1.list"
   text	   data	    bss	    dec	    hex	filename
  18480	     20	   2044	  20544	   5040	study_stm_1.elf
Finished building: default.size.stdout
 
arm-none-eabi-objcopy  -O ihex study_stm_1.elf  "study_stm_1.hex"
Finished building: study_stm_1.hex
 
arm-none-eabi-objcopy  -O binary study_stm_1.elf  "study_stm_1.bin"
Finished building: study_stm_1.bin
 
Finished building: study_stm_1.list
 
16:31:46 **** Build of configuration Debug for project study_stm_1 ****
make -j2 all 
arm-none-eabi-gcc "../Core/Src/main.c" -mcpu=cortex-m4 -std=gnu11 -g3 -DDEBUG -DUSE_HAL_DRIVER -DSTM32F303xE -c -I../Core/Inc -I../Drivers/STM32F3xx_HAL_Driver/Inc/Legacy -I../Drivers/STM32F3xx_HAL_Driver/Inc -I../Drivers/CMSIS/Device/ST/STM32F3xx/Include -I../Drivers/CMSIS/Include -O0 -ffunction-sections -fdata-sections -Wall -fstack-usage -fcyclomatic-complexity -MMD -MP -MF"Core/Src/main.d" -MT"Core/Src/main.o" --specs=nano.specs -mfpu=fpv4-sp-d16 -mfloat-abi=hard -mthumb -o "Core/Src/main.o"
arm-none-eabi-gcc -o "study_stm_1.elf" @"objects.list"   -mcpu=cortex-m4 -T"C:\Program Files\STM32CubeIDE\workspace_1.18.0\study_stm\study_stm_1\STM32F303RETX_FLASH.ld" --specs=nosys.specs -Wl,-Map="study_stm_1.map" -Wl,--gc-sections -static --specs=nano.specs -mfpu=fpv4-sp-d16 -mfloat-abi=hard -mthumb -Wl,--start-group -lc -lm -Wl,--end-group
Finished building target: study_stm_1.elf
 
arm-none-eabi-size  study_stm_1.elf 
arm-none-eabi-objdump -h -S study_stm_1.elf  > "study_stm_1.list"
   text	   data	    bss	    dec	    hex	filename
  18480	     20	   2044	  20544	   5040	study_stm_1.elf
Finished building: default.size.stdout
 
arm-none-eabi-objcopy  -O ihex study_stm_1.elf  "study_stm_1.hex"
Finished building: study_stm_1.hex
 
arm-none-eabi-objcopy  -O binary study_stm_1.elf  "study_stm_1.bin"
Finished building: study_stm_1.bin
 
Finished building: study_stm_1.list
 
16:32:52 **** Incremental Build of configuration Debug for project study_stm_1 ****
make -j2 all 
arm-none-eabi-size  study_stm_1.elf 
   text	   data	    bss	    dec	    hex	filename
  18480	     20	   2044	  20544	   5040	study_stm_1.elf
Finished building: default.size.stdout
 
16:34:53 **** Incremental Build of configuration Debug for project study_stm_1 ****
make -j2 all 
arm-none-eabi-gcc "../Core/Src/main.c" -mcpu=cortex-m4 -std=gnu11 -g3 -DDEBUG -DUSE_HAL_DRIVER -DSTM32F303xE -c -I../Core/Inc -I../Drivers/STM32F3xx_HAL_Driver/Inc/Legacy -I../Drivers/STM32F3xx_HAL_Driver/Inc -I../Drivers/CMSIS/Device/ST/STM32F3xx/Include -I../Drivers/CMSIS/Include -O0 -ffunction-sections -fdata-sections -Wall -fstack-usage -fcyclomatic-complexity -MMD -MP -MF"Core/Src/main.d" -MT"Core/Src/main.o" --specs=nano.specs -mfpu=fpv4-sp-d16 -mfloat-abi=hard -mthumb -o "Core/Src/main.o"
arm-none-eabi-gcc -o "study_stm_1.elf" @"objects.list"   -mcpu=cortex-m4 -T"C:\Program Files\STM32CubeIDE\workspace_1.18.0\study_stm\study_stm_1\STM32F303RETX_FLASH.ld" --specs=nosys.specs -Wl,-Map="study_stm_1.map" -Wl,--gc-sections -static --specs=nano.specs -mfpu=fpv4-sp-d16 -mfloat-abi=hard -mthumb -Wl,--start-group -lc -lm -Wl,--end-group
Finished building target: study_stm_1.elf
 
arm-none-eabi-size  study_stm_1.elf 
arm-none-eabi-objdump -h -S study_stm_1.elf  > "study_stm_1.list"
   text	   data	    bss	    dec	    hex	filename
  18484	     20	   2044	  20548	   5044	study_stm_1.elf
Finished building: default.size.stdout
 
arm-none-eabi-objcopy  -O ihex study_stm_1.elf  "study_stm_1.hex"
Finished building: study_stm_1.list
 
arm-none-eabi-objcopy  -O binary study_stm_1.elf  "study_stm_1.bin"
Finished building: study_stm_1.hex
 
Finished building: study_stm_1.bin
 
16:40:40 **** Incremental Build of configuration Debug for project study_stm_1 ****
make -j2 all 
arm-none-eabi-gcc "../Core/Src/main.c" -mcpu=cortex-m4 -std=gnu11 -g3 -DDEBUG -DUSE_HAL_DRIVER -DSTM32F303xE -c -I../Core/Inc -I../Drivers/STM32F3xx_HAL_Driver/Inc/Legacy -I../Drivers/STM32F3xx_HAL_Driver/Inc -I../Drivers/CMSIS/Device/ST/STM32F3xx/Include -I../Drivers/CMSIS/Include -O0 -ffunction-sections -fdata-sections -Wall -fstack-usage -fcyclomatic-complexity -MMD -MP -MF"Core/Src/main.d" -MT"Core/Src/main.o" --specs=nano.specs -mfpu=fpv4-sp-d16 -mfloat-abi=hard -mthumb -o "Core/Src/main.o"
arm-none-eabi-gcc -o "study_stm_1.elf" @"objects.list"   -mcpu=cortex-m4 -T"C:\Program Files\STM32CubeIDE\workspace_1.18.0\study_stm\study_stm_1\STM32F303RETX_FLASH.ld" --specs=nosys.specs -Wl,-Map="study_stm_1.map" -Wl,--gc-sections -static --specs=nano.specs -mfpu=fpv4-sp-d16 -mfloat-abi=hard -mthumb -Wl,--start-group -lc -lm -Wl,--end-group
Finished building target: study_stm_1.elf
 
arm-none-eabi-size  study_stm_1.elf 
arm-none-eabi-objdump -h -S study_stm_1.elf  > "study_stm_1.list"
   text	   data	    bss	    dec	    hex	filename
  18476	     20	   2044	  20540	   503c	study_stm_1.elf
Finished building: default.size.stdout
 
arm-none-eabi-objcopy  -O ihex study_stm_1.elf  "study_stm_1.hex"
Finished building: study_stm_1.list
Finished building: study_stm_1.hex
 
 
arm-none-eabi-objcopy  -O binary study_stm_1.elf  "study_stm_1.bin"
Finished building: study_stm_1.bin
 
16:40:54 **** Incremental Build of configuration Debug for project study_stm_1 ****
make -j2 all 
arm-none-eabi-size  study_stm_1.elf 
   text	   data	    bss	    dec	    hex	filename
  18476	     20	   2044	  20540	   503c	study_stm_1.elf
Finished building: default.size.stdout
 
16:43:41 **** Incremental Build of configuration Debug for project study_stm_1 ****
make -j2 all 
arm-none-eabi-gcc "../Core/Src/main.c" -mcpu=cortex-m4 -std=gnu11 -g3 -DDEBUG -DUSE_HAL_DRIVER -DSTM32F303xE -c -I../Core/Inc -I../Drivers/STM32F3xx_HAL_Driver/Inc/Legacy -I../Drivers/STM32F3xx_HAL_Driver/Inc -I../Drivers/CMSIS/Device/ST/STM32F3xx/Include -I../Drivers/CMSIS/Include -O0 -ffunction-sections -fdata-sections -Wall -fstack-usage -fcyclomatic-complexity -MMD -MP -MF"Core/Src/main.d" -MT"Core/Src/main.o" --specs=nano.specs -mfpu=fpv4-sp-d16 -mfloat-abi=hard -mthumb -o "Core/Src/main.o"
arm-none-eabi-gcc -o "study_stm_1.elf" @"objects.list"   -mcpu=cortex-m4 -T"C:\Program Files\STM32CubeIDE\workspace_1.18.0\study_stm\study_stm_1\STM32F303RETX_FLASH.ld" --specs=nosys.specs -Wl,-Map="study_stm_1.map" -Wl,--gc-sections -static --specs=nano.specs -mfpu=fpv4-sp-d16 -mfloat-abi=hard -mthumb -Wl,--start-group -lc -lm -Wl,--end-group
Finished building target: study_stm_1.elf
 
arm-none-eabi-size  study_stm_1.elf 
arm-none-eabi-objdump -h -S study_stm_1.elf  > "study_stm_1.list"
   text	   data	    bss	    dec	    hex	filename
  18476	     20	   2044	  20540	   503c	study_stm_1.elf
Finished building: default.size.stdout
 
arm-none-eabi-objcopy  -O ihex study_stm_1.elf  "study_stm_1.hex"
Finished building: study_stm_1.list
 
arm-none-eabi-objcopy  -O binary study_stm_1.elf  "study_stm_1.bin"
Finished building: study_stm_1.hex
 
Finished building: study_stm_1.bin
 
16:51:06 **** Incremental Build of configuration Debug for project study_stm_1 ****
make -j2 all 
arm-none-eabi-gcc "../Core/Src/main.c" -mcpu=cortex-m4 -std=gnu11 -g3 -DDEBUG -DUSE_HAL_DRIVER -DSTM32F303xE -c -I../Core/Inc -I../Drivers/STM32F3xx_HAL_Driver/Inc/Legacy -I../Drivers/STM32F3xx_HAL_Driver/Inc -I../Drivers/CMSIS/Device/ST/STM32F3xx/Include -I../Drivers/CMSIS/Include -O0 -ffunction-sections -fdata-sections -Wall -fstack-usage -fcyclomatic-complexity -MMD -MP -MF"Core/Src/main.d" -MT"Core/Src/main.o" --specs=nano.specs -mfpu=fpv4-sp-d16 -mfloat-abi=hard -mthumb -o "Core/Src/main.o"
arm-none-eabi-gcc -o "study_stm_1.elf" @"objects.list"   -mcpu=cortex-m4 -T"C:\Program Files\STM32CubeIDE\workspace_1.18.0\study_stm\study_stm_1\STM32F303RETX_FLASH.ld" --specs=nosys.specs -Wl,-Map="study_stm_1.map" -Wl,--gc-sections -static --specs=nano.specs -mfpu=fpv4-sp-d16 -mfloat-abi=hard -mthumb -Wl,--start-group -lc -lm -Wl,--end-group
Finished building target: study_stm_1.elf
 
arm-none-eabi-size  study_stm_1.elf 
arm-none-eabi-objdump -h -S study_stm_1.elf  > "study_stm_1.list"
   text	   data	    bss	    dec	    hex	filename
  18452	     20	   2036	  20508	   501c	study_stm_1.elf
Finished building: default.size.stdout
 
arm-none-eabi-objcopy  -O ihex study_stm_1.elf  "study_stm_1.hex"
Finished building: study_stm_1.list
 
arm-none-eabi-objcopy  -O binary study_stm_1.elf  "study_stm_1.bin"
Finished building: study_stm_1.hex
 
Finished building: study_stm_1.bin
 
16:53:57 **** Incremental Build of configuration Debug for project study_stm_1 ****
make -j2 all 
arm-none-eabi-size  study_stm_1.elf 
   text	   data	    bss	    dec	    hex	filename
  18452	     20	   2036	  20508	   501c	study_stm_1.elf
Finished building: default.size.stdout
 
16:58:13 **** Incremental Build of configuration Debug for project study_stm_1 ****
make -j2 all 
arm-none-eabi-gcc "../Core/Src/main.c" -mcpu=cortex-m4 -std=gnu11 -g3 -DDEBUG -DUSE_HAL_DRIVER -DSTM32F303xE -c -I../Core/Inc -I../Drivers/STM32F3xx_HAL_Driver/Inc/Legacy -I../Drivers/STM32F3xx_HAL_Driver/Inc -I../Drivers/CMSIS/Device/ST/STM32F3xx/Include -I../Drivers/CMSIS/Include -O0 -ffunction-sections -fdata-sections -Wall -fstack-usage -fcyclomatic-complexity -MMD -MP -MF"Core/Src/main.d" -MT"Core/Src/main.o" --specs=nano.specs -mfpu=fpv4-sp-d16 -mfloat-abi=hard -mthumb -o "Core/Src/main.o"
arm-none-eabi-gcc -o "study_stm_1.elf" @"objects.list"   -mcpu=cortex-m4 -T"C:\Program Files\STM32CubeIDE\workspace_1.18.0\study_stm\study_stm_1\STM32F303RETX_FLASH.ld" --specs=nosys.specs -Wl,-Map="study_stm_1.map" -Wl,--gc-sections -static --specs=nano.specs -mfpu=fpv4-sp-d16 -mfloat-abi=hard -mthumb -Wl,--start-group -lc -lm -Wl,--end-group
Finished building target: study_stm_1.elf
 
arm-none-eabi-size  study_stm_1.elf 
arm-none-eabi-objdump -h -S study_stm_1.elf  > "study_stm_1.list"
   text	   data	    bss	    dec	    hex	filename
  18452	     16	   2040	  20508	   501c	study_stm_1.elf
Finished building: default.size.stdout
 
arm-none-eabi-objcopy  -O ihex study_stm_1.elf  "study_stm_1.hex"
Finished building: study_stm_1.list
 
arm-none-eabi-objcopy  -O binary study_stm_1.elf  "study_stm_1.bin"
Finished building: study_stm_1.hex
 
Finished building: study_stm_1.bin
 
16:59:37 **** Incremental Build of configuration Debug for project study_stm_1 ****
make -j2 all 
arm-none-eabi-gcc "../Core/Src/main.c" -mcpu=cortex-m4 -std=gnu11 -g3 -DDEBUG -DUSE_HAL_DRIVER -DSTM32F303xE -c -I../Core/Inc -I../Drivers/STM32F3xx_HAL_Driver/Inc/Legacy -I../Drivers/STM32F3xx_HAL_Driver/Inc -I../Drivers/CMSIS/Device/ST/STM32F3xx/Include -I../Drivers/CMSIS/Include -O0 -ffunction-sections -fdata-sections -Wall -fstack-usage -fcyclomatic-complexity -MMD -MP -MF"Core/Src/main.d" -MT"Core/Src/main.o" --specs=nano.specs -mfpu=fpv4-sp-d16 -mfloat-abi=hard -mthumb -o "Core/Src/main.o"
arm-none-eabi-gcc -o "study_stm_1.elf" @"objects.list"   -mcpu=cortex-m4 -T"C:\Program Files\STM32CubeIDE\workspace_1.18.0\study_stm\study_stm_1\STM32F303RETX_FLASH.ld" --specs=nosys.specs -Wl,-Map="study_stm_1.map" -Wl,--gc-sections -static --specs=nano.specs -mfpu=fpv4-sp-d16 -mfloat-abi=hard -mthumb -Wl,--start-group -lc -lm -Wl,--end-group
Finished building target: study_stm_1.elf
 
arm-none-eabi-size  study_stm_1.elf 
arm-none-eabi-objdump -h -S study_stm_1.elf  > "study_stm_1.list"
   text	   data	    bss	    dec	    hex	filename
  18452	     16	   2040	  20508	   501c	study_stm_1.elf
Finished building: default.size.stdout
 
arm-none-eabi-objcopy  -O ihex study_stm_1.elf  "study_stm_1.hex"
Finished building: study_stm_1.list
 
arm-none-eabi-objcopy  -O binary study_stm_1.elf  "study_stm_1.bin"
Finished building: study_stm_1.hex
 
Finished building: study_stm_1.bin
 
17:07:10 **** Incremental Build of configuration Debug for project study_stm_1 ****
make -j2 all 
arm-none-eabi-gcc "../Core/Src/main.c" -mcpu=cortex-m4 -std=gnu11 -g3 -DDEBUG -DUSE_HAL_DRIVER -DSTM32F303xE -c -I../Core/Inc -I../Drivers/STM32F3xx_HAL_Driver/Inc/Legacy -I../Drivers/STM32F3xx_HAL_Driver/Inc -I../Drivers/CMSIS/Device/ST/STM32F3xx/Include -I../Drivers/CMSIS/Include -O0 -ffunction-sections -fdata-sections -Wall -fstack-usage -fcyclomatic-complexity -MMD -MP -MF"Core/Src/main.d" -MT"Core/Src/main.o" --specs=nano.specs -mfpu=fpv4-sp-d16 -mfloat-abi=hard -mthumb -o "Core/Src/main.o"
arm-none-eabi-gcc -o "study_stm_1.elf" @"objects.list"   -mcpu=cortex-m4 -T"C:\Program Files\STM32CubeIDE\workspace_1.18.0\study_stm\study_stm_1\STM32F303RETX_FLASH.ld" --specs=nosys.specs -Wl,-Map="study_stm_1.map" -Wl,--gc-sections -static --specs=nano.specs -mfpu=fpv4-sp-d16 -mfloat-abi=hard -mthumb -Wl,--start-group -lc -lm -Wl,--end-group
Finished building target: study_stm_1.elf
 
arm-none-eabi-size  study_stm_1.elf 
arm-none-eabi-objdump -h -S study_stm_1.elf  > "study_stm_1.list"
   text	   data	    bss	    dec	    hex	filename
  18564	     16	   2040	  20620	   508c	study_stm_1.elf
Finished building: default.size.stdout
 
arm-none-eabi-objcopy  -O ihex study_stm_1.elf  "study_stm_1.hex"
Finished building: study_stm_1.list
 
arm-none-eabi-objcopy  -O binary study_stm_1.elf  "study_stm_1.bin"
Finished building: study_stm_1.hex
 
Finished building: study_stm_1.bin
 
17:17:12 **** Incremental Build of configuration Debug for project study_stm_1 ****
make -j2 all 
arm-none-eabi-gcc "../Core/Src/stm32f3xx_hal_msp.c" -mcpu=cortex-m4 -std=gnu11 -g3 -DDEBUG -DUSE_HAL_DRIVER -DSTM32F303xE -c -I../Core/Inc -I../Drivers/STM32F3xx_HAL_Driver/Inc/Legacy -I../Drivers/STM32F3xx_HAL_Driver/Inc -I../Drivers/CMSIS/Device/ST/STM32F3xx/Include -I../Drivers/CMSIS/Include -O0 -ffunction-sections -fdata-sections -Wall -fstack-usage -fcyclomatic-complexity -MMD -MP -MF"Core/Src/stm32f3xx_hal_msp.d" -MT"Core/Src/stm32f3xx_hal_msp.o" --specs=nano.specs -mfpu=fpv4-sp-d16 -mfloat-abi=hard -mthumb -o "Core/Src/stm32f3xx_hal_msp.o"
arm-none-eabi-gcc "../Core/Src/stm32f3xx_it.c" -mcpu=cortex-m4 -std=gnu11 -g3 -DDEBUG -DUSE_HAL_DRIVER -DSTM32F303xE -c -I../Core/Inc -I../Drivers/STM32F3xx_HAL_Driver/Inc/Legacy -I../Drivers/STM32F3xx_HAL_Driver/Inc -I../Drivers/CMSIS/Device/ST/STM32F3xx/Include -I../Drivers/CMSIS/Include -O0 -ffunction-sections -fdata-sections -Wall -fstack-usage -fcyclomatic-complexity -MMD -MP -MF"Core/Src/stm32f3xx_it.d" -MT"Core/Src/stm32f3xx_it.o" --specs=nano.specs -mfpu=fpv4-sp-d16 -mfloat-abi=hard -mthumb -o "Core/Src/stm32f3xx_it.o"
arm-none-eabi-gcc -o "study_stm_1.elf" @"objects.list"   -mcpu=cortex-m4 -T"C:\Program Files\STM32CubeIDE\workspace_1.18.0\study_stm\study_stm_1\STM32F303RETX_FLASH.ld" --specs=nosys.specs -Wl,-Map="study_stm_1.map" -Wl,--gc-sections -static --specs=nano.specs -mfpu=fpv4-sp-d16 -mfloat-abi=hard -mthumb -Wl,--start-group -lc -lm -Wl,--end-group
Finished building target: study_stm_1.elf
 
arm-none-eabi-size  study_stm_1.elf 
arm-none-eabi-objdump -h -S study_stm_1.elf  > "study_stm_1.list"
   text	   data	    bss	    dec	    hex	filename
  18600	     16	   2040	  20656	   50b0	study_stm_1.elf
Finished building: default.size.stdout
 
arm-none-eabi-objcopy  -O ihex study_stm_1.elf  "study_stm_1.hex"
Finished building: study_stm_1.hex
 
arm-none-eabi-objcopy  -O binary study_stm_1.elf  "study_stm_1.bin"
Finished building: study_stm_1.bin
 
Finished building: study_stm_1.list
 
17:50:12 **** Incremental Build of configuration Debug for project study_stm_1 ****
make -j2 all 
arm-none-eabi-gcc "../Core/Src/main.c" -mcpu=cortex-m4 -std=gnu11 -g3 -DDEBUG -DUSE_HAL_DRIVER -DSTM32F303xE -c -I../Core/Inc -I../Drivers/STM32F3xx_HAL_Driver/Inc/Legacy -I../Drivers/STM32F3xx_HAL_Driver/Inc -I../Drivers/CMSIS/Device/ST/STM32F3xx/Include -I../Drivers/CMSIS/Include -O0 -ffunction-sections -fdata-sections -Wall -fstack-usage -fcyclomatic-complexity -MMD -MP -MF"Core/Src/main.d" -MT"Core/Src/main.o" --specs=nano.specs -mfpu=fpv4-sp-d16 -mfloat-abi=hard -mthumb -o "Core/Src/main.o"
arm-none-eabi-gcc -o "study_stm_1.elf" @"objects.list"   -mcpu=cortex-m4 -T"C:\Program Files\STM32CubeIDE\workspace_1.18.0\study_stm\study_stm_1\STM32F303RETX_FLASH.ld" --specs=nosys.specs -Wl,-Map="study_stm_1.map" -Wl,--gc-sections -static --specs=nano.specs -mfpu=fpv4-sp-d16 -mfloat-abi=hard -mthumb -Wl,--start-group -lc -lm -Wl,--end-group
Finished building target: study_stm_1.elf
 
arm-none-eabi-size  study_stm_1.elf 
arm-none-eabi-objdump -h -S study_stm_1.elf  > "study_stm_1.list"
   text	   data	    bss	    dec	    hex	filename
  18744	     16	   2040	  20800	   5140	study_stm_1.elf
Finished building: default.size.stdout
 
arm-none-eabi-objcopy  -O ihex study_stm_1.elf  "study_stm_1.hex"
Finished building: study_stm_1.list
Finished building: study_stm_1.hex
 
arm-none-eabi-objcopy  -O binary study_stm_1.elf  "study_stm_1.bin"
 
Finished building: study_stm_1.bin
 
17:54:41 **** Incremental Build of configuration Debug for project study_stm_1 ****
make -j2 all 
arm-none-eabi-gcc "../Core/Src/main.c" -mcpu=cortex-m4 -std=gnu11 -g3 -DDEBUG -DUSE_HAL_DRIVER -DSTM32F303xE -c -I../Core/Inc -I../Drivers/STM32F3xx_HAL_Driver/Inc/Legacy -I../Drivers/STM32F3xx_HAL_Driver/Inc -I../Drivers/CMSIS/Device/ST/STM32F3xx/Include -I../Drivers/CMSIS/Include -O0 -ffunction-sections -fdata-sections -Wall -fstack-usage -fcyclomatic-complexity -MMD -MP -MF"Core/Src/main.d" -MT"Core/Src/main.o" --specs=nano.specs -mfpu=fpv4-sp-d16 -mfloat-abi=hard -mthumb -o "Core/Src/main.o"
arm-none-eabi-gcc -o "study_stm_1.elf" @"objects.list"   -mcpu=cortex-m4 -T"C:\Program Files\STM32CubeIDE\workspace_1.18.0\study_stm\study_stm_1\STM32F303RETX_FLASH.ld" --specs=nosys.specs -Wl,-Map="study_stm_1.map" -Wl,--gc-sections -static --specs=nano.specs -mfpu=fpv4-sp-d16 -mfloat-abi=hard -mthumb -Wl,--start-group -lc -lm -Wl,--end-group
Finished building target: study_stm_1.elf
 
arm-none-eabi-size  study_stm_1.elf 
arm-none-eabi-objdump -h -S study_stm_1.elf  > "study_stm_1.list"
   text	   data	    bss	    dec	    hex	filename
  18736	     16	   2040	  20792	   5138	study_stm_1.elf
Finished building: default.size.stdout
 
arm-none-eabi-objcopy  -O ihex study_stm_1.elf  "study_stm_1.hex"
Finished building: study_stm_1.list
 
Finished building: study_stm_1.hex
arm-none-eabi-objcopy  -O binary study_stm_1.elf  "study_stm_1.bin"
 
Finished building: study_stm_1.bin
 
17:59:08 **** Incremental Build of configuration Debug for project study_stm_1 ****
make -j2 all 
arm-none-eabi-gcc "../Core/Src/main.c" -mcpu=cortex-m4 -std=gnu11 -g3 -DDEBUG -DUSE_HAL_DRIVER -DSTM32F303xE -c -I../Core/Inc -I../Drivers/STM32F3xx_HAL_Driver/Inc/Legacy -I../Drivers/STM32F3xx_HAL_Driver/Inc -I../Drivers/CMSIS/Device/ST/STM32F3xx/Include -I../Drivers/CMSIS/Include -O0 -ffunction-sections -fdata-sections -Wall -fstack-usage -fcyclomatic-complexity -MMD -MP -MF"Core/Src/main.d" -MT"Core/Src/main.o" --specs=nano.specs -mfpu=fpv4-sp-d16 -mfloat-abi=hard -mthumb -o "Core/Src/main.o"
arm-none-eabi-gcc -o "study_stm_1.elf" @"objects.list"   -mcpu=cortex-m4 -T"C:\Program Files\STM32CubeIDE\workspace_1.18.0\study_stm\study_stm_1\STM32F303RETX_FLASH.ld" --specs=nosys.specs -Wl,-Map="study_stm_1.map" -Wl,--gc-sections -static --specs=nano.specs -mfpu=fpv4-sp-d16 -mfloat-abi=hard -mthumb -Wl,--start-group -lc -lm -Wl,--end-group
Finished building target: study_stm_1.elf
 
arm-none-eabi-size  study_stm_1.elf 
arm-none-eabi-objdump -h -S study_stm_1.elf  > "study_stm_1.list"
   text	   data	    bss	    dec	    hex	filename
  18712	     16	   2040	  20768	   5120	study_stm_1.elf
Finished building: default.size.stdout
 
arm-none-eabi-objcopy  -O ihex study_stm_1.elf  "study_stm_1.hex"
Finished building: study_stm_1.list
Finished building: study_stm_1.hex
 
 
arm-none-eabi-objcopy  -O binary study_stm_1.elf  "study_stm_1.bin"
Finished building: study_stm_1.bin
 
18:01:46 **** Incremental Build of configuration Debug for project study_stm_1 ****
make -j2 all 
arm-none-eabi-gcc "../Core/Src/main.c" -mcpu=cortex-m4 -std=gnu11 -g3 -DDEBUG -DUSE_HAL_DRIVER -DSTM32F303xE -c -I../Core/Inc -I../Drivers/STM32F3xx_HAL_Driver/Inc/Legacy -I../Drivers/STM32F3xx_HAL_Driver/Inc -I../Drivers/CMSIS/Device/ST/STM32F3xx/Include -I../Drivers/CMSIS/Include -O0 -ffunction-sections -fdata-sections -Wall -fstack-usage -fcyclomatic-complexity -MMD -MP -MF"Core/Src/main.d" -MT"Core/Src/main.o" --specs=nano.specs -mfpu=fpv4-sp-d16 -mfloat-abi=hard -mthumb -o "Core/Src/main.o"
arm-none-eabi-gcc -o "study_stm_1.elf" @"objects.list"   -mcpu=cortex-m4 -T"C:\Program Files\STM32CubeIDE\workspace_1.18.0\study_stm\study_stm_1\STM32F303RETX_FLASH.ld" --specs=nosys.specs -Wl,-Map="study_stm_1.map" -Wl,--gc-sections -static --specs=nano.specs -mfpu=fpv4-sp-d16 -mfloat-abi=hard -mthumb -Wl,--start-group -lc -lm -Wl,--end-group
Finished building target: study_stm_1.elf
 
arm-none-eabi-size  study_stm_1.elf 
arm-none-eabi-objdump -h -S study_stm_1.elf  > "study_stm_1.list"
   text	   data	    bss	    dec	    hex	filename
  18744	     16	   2040	  20800	   5140	study_stm_1.elf
Finished building: default.size.stdout
 
arm-none-eabi-objcopy  -O ihex study_stm_1.elf  "study_stm_1.hex"
Finished building: study_stm_1.list
 
Finished building: study_stm_1.hex
arm-none-eabi-objcopy  -O binary study_stm_1.elf  "study_stm_1.bin"
 
Finished building: study_stm_1.bin
 
18:04:48 **** Incremental Build of configuration Debug for project study_stm_1 ****
make -j2 all 
arm-none-eabi-gcc "../Core/Src/main.c" -mcpu=cortex-m4 -std=gnu11 -g3 -DDEBUG -DUSE_HAL_DRIVER -DSTM32F303xE -c -I../Core/Inc -I../Drivers/STM32F3xx_HAL_Driver/Inc/Legacy -I../Drivers/STM32F3xx_HAL_Driver/Inc -I../Drivers/CMSIS/Device/ST/STM32F3xx/Include -I../Drivers/CMSIS/Include -O0 -ffunction-sections -fdata-sections -Wall -fstack-usage -fcyclomatic-complexity -MMD -MP -MF"Core/Src/main.d" -MT"Core/Src/main.o" --specs=nano.specs -mfpu=fpv4-sp-d16 -mfloat-abi=hard -mthumb -o "Core/Src/main.o"
arm-none-eabi-gcc -o "study_stm_1.elf" @"objects.list"   -mcpu=cortex-m4 -T"C:\Program Files\STM32CubeIDE\workspace_1.18.0\study_stm\study_stm_1\STM32F303RETX_FLASH.ld" --specs=nosys.specs -Wl,-Map="study_stm_1.map" -Wl,--gc-sections -static --specs=nano.specs -mfpu=fpv4-sp-d16 -mfloat-abi=hard -mthumb -Wl,--start-group -lc -lm -Wl,--end-group
Finished building target: study_stm_1.elf
 
arm-none-eabi-size  study_stm_1.elf 
arm-none-eabi-objdump -h -S study_stm_1.elf  > "study_stm_1.list"
   text	   data	    bss	    dec	    hex	filename
  18744	     16	   2040	  20800	   5140	study_stm_1.elf
Finished building: default.size.stdout
 
arm-none-eabi-objcopy  -O ihex study_stm_1.elf  "study_stm_1.hex"
Finished building: study_stm_1.hex
 
arm-none-eabi-objcopy  -O binary study_stm_1.elf  "study_stm_1.bin"
Finished building: study_stm_1.bin
 
Finished building: study_stm_1.list
 
[...]
arm-none-eabi-gcc -o "study_stm_1.elf" @"objects.list"   -mcpu=cortex-m4 -T"C:\Program Files\STM32CubeIDE\workspace_1.18.0\study_stm\study_stm_1\STM32F303RETX_FLASH.ld" --specs=nosys.specs -Wl,-Map="study_stm_1.map" -Wl,--gc-sections -static --specs=nano.specs -mfpu=fpv4-sp-d16 -mfloat-abi=hard -mthumb -Wl,--start-group -lc -lm -Wl,--end-group
Finished building target: study_stm_1.elf
 
arm-none-eabi-size  study_stm_1.elf 
arm-none-eabi-objdump -h -S study_stm_1.elf  > "study_stm_1.list"
   text	   data	    bss	    dec	    hex	filename
  20988	     16	   3848	  24852	   6114	study_stm_1.elf
Finished building: default.size.stdout
 
arm-none-eabi-objcopy  -O ihex study_stm_1.elf  "study_stm_1.hex"
Finished building: study_stm_1.list
 
Finished building: study_stm_1.hex
arm-none-eabi-objcopy  -O binary study_stm_1.elf  "study_stm_1.bin"
 
Finished building: study_stm_1.bin
 
09:55:02 **** Incremental Build of configuration Debug for project study_stm_1 ****
make -j2 all 
arm-none-eabi-gcc "../Core/Src/main.c" -mcpu=cortex-m4 -std=gnu11 -g3 -DDEBUG -DUSE_HAL_DRIVER -DSTM32F303xE -c -I../Core/Inc -I../Drivers/STM32F3xx_HAL_Driver/Inc/Legacy -I../Drivers/STM32F3xx_HAL_Driver/Inc -I../Drivers/CMSIS/Device/ST/STM32F3xx/Include -I../Drivers/CMSIS/Include -O0 -ffunction-sections -fdata-sections -Wall -fstack-usage -fcyclomatic-complexity -MMD -MP -MF"Core/Src/main.d" -MT"Core/Src/main.o" --specs=nano.specs -mfpu=fpv4-sp-d16 -mfloat-abi=hard -mthumb -o "Core/Src/main.o"
arm-none-eabi-gcc -o "study_stm_1.elf" @"objects.list"   -mcpu=cortex-m4 -T"C:\Program Files\STM32CubeIDE\workspace_1.18.0\study_stm\study_stm_1\STM32F303RETX_FLASH.ld" --specs=nosys.specs -Wl,-Map="study_stm_1.map" -Wl,--gc-sections -static --specs=nano.specs -mfpu=fpv4-sp-d16 -mfloat-abi=hard -mthumb -Wl,--start-group -lc -lm -Wl,--end-group
Finished building target: study_stm_1.elf
 
arm-none-eabi-size  study_stm_1.elf 
arm-none-eabi-objdump -h -S study_stm_1.elf  > "study_stm_1.list"
   text	   data	    bss	    dec	    hex	filename
  20988	     16	   3848	  24852	   6114	study_stm_1.elf
Finished building: default.size.stdout
 
arm-none-eabi-objcopy  -O ihex study_stm_1.elf  "study_stm_1.hex"
Finished building: study_stm_1.hex
 
arm-none-eabi-objcopy  -O binary study_stm_1.elf  "study_stm_1.bin"
Finished building: study_stm_1.bin
Finished building: study_stm_1.list
 
 
11:28:51 **** Incremental Build of configuration Debug for project study_stm_1 ****
make -j2 all 
arm-none-eabi-gcc "../Core/Src/main.c" -mcpu=cortex-m4 -std=gnu11 -g3 -DDEBUG -DUSE_HAL_DRIVER -DSTM32F303xE -c -I../Core/Inc -I../Drivers/STM32F3xx_HAL_Driver/Inc/Legacy -I../Drivers/STM32F3xx_HAL_Driver/Inc -I../Drivers/CMSIS/Device/ST/STM32F3xx/Include -I../Drivers/CMSIS/Include -O0 -ffunction-sections -fdata-sections -Wall -fstack-usage -fcyclomatic-complexity -MMD -MP -MF"Core/Src/main.d" -MT"Core/Src/main.o" --specs=nano.specs -mfpu=fpv4-sp-d16 -mfloat-abi=hard -mthumb -o "Core/Src/main.o"
arm-none-eabi-gcc -o "study_stm_1.elf" @"objects.list"   -mcpu=cortex-m4 -T"C:\Program Files\STM32CubeIDE\workspace_1.18.0\study_stm\study_stm_1\STM32F303RETX_FLASH.ld" --specs=nosys.specs -Wl,-Map="study_stm_1.map" -Wl,--gc-sections -static --specs=nano.specs -mfpu=fpv4-sp-d16 -mfloat-abi=hard -mthumb -Wl,--start-group -lc -lm -Wl,--end-group
Finished building target: study_stm_1.elf
 
arm-none-eabi-size  study_stm_1.elf 
arm-none-eabi-objdump -h -S study_stm_1.elf  > "study_stm_1.list"
   text	   data	    bss	    dec	    hex	filename
  20988	     16	   3848	  24852	   6114	study_stm_1.elf
Finished building: default.size.stdout
 
arm-none-eabi-objcopy  -O ihex study_stm_1.elf  "study_stm_1.hex"
Finished building: study_stm_1.hex
 
arm-none-eabi-objcopy  -O binary study_stm_1.elf  "study_stm_1.bin"
Finished building: study_stm_1.bin
 
Finished building: study_stm_1.list
 
11:38:15 **** Incremental Build of configuration Debug for project study_stm_1 ****
make -j2 all 
arm-none-eabi-gcc "../Core/Src/main.c" -mcpu=cortex-m4 -std=gnu11 -g3 -DDEBUG -DUSE_HAL_DRIVER -DSTM32F303xE -c -I../Core/Inc -I../Drivers/STM32F3xx_HAL_Driver/Inc/Legacy -I../Drivers/STM32F3xx_HAL_Driver/Inc -I../Drivers/CMSIS/Device/ST/STM32F3xx/Include -I../Drivers/CMSIS/Include -O0 -ffunction-sections -fdata-sections -Wall -fstack-usage -fcyclomatic-complexity -MMD -MP -MF"Core/Src/main.d" -MT"Core/Src/main.o" --specs=nano.specs -mfpu=fpv4-sp-d16 -mfloat-abi=hard -mthumb -o "Core/Src/main.o"
arm-none-eabi-gcc -o "study_stm_1.elf" @"objects.list"   -mcpu=cortex-m4 -T"C:\Program Files\STM32CubeIDE\workspace_1.18.0\study_stm\study_stm_1\STM32F303RETX_FLASH.ld" --specs=nosys.specs -Wl,-Map="study_stm_1.map" -Wl,--gc-sections -static --specs=nano.specs -mfpu=fpv4-sp-d16 -mfloat-abi=hard -mthumb -Wl,--start-group -lc -lm -Wl,--end-group
Finished building target: study_stm_1.elf
 
arm-none-eabi-size  study_stm_1.elf 
arm-none-eabi-objdump -h -S study_stm_1.elf  > "study_stm_1.list"
   text	   data	    bss	    dec	    hex	filename
  21020	     16	   3848	  24884	   6134	study_stm_1.elf
Finished building: default.size.stdout
 
arm-none-eabi-objcopy  -O ihex study_stm_1.elf  "study_stm_1.hex"
Finished building: study_stm_1.list
 
Finished building: study_stm_1.hex
arm-none-eabi-objcopy  -O binary study_stm_1.elf  "study_stm_1.bin"
 
Finished building: study_stm_1.bin
 
11:41:53 **** Incremental Build of configuration Debug for project study_stm_1 ****
make -j2 all 
arm-none-eabi-gcc "../Core/Src/main.c" -mcpu=cortex-m4 -std=gnu11 -g3 -DDEBUG -DUSE_HAL_DRIVER -DSTM32F303xE -c -I../Core/Inc -I../Drivers/STM32F3xx_HAL_Driver/Inc/Legacy -I../Drivers/STM32F3xx_HAL_Driver/Inc -I../Drivers/CMSIS/Device/ST/STM32F3xx/Include -I../Drivers/CMSIS/Include -O0 -ffunction-sections -fdata-sections -Wall -fstack-usage -fcyclomatic-complexity -MMD -MP -MF"Core/Src/main.d" -MT"Core/Src/main.o" --specs=nano.specs -mfpu=fpv4-sp-d16 -mfloat-abi=hard -mthumb -o "Core/Src/main.o"
arm-none-eabi-gcc -o "study_stm_1.elf" @"objects.list"   -mcpu=cortex-m4 -T"C:\Program Files\STM32CubeIDE\workspace_1.18.0\study_stm\study_stm_1\STM32F303RETX_FLASH.ld" --specs=nosys.specs -Wl,-Map="study_stm_1.map" -Wl,--gc-sections -static --specs=nano.specs -mfpu=fpv4-sp-d16 -mfloat-abi=hard -mthumb -Wl,--start-group -lc -lm -Wl,--end-group
Finished building target: study_stm_1.elf
 
arm-none-eabi-size  study_stm_1.elf 
arm-none-eabi-objdump -h -S study_stm_1.elf  > "study_stm_1.list"
   text	   data	    bss	    dec	    hex	filename
  20996	     16	   3848	  24860	   611c	study_stm_1.elf
Finished building: default.size.stdout
 
arm-none-eabi-objcopy  -O ihex study_stm_1.elf  "study_stm_1.hex"
Finished building: study_stm_1.list
 
Finished building: study_stm_1.hex
arm-none-eabi-objcopy  -O binary study_stm_1.elf  "study_stm_1.bin"
 
Finished building: study_stm_1.bin
 
11:55:07 **** Incremental Build of configuration Debug for project study_stm_1 ****
make -j2 all 
arm-none-eabi-gcc "../Core/Src/main.c" -mcpu=cortex-m4 -std=gnu11 -g3 -DDEBUG -DUSE_HAL_DRIVER -DSTM32F303xE -c -I../Core/Inc -I../Drivers/STM32F3xx_HAL_Driver/Inc/Legacy -I../Drivers/STM32F3xx_HAL_Driver/Inc -I../Drivers/CMSIS/Device/ST/STM32F3xx/Include -I../Drivers/CMSIS/Include -O0 -ffunction-sections -fdata-sections -Wall -fstack-usage -fcyclomatic-complexity -MMD -MP -MF"Core/Src/main.d" -MT"Core/Src/main.o" --specs=nano.specs -mfpu=fpv4-sp-d16 -mfloat-abi=hard -mthumb -o "Core/Src/main.o"
arm-none-eabi-gcc -o "study_stm_1.elf" @"objects.list"   -mcpu=cortex-m4 -T"C:\Program Files\STM32CubeIDE\workspace_1.18.0\study_stm\study_stm_1\STM32F303RETX_FLASH.ld" --specs=nosys.specs -Wl,-Map="study_stm_1.map" -Wl,--gc-sections -static --specs=nano.specs -mfpu=fpv4-sp-d16 -mfloat-abi=hard -mthumb -Wl,--start-group -lc -lm -Wl,--end-group
Finished building target: study_stm_1.elf
 
arm-none-eabi-size  study_stm_1.elf 
arm-none-eabi-objdump -h -S study_stm_1.elf  > "study_stm_1.list"
   text	   data	    bss	    dec	    hex	filename
  20996	     16	   3848	  24860	   611c	study_stm_1.elf
Finished building: default.size.stdout
 
arm-none-eabi-objcopy  -O ihex study_stm_1.elf  "study_stm_1.hex"
Finished building: study_stm_1.hex
 
arm-none-eabi-objcopy  -O binary study_stm_1.elf  "study_stm_1.bin"
Finished building: study_stm_1.bin
 
Finished building: study_stm_1.list
 
12:00:18 **** Incremental Build of configuration Debug for project study_stm_1 ****
make -j2 all 
arm-none-eabi-gcc "../Core/Src/main.c" -mcpu=cortex-m4 -std=gnu11 -g3 -DDEBUG -DUSE_HAL_DRIVER -DSTM32F303xE -c -I../Core/Inc -I../Drivers/STM32F3xx_HAL_Driver/Inc/Legacy -I../Drivers/STM32F3xx_HAL_Driver/Inc -I../Drivers/CMSIS/Device/ST/STM32F3xx/Include -I../Drivers/CMSIS/Include -O0 -ffunction-sections -fdata-sections -Wall -fstack-usage -fcyclomatic-complexity -MMD -MP -MF"Core/Src/main.d" -MT"Core/Src/main.o" --specs=nano.specs -mfpu=fpv4-sp-d16 -mfloat-abi=hard -mthumb -o "Core/Src/main.o"
arm-none-eabi-gcc -o "study_stm_1.elf" @"objects.list"   -mcpu=cortex-m4 -T"C:\Program Files\STM32CubeIDE\workspace_1.18.0\study_stm\study_stm_1\STM32F303RETX_FLASH.ld" --specs=nosys.specs -Wl,-Map="study_stm_1.map" -Wl,--gc-sections -static --specs=nano.specs -mfpu=fpv4-sp-d16 -mfloat-abi=hard -mthumb -Wl,--start-group -lc -lm -Wl,--end-group
Finished building target: study_stm_1.elf
 
arm-none-eabi-size  study_stm_1.elf 
arm-none-eabi-objdump -h -S study_stm_1.elf  > "study_stm_1.list"
   text	   data	    bss	    dec	    hex	filename
  20996	     16	   3848	  24860	   611c	study_stm_1.elf
Finished building: default.size.stdout
 
arm-none-eabi-objcopy  -O ihex study_stm_1.elf  "study_stm_1.hex"
Finished building: study_stm_1.list
 
Finished building: study_stm_1.hex
arm-none-eabi-objcopy  -O binary study_stm_1.elf  "study_stm_1.bin"
 
Finished building: study_stm_1.bin
 
15:18:41 **** Incremental Build of configuration Debug for project study_stm_1 ****
make -j2 all 
arm-none-eabi-gcc "../Core/Src/main.c" -mcpu=cortex-m4 -std=gnu11 -g3 -DDEBUG -DUSE_HAL_DRIVER -DSTM32F303xE -c -I../Core/Inc -I../Drivers/STM32F3xx_HAL_Driver/Inc/Legacy -I../Drivers/STM32F3xx_HAL_Driver/Inc -I../Drivers/CMSIS/Device/ST/STM32F3xx/Include -I../Drivers/CMSIS/Include -O0 -ffunction-sections -fdata-sections -Wall -fstack-usage -fcyclomatic-complexity -MMD -MP -MF"Core/Src/main.d" -MT"Core/Src/main.o" --specs=nano.specs -mfpu=fpv4-sp-d16 -mfloat-abi=hard -mthumb -o "Core/Src/main.o"
arm-none-eabi-gcc "../Core/Src/stm32f3xx_hal_msp.c" -mcpu=cortex-m4 -std=gnu11 -g3 -DDEBUG -DUSE_HAL_DRIVER -DSTM32F303xE -c -I../Core/Inc -I../Drivers/STM32F3xx_HAL_Driver/Inc/Legacy -I../Drivers/STM32F3xx_HAL_Driver/Inc -I../Drivers/CMSIS/Device/ST/STM32F3xx/Include -I../Drivers/CMSIS/Include -O0 -ffunction-sections -fdata-sections -Wall -fstack-usage -fcyclomatic-complexity -MMD -MP -MF"Core/Src/stm32f3xx_hal_msp.d" -MT"Core/Src/stm32f3xx_hal_msp.o" --specs=nano.specs -mfpu=fpv4-sp-d16 -mfloat-abi=hard -mthumb -o "Core/Src/stm32f3xx_hal_msp.o"
arm-none-eabi-gcc "../Core/Src/stm32f3xx_it.c" -mcpu=cortex-m4 -std=gnu11 -g3 -DDEBUG -DUSE_HAL_DRIVER -DSTM32F303xE -c -I../Core/Inc -I../Drivers/STM32F3xx_HAL_Driver/Inc/Legacy -I../Drivers/STM32F3xx_HAL_Driver/Inc -I../Drivers/CMSIS/Device/ST/STM32F3xx/Include -I../Drivers/CMSIS/Include -O0 -ffunction-sections -fdata-sections -Wall -fstack-usage -fcyclomatic-complexity -MMD -MP -MF"Core/Src/stm32f3xx_it.d" -MT"Core/Src/stm32f3xx_it.o" --specs=nano.specs -mfpu=fpv4-sp-d16 -mfloat-abi=hard -mthumb -o "Core/Src/stm32f3xx_it.o"
arm-none-eabi-gcc -o "study_stm_1.elf" @"objects.list"   -mcpu=cortex-m4 -T"C:\Program Files\STM32CubeIDE\workspace_1.18.0\study_stm\study_stm_1\STM32F303RETX_FLASH.ld" --specs=nosys.specs -Wl,-Map="study_stm_1.map" -Wl,--gc-sections -static --specs=nano.specs -mfpu=fpv4-sp-d16 -mfloat-abi=hard -mthumb -Wl,--start-group -lc -lm -Wl,--end-group
Finished building target: study_stm_1.elf
 
arm-none-eabi-size  study_stm_1.elf 
arm-none-eabi-objdump -h -S study_stm_1.elf  > "study_stm_1.list"
   text	   data	    bss	    dec	    hex	filename
  21400	     16	   3920	  25336	   62f8	study_stm_1.elf
Finished building: default.size.stdout
 
arm-none-eabi-objcopy  -O ihex study_stm_1.elf  "study_stm_1.hex"
Finished building: study_stm_1.hex
 
arm-none-eabi-objcopy  -O binary study_stm_1.elf  "study_stm_1.bin"
Finished building: study_stm_1.bin
 
Finished building: study_stm_1.list
 
15:29:20 **** Incremental Build of configuration Debug for project study_stm_1 ****
make -j2 all 
arm-none-eabi-gcc "../Core/Src/main.c" -mcpu=cortex-m4 -std=gnu11 -g3 -DDEBUG -DUSE_HAL_DRIVER -DSTM32F303xE -c -I../Core/Inc -I../Drivers/STM32F3xx_HAL_Driver/Inc/Legacy -I../Drivers/STM32F3xx_HAL_Driver/Inc -I../Drivers/CMSIS/Device/ST/STM32F3xx/Include -I../Drivers/CMSIS/Include -O0 -ffunction-sections -fdata-sections -Wall -fstack-usage -fcyclomatic-complexity -MMD -MP -MF"Core/Src/main.d" -MT"Core/Src/main.o" --specs=nano.specs -mfpu=fpv4-sp-d16 -mfloat-abi=hard -mthumb -o "Core/Src/main.o"
arm-none-eabi-gcc -o "study_stm_1.elf" @"objects.list"   -mcpu=cortex-m4 -T"C:\Program Files\STM32CubeIDE\workspace_1.18.0\study_stm\study_stm_1\STM32F303RETX_FLASH.ld" --specs=nosys.specs -Wl,-Map="study_stm_1.map" -Wl,--gc-sections -static --specs=nano.specs -mfpu=fpv4-sp-d16 -mfloat-abi=hard -mthumb -Wl,--start-group -lc -lm -Wl,--end-group
Finished building target: study_stm_1.elf
 
arm-none-eabi-size  study_stm_1.elf 
arm-none-eabi-objdump -h -S study_stm_1.elf  > "study_stm_1.list"
   text	   data	    bss	    dec	    hex	filename
  21388	     16	   3920	  25324	   62ec	study_stm_1.elf
Finished building: default.size.stdout
 
arm-none-eabi-objcopy  -O ihex study_stm_1.elf  "study_stm_1.hex"
Finished building: study_stm_1.list
 
arm-none-eabi-objcopy  -O binary study_stm_1.elf  "study_stm_1.bin"
Finished building: study_stm_1.hex
Finished building: study_stm_1.bin
 
 
15:45:07 **** Incremental Build of configuration Debug for project study_stm_1 ****
make -j2 all 
arm-none-eabi-gcc "../Core/Src/main.c" -mcpu=cortex-m4 -std=gnu11 -g3 -DDEBUG -DUSE_HAL_DRIVER -DSTM32F303xE -c -I../Core/Inc -I../Drivers/STM32F3xx_HAL_Driver/Inc/Legacy -I../Drivers/STM32F3xx_HAL_Driver/Inc -I../Drivers/CMSIS/Device/ST/STM32F3xx/Include -I../Drivers/CMSIS/Include -O0 -ffunction-sections -fdata-sections -Wall -fstack-usage -fcyclomatic-complexity -MMD -MP -MF"Core/Src/main.d" -MT"Core/Src/main.o" --specs=nano.specs -mfpu=fpv4-sp-d16 -mfloat-abi=hard -mthumb -o "Core/Src/main.o"
arm-none-eabi-gcc -o "study_stm_1.elf" @"objects.list"   -mcpu=cortex-m4 -T"C:\Program Files\STM32CubeIDE\workspace_1.18.0\study_stm\study_stm_1\STM32F303RETX_FLASH.ld" --specs=nosys.specs -Wl,-Map="study_stm_1.map" -Wl,--gc-sections -static --specs=nano.specs -mfpu=fpv4-sp-d16 -mfloat-abi=hard -mthumb -Wl,--start-group -lc -lm -Wl,--end-group
Finished building target: study_stm_1.elf
 
arm-none-eabi-size  study_stm_1.elf 
arm-none-eabi-objdump -h -S study_stm_1.elf  > "study_stm_1.list"
   text	   data	    bss	    dec	    hex	filename
  21388	     16	   3920	  25324	   62ec	study_stm_1.elf
Finished building: default.size.stdout
 
arm-none-eabi-objcopy  -O ihex study_stm_1.elf  "study_stm_1.hex"
Finished building: study_stm_1.list
 
arm-none-eabi-objcopy  -O binary study_stm_1.elf  "study_stm_1.bin"
Finished building: study_stm_1.hex
 
Finished building: study_stm_1.bin
 
16:02:46 **** Incremental Build of configuration Debug for project study_stm_1 ****
make -j2 all 
arm-none-eabi-gcc "../Core/Src/main.c" -mcpu=cortex-m4 -std=gnu11 -g3 -DDEBUG -DUSE_HAL_DRIVER -DSTM32F303xE -c -I../Core/Inc -I../Drivers/STM32F3xx_HAL_Driver/Inc/Legacy -I../Drivers/STM32F3xx_HAL_Driver/Inc -I../Drivers/CMSIS/Device/ST/STM32F3xx/Include -I../Drivers/CMSIS/Include -O0 -ffunction-sections -fdata-sections -Wall -fstack-usage -fcyclomatic-complexity -MMD -MP -MF"Core/Src/main.d" -MT"Core/Src/main.o" --specs=nano.specs -mfpu=fpv4-sp-d16 -mfloat-abi=hard -mthumb -o "Core/Src/main.o"
arm-none-eabi-gcc -o "study_stm_1.elf" @"objects.list"   -mcpu=cortex-m4 -T"C:\Program Files\STM32CubeIDE\workspace_1.18.0\study_stm\study_stm_1\STM32F303RETX_FLASH.ld" --specs=nosys.specs -Wl,-Map="study_stm_1.map" -Wl,--gc-sections -static --specs=nano.specs -mfpu=fpv4-sp-d16 -mfloat-abi=hard -mthumb -Wl,--start-group -lc -lm -Wl,--end-group
Finished building target: study_stm_1.elf
 
arm-none-eabi-size  study_stm_1.elf 
arm-none-eabi-objdump -h -S study_stm_1.elf  > "study_stm_1.list"
   text	   data	    bss	    dec	    hex	filename
  21400	     16	   3928	  25344	   6300	study_stm_1.elf
Finished building: default.size.stdout
 
arm-none-eabi-objcopy  -O ihex study_stm_1.elf  "study_stm_1.hex"
Finished building: study_stm_1.list
 
arm-none-eabi-objcopy  -O binary study_stm_1.elf  "study_stm_1.bin"
Finished building: study_stm_1.hex
 
Finished building: study_stm_1.bin
 
16:11:30 **** Incremental Build of configuration Debug for project study_stm_1 ****
make -j2 all 
arm-none-eabi-gcc "../Core/Src/main.c" -mcpu=cortex-m4 -std=gnu11 -g3 -DDEBUG -DUSE_HAL_DRIVER -DSTM32F303xE -c -I../Core/Inc -I../Drivers/STM32F3xx_HAL_Driver/Inc/Legacy -I../Drivers/STM32F3xx_HAL_Driver/Inc -I../Drivers/CMSIS/Device/ST/STM32F3xx/Include -I../Drivers/CMSIS/Include -O0 -ffunction-sections -fdata-sections -Wall -fstack-usage -fcyclomatic-complexity -MMD -MP -MF"Core/Src/main.d" -MT"Core/Src/main.o" --specs=nano.specs -mfpu=fpv4-sp-d16 -mfloat-abi=hard -mthumb -o "Core/Src/main.o"
arm-none-eabi-gcc -o "study_stm_1.elf" @"objects.list"   -mcpu=cortex-m4 -T"C:\Program Files\STM32CubeIDE\workspace_1.18.0\study_stm\study_stm_1\STM32F303RETX_FLASH.ld" --specs=nosys.specs -Wl,-Map="study_stm_1.map" -Wl,--gc-sections -static --specs=nano.specs -mfpu=fpv4-sp-d16 -mfloat-abi=hard -mthumb -Wl,--start-group -lc -lm -Wl,--end-group
Finished building target: study_stm_1.elf
 
arm-none-eabi-size  study_stm_1.elf 
arm-none-eabi-objdump -h -S study_stm_1.elf  > "study_stm_1.list"
   text	   data	    bss	    dec	    hex	filename
  21436	     16	   3928	  25380	   6324	study_stm_1.elf
Finished building: default.size.stdout
 
arm-none-eabi-objcopy  -O ihex study_stm_1.elf  "study_stm_1.hex"
Finished building: study_stm_1.list
 
Finished building: study_stm_1.hex
arm-none-eabi-objcopy  -O binary study_stm_1.elf  "study_stm_1.bin"
 
Finished building: study_stm_1.bin
 
16:25:26 **** Incremental Build of configuration Debug for project study_stm_1 ****
make -j2 all 
arm-none-eabi-gcc "../Core/Src/main.c" -mcpu=cortex-m4 -std=gnu11 -g3 -DDEBUG -DUSE_HAL_DRIVER -DSTM32F303xE -c -I../Core/Inc -I../Drivers/STM32F3xx_HAL_Driver/Inc/Legacy -I../Drivers/STM32F3xx_HAL_Driver/Inc -I../Drivers/CMSIS/Device/ST/STM32F3xx/Include -I../Drivers/CMSIS/Include -O0 -ffunction-sections -fdata-sections -Wall -fstack-usage -fcyclomatic-complexity -MMD -MP -MF"Core/Src/main.d" -MT"Core/Src/main.o" --specs=nano.specs -mfpu=fpv4-sp-d16 -mfloat-abi=hard -mthumb -o "Core/Src/main.o"
arm-none-eabi-gcc -o "study_stm_1.elf" @"objects.list"   -mcpu=cortex-m4 -T"C:\Program Files\STM32CubeIDE\workspace_1.18.0\study_stm\study_stm_1\STM32F303RETX_FLASH.ld" --specs=nosys.specs -Wl,-Map="study_stm_1.map" -Wl,--gc-sections -static --specs=nano.specs -mfpu=fpv4-sp-d16 -mfloat-abi=hard -mthumb -Wl,--start-group -lc -lm -Wl,--end-group
Finished building target: study_stm_1.elf
 
arm-none-eabi-size  study_stm_1.elf 
arm-none-eabi-objdump -h -S study_stm_1.elf  > "study_stm_1.list"
   text	   data	    bss	    dec	    hex	filename
  21444	     16	   3928	  25388	   632c	study_stm_1.elf
Finished building: default.size.stdout
 
arm-none-eabi-objcopy  -O ihex study_stm_1.elf  "study_stm_1.hex"
Finished building: study_stm_1.list
 
Finished building: study_stm_1.hex
arm-none-eabi-objcopy  -O binary study_stm_1.elf  "study_stm_1.bin"
 
Finished building: study_stm_1.bin
 
