18:04:48 **** Incremental Build of configuration Debug for project study_stm_1 ****
make -j2 all 
arm-none-eabi-gcc "../Core/Src/main.c" -mcpu=cortex-m4 -std=gnu11 -g3 -DDEBUG -DUSE_HAL_DRIVER -DSTM32F303xE -c -I../Core/Inc -I../Drivers/STM32F3xx_HAL_Driver/Inc/Legacy -I../Drivers/STM32F3xx_HAL_Driver/Inc -I../Drivers/CMSIS/Device/ST/STM32F3xx/Include -I../Drivers/CMSIS/Include -O0 -ffunction-sections -fdata-sections -Wall -fstack-usage -fcyclomatic-complexity -MMD -MP -MF"Core/Src/main.d" -MT"Core/Src/main.o" --specs=nano.specs -mfpu=fpv4-sp-d16 -mfloat-abi=hard -mthumb -o "Core/Src/main.o"
arm-none-eabi-gcc -o "study_stm_1.elf" @"objects.list"   -mcpu=cortex-m4 -T"C:\Program Files\STM32CubeIDE\workspace_1.18.0\study_stm\study_stm_1\STM32F303RETX_FLASH.ld" --specs=nosys.specs -Wl,-Map="study_stm_1.map" -Wl,--gc-sections -static --specs=nano.specs -mfpu=fpv4-sp-d16 -mfloat-abi=hard -mthumb -Wl,--start-group -lc -lm -Wl,--end-group
Finished building target: study_stm_1.elf
 
arm-none-eabi-size  study_stm_1.elf 
arm-none-eabi-objdump -h -S study_stm_1.elf  > "study_stm_1.list"
   text	   data	    bss	    dec	    hex	filename
  18744	     16	   2040	  20800	   5140	study_stm_1.elf
Finished building: default.size.stdout
 
arm-none-eabi-objcopy  -O ihex study_stm_1.elf  "study_stm_1.hex"
Finished building: study_stm_1.hex
 
arm-none-eabi-objcopy  -O binary study_stm_1.elf  "study_stm_1.bin"
Finished building: study_stm_1.bin
 
Finished building: study_stm_1.list
 

18:04:55 Build Finished. 0 errors, 0 warnings. (took 6s.993ms)

